<?xml version="1.0" encoding="utf-8"?>
<TestRun id="0f66e692-a9c2-47f8-9c14-d1ee956a5418" name="@0219cafc2f25 2026-08-07 18:38:54" xmlns="http://microsoft.com/schemas/VisualStudio/TeamTest/2010">
  <Times creation="2026-08-07T18:38:54.7177491+00:00" queuing="2026-08-07T18:38:54.7177492+00:00" start="2026-08-07T18:38:53.8536855+00:00" finish="2026-08-07T18:38:54.7216304+00:00" />
  <TestSettings name="default" id="9bceab20-89ce-4aec-85e6-4a7e0a9185fe">
    <Deployment runDeploymentRoot="_0219cafc2f25_2026-08-07_18_38_54" />
  </TestSettings>
  <Results>
    <UnitTestResult executionId="116bcbd2-698d-4b6a-935f-1c122b01efa7" testId="07d9bcc8-4827-2c61-c702-bdc5057fc2bc" testName="HandleAsync_WithNoComponents_ReturnsOkWithEmptyList" computerName="0219cafc2f25" duration="00:00:00.0011530" startTime="2026-08-07T18:38:54.5347786+00:00" endTime="2026-08-07T18:38:54.5359313+00:00" testType="13cdc9d9-ddb5-4fa4-a97d-d965ccfc6d4b" outcome="Passed" testListId="8c84fa94-04c1-424b-9868-57a2d4851a1d" relativeResultsDirectory="116bcbd2-698d-4b6a-935f-1c122b01efa7" />
    <UnitTestResult executionId="2e43ad3e-e0f5-43dd-8356-7457672a27b8" testId="6573f36c-f86a-9fba-7ab5-4eadc33bb831" testName="Constructor_WithComponents_CreatesResponse" computerName="0219cafc2f25" duration="00:00:00.0000630" startTime="2026-08-07T18:38:54.5408604+00:00" endTime="2026-08-07T18:38:54.5409234+00:00" testType="13cdc9d9-ddb5-4fa4-a97d-d965ccfc6d4b" outcome="Passed" testListId="8c84fa94-04c1-424b-9868-57a2d4851a1d" relativeResultsDirectory="2e43ad3e-e0f5-43dd-8356-7457672a27b8" />
    <UnitTestResult executionId="f20af949-8eb3-4b18-a81e-0a1974c3cb50" testId="8b615a02-47ca-3b87-34e9-89e51ffb124d" testName="HandleAsync_WithComponents_ReturnsOkResponse" computerName="0219cafc2f25" duration="00:00:00.0404830" startTime="2026-08-07T18:38:54.4913963+00:00" endTime="2026-08-07T18:38:54.5318503+00:00" testType="13cdc9d9-ddb5-4fa4-a97d-d965ccfc6d4b" outcome="Passed" testListId="8c84fa94-04c1-424b-9868-57a2d4851a1d" relativeResultsDirectory="f20af949-8eb3-4b18-a81e-0a1974c3cb50" />
    <UnitTestResult executionId="869630c1-09ef-4b83-9ed8-15476a56081c" testId="15f4397a-2686-9cf1-d39d-809a2ce624cf" testName="HandleAsync_WithInvalidId_ReturnsBadRequest" computerName="0219cafc2f25" duration="00:00:00.0022220" startTime="2026-08-07T18:38:54.5325342+00:00" endTime="2026-08-07T18:38:54.5347559+00:00" testType="13cdc9d9-ddb5-4fa4-a97d-d965ccfc6d4b" outcome="Passed" testListId="8c84fa94-04c1-424b-9868-57a2d4851a1d" relativeResultsDirectory="869630c1-09ef-4b83-9ed8-15476a56081c" />
    <UnitTestResult executionId="7684b5d6-18bb-4046-bc22-58a7fc36dcde" testId="cae57d64-37bb-7458-7272-395ca695e677" testName="HandleAsync_WithNonExistentId_ReturnsNotFound" computerName="0219cafc2f25" duration="00:00:00.0040190" startTime="2026-08-07T18:38:54.5359386+00:00" endTime="2026-08-07T18:38:54.5399571+00:00" testType="13cdc9d9-ddb5-4fa4-a97d-d965ccfc6d4b" outcome="Passed" testListId="8c84fa94-04c1-424b-9868-57a2d4851a1d" relativeResultsDirectory="7684b5d6-18bb-4046-bc22-58a7fc36dcde" />
    <UnitTestResult executionId="42aa89aa-4375-49c1-be2b-bc48c63653a4" testId="5f82f7dc-b0c1-ba54-324f-8930343a1737" testName="Constructor_WithValidParameters_CreatesDto" computerName="0219cafc2f25" duration="00:00:00.0000830" startTime="2026-08-07T18:38:54.5409938+00:00" endTime="2026-08-07T18:38:54.5410767+00:00" testType="13cdc9d9-ddb5-4fa4-a97d-d965ccfc6d4b" outcome="Passed" testListId="8c84fa94-04c1-424b-9868-57a2d4851a1d" relativeResultsDirectory="42aa89aa-4375-49c1-be2b-bc48c63653a4" />
    <UnitTestResult executionId="9cb22276-e98b-493a-8230-cb0f1ad89de9" testId="a07dcb70-7733-b792-9620-ff6b46bdd1bc" testName="Constructor_WithEmptyList_CreatesResponse" computerName="0219cafc2f25" duration="00:00:00.0000310" startTime="2026-08-07T18:38:54.5409277+00:00" endTime="2026-08-07T18:38:54.5409582+00:00" testType="13cdc9d9-ddb5-4fa4-a97d-d965ccfc6d4b" outcome="Passed" testListId="8c84fa94-04c1-424b-9868-57a2d4851a1d" relativeResultsDirectory="9cb22276-e98b-493a-8230-cb0f1ad89de9" />
  </Results>
  <TestDefinitions>
    <UnitTest name="Constructor_WithEmptyList_CreatesResponse" storage="/workspace/backend.presentation.tests.unit/bin/release/net8.0/ucr.ecci.pi.themepark.backend.presentation.tests.unit.dll" id="a07dcb70-7733-b792-9620-ff6b46bdd1bc">
      <Execution id="9cb22276-e98b-493a-8230-cb0f1ad89de9" />
      <TestMethod codeBase="/workspace/Backend.Presentation.Tests.Unit/bin/Release/net8.0/UCR.ECCI.PI.ThemePark.Backend.Presentation.Tests.Unit.dll" adapterTypeName="executor://nunit3testexecutor/" className="UCR.ECCI.PI.ThemePark.Backend.Presentation.Tests.Unit.GetLearningComponentsResponseTests" name="Constructor_WithEmptyList_CreatesResponse" />
    </UnitTest>
    <UnitTest name="Constructor_WithValidParameters_CreatesDto" storage="/workspace/backend.presentation.tests.unit/bin/release/net8.0/ucr.ecci.pi.themepark.backend.presentation.tests.unit.dll" id="5f82f7dc-b0c1-ba54-324f-8930343a1737">
      <Execution id="42aa89aa-4375-49c1-be2b-bc48c63653a4" />
      <TestMethod codeBase="/workspace/Backend.Presentation.Tests.Unit/bin/Release/net8.0/UCR.ECCI.PI.ThemePark.Backend.Presentation.Tests.Unit.dll" adapterTypeName="executor://nunit3testexecutor/" className="UCR.ECCI.PI.ThemePark.Backend.Presentation.Tests.Unit.LearningComponentDtoTests" name="Constructor_WithValidParameters_CreatesDto" />
    </UnitTest>
    <UnitTest name="Constructor_WithComponents_CreatesResponse" storage="/workspace/backend.presentation.tests.unit/bin/release/net8.0/ucr.ecci.pi.themepark.backend.presentation.tests.unit.dll" id="6573f36c-f86a-9fba-7ab5-4eadc33bb831">
      <Execution id="2e43ad3e-e0f5-43dd-8356-7457672a27b8" />
      <TestMethod codeBase="/workspace/Backend.Presentation.Tests.Unit/bin/Release/net8.0/UCR.ECCI.PI.ThemePark.Backend.Presentation.Tests.Unit.dll" adapterTypeName="executor://nunit3testexecutor/" className="UCR.ECCI.PI.ThemePark.Backend.Presentation.Tests.Unit.GetLearningComponentsResponseTests" name="Constructor_WithComponents_CreatesResponse" />
    </UnitTest>
    <UnitTest name="HandleAsync_WithNonExistentId_ReturnsNotFound" storage="/workspace/backend.presentation.tests.unit/bin/release/net8.0/ucr.ecci.pi.themepark.backend.presentation.tests.unit.dll" id="cae57d64-37bb-7458-7272-395ca695e677">
      <Execution id="7684b5d6-18bb-4046-bc22-58a7fc36dcde" />
      <TestMethod codeBase="/workspace/Backend.Presentation.Tests.Unit/bin/Release/net8.0/UCR.ECCI.PI.ThemePark.Backend.Presentation.Tests.Unit.dll" adapterTypeName="executor://nunit3testexecutor/" className="UCR.ECCI.PI.ThemePark.Backend.Presentation.Tests.Unit.GetLearningComponentsHandlerTests" name="HandleAsync_WithNonExistentId_ReturnsNotFound" />
    </UnitTest>
    <UnitTest name="HandleAsync_WithInvalidId_ReturnsBadRequest" storage="/workspace/backend.presentation.tests.unit/bin/release/net8.0/ucr.ecci.pi.themepark.backend.presentation.tests.unit.dll" id="15f4397a-2686-9cf1-d39d-809a2ce624cf">
      <Execution id="869630c1-09ef-4b83-9ed8-15476a56081c" />
      <TestMethod codeBase="/workspace/Backend.Presentation.Tests.Unit/bin/Release/net8.0/UCR.ECCI.PI.ThemePark.Backend.Presentation.Tests.Unit.dll" adapterTypeName="executor://nunit3testexecutor/" className="UCR.ECCI.PI.ThemePark.Backend.Presentation.Tests.Unit.GetLearningComponentsHandlerTests" name="HandleAsync_WithInvalidId_ReturnsBadRequest" />
    </UnitTest>
    <UnitTest name="HandleAsync_WithNoComponents_ReturnsOkWithEmptyList" storage="/workspace/backend.presentation.tests.unit/bin/release/net8.0/ucr.ecci.pi.themepark.backend.presentation.tests.unit.dll" id="07d9bcc8-4827-2c61-c702-bdc5057fc2bc">
      <Execution id="116bcbd2-698d-4b6a-935f-1c122b01efa7" />
      <TestMethod codeBase="/workspace/Backend.Presentation.Tests.Unit/bin/Release/net8.0/UCR.ECCI.PI.ThemePark.Backend.Presentation.Tests.Unit.dll" adapterTypeName="executor://nunit3testexecutor/" className="UCR.ECCI.PI.ThemePark.Backend.Presentation.Tests.Unit.GetLearningComponentsHandlerTests" name="HandleAsync_WithNoComponents_ReturnsOkWithEmptyList" />
    </UnitTest>
    <UnitTest name="HandleAsync_WithComponents_ReturnsOkResponse" storage="/workspace/backend.presentation.tests.unit/bin/release/net8.0/ucr.ecci.pi.themepark.backend.presentation.tests.unit.dll" id="8b615a02-47ca-3b87-34e9-89e51ffb124d">
      <Execution id="f20af949-8eb3-4b18-a81e-0a1974c3cb50" />
      <TestMethod codeBase="/workspace/Backend.Presentation.Tests.Unit/bin/Release/net8.0/UCR.ECCI.PI.ThemePark.Backend.Presentation.Tests.Unit.dll" adapterTypeName="executor://nunit3testexecutor/" className="UCR.ECCI.PI.ThemePark.Backend.Presentation.Tests.Unit.GetLearningComponentsHandlerTests" name="HandleAsync_WithComponents_ReturnsOkResponse" />
    </UnitTest>
  </TestDefinitions>
  <TestEntries>
    <TestEntry testId="07d9bcc8-4827-2c61-c702-bdc5057fc2bc" executionId="116bcbd2-698d-4b6a-935f-1c122b01efa7" testListId="8c84fa94-04c1-424b-9868-57a2d4851a1d" />
    <TestEntry testId="6573f36c-f86a-9fba-7ab5-4eadc33bb831" executionId="2e43ad3e-e0f5-43dd-8356-7457672a27b8" testListId="8c84fa94-04c1-424b-9868-57a2d4851a1d" />
    <TestEntry testId="8b615a02-47ca-3b87-34e9-89e51ffb124d" executionId="f20af949-8eb3-4b18-a81e-0a1974c3cb50" testListId="8c84fa94-04c1-424b-9868-57a2d4851a1d" />
    <TestEntry testId="15f4397a-2686-9cf1-d39d-809a2ce624cf" executionId="869630c1-09ef-4b83-9ed8-15476a56081c" testListId="8c84fa94-04c1-424b-9868-57a2d4851a1d" />
    <TestEntry testId="cae57d64-37bb-7458-7272-395ca695e677" executionId="7684b5d6-18bb-4046-bc22-58a7fc36dcde" testListId="8c84fa94-04c1-424b-9868-57a2d4851a1d" />
    <TestEntry testId="5f82f7dc-b0c1-ba54-324f-8930343a1737" executionId="42aa89aa-4375-49c1-be2b-bc48c63653a4" testListId="8c84fa94-04c1-424b-9868-57a2d4851a1d" />
    <TestEntry testId="a07dcb70-7733-b792-9620-ff6b46bdd1bc" executionId="9cb22276-e98b-493a-8230-cb0f1ad89de9" testListId="8c84fa94-04c1-424b-9868-57a2d4851a1d" />
  </TestEntries>
  <TestLists>
    <TestList name="Results Not in a List" id="8c84fa94-04c1-424b-9868-57a2d4851a1d" />
    <TestList name="All Loaded Results" id="19431567-8539-422a-85d7-44ee4e166bda" />
  </TestLists>
  <ResultSummary outcome="Completed">
    <Counters total="7" executed="7" passed="7" failed="0" error="0" timeout="0" aborted="0" inconclusive="0" passedButRunAborted="0" notRunnable="0" notExecuted="0" disconnected="0" warning="0" completed="0" inProgress="0" pending="0" />
    <Output>
      <StdOut>NUnit Adapter 4.6.0.0: Test execution started
Running all tests in /workspace/Backend.Presentation.Tests.Unit/bin/Release/net8.0/UCR.ECCI.PI.ThemePark.Backend.Presentation.Tests.Unit.dll
   NUnit3TestExecutor discovered 7 of 7 NUnit test cases using Current Discovery mode, Non-Explicit run
NUnit Adapter 4.6.0.0: Test execution complete
</StdOut>
    </Output>
    <CollectorDataEntries>
      <Collector agentName="0219cafc2f25" uri="datacollector://microsoft/CoverletCodeCoverage/1.0" collectorDisplayName="XPlat code coverage">
        <UriAttachments>
          <UriAttachment>
            <A href="0219cafc2f25/coverage.cobertura.xml"></A>
          </UriAttachment>
        </UriAttachments>
      </Collector>
    </CollectorDataEntries>
  </ResultSummary>
</TestRun>