<?xml version="1.0" encoding="utf-8"?>
<TestRun id="7e2c42b7-f35d-480e-9dd9-b333d88dde04" name="@89099532b072 2026-10-02 16:19:18" xmlns="http://microsoft.com/schemas/VisualStudio/TeamTest/2010">
  <Times creation="2026-10-02T16:19:18.7457892+00:00" queuing="2026-10-02T16:19:18.7457892+00:00" start="2026-10-02T16:19:17.8714009+00:00" finish="2026-10-02T16:19:18.9742243+00:00" />
  <TestSettings name="default" id="1a4f8217-487d-4a5e-b6ad-292fcb7b3114">
    <Deployment runDeploymentRoot="_89099532b072_2026-10-02_16_19_18" />
  </TestSettings>
  <Results>
    <UnitTestResult executionId="1e08b1fd-6c9c-4185-a228-04e15e961451" testId="14388181-90b0-1a1f-9598-4da6b7a1389f" testName="GetAllBuildingsAsync_NoBuildingsExist_ReturnsEmptyList" computerName="89099532b072" duration="00:00:00.0104850" startTime="2026-10-02T16:19:18.6230955+00:00" endTime="2026-10-02T16:19:18.6335801+00:00" testType="13cdc9d9-ddb5-4fa4-a97d-d965ccfc6d4b" outcome="Passed" testListId="8c84fa94-04c1-424b-9868-57a2d4851a1d" relativeResultsDirectory="1e08b1fd-6c9c-4185-a228-04e15e961451" />
    <UnitTestResult executionId="90ddec6a-1833-45c3-b886-e9b58951d7b7" testId="608ed9dd-373a-8bef-8869-015a6b360119" testName="GenerateIdAsync_MultipleCalls_ReturnsDifferentIds" computerName="89099532b072" duration="00:00:00.0067430" startTime="2026-10-02T16:19:18.3958677+00:00" endTime="2026-10-02T16:19:18.4025800+00:00" testType="13cdc9d9-ddb5-4fa4-a97d-d965ccfc6d4b" outcome="Passed" testListId="8c84fa94-04c1-424b-9868-57a2d4851a1d" relativeResultsDirectory="90ddec6a-1833-45c3-b886-e9b58951d7b7" />
    <UnitTestResult executionId="3bb50168-3487-44ea-9c73-8b498aa2654e" testId="9dba4052-b197-0e54-4a88-0c0761a43fe0" testName="GetAllBuildingsAsync_BuildingsExist_ReturnsAllBuildings" computerName="89099532b072" duration="00:00:00.2181070" startTime="2026-10-02T16:19:18.4049482+00:00" endTime="2026-10-02T16:19:18.6230544+00:00" testType="13cdc9d9-ddb5-4fa4-a97d-d965ccfc6d4b" outcome="Passed" testListId="8c84fa94-04c1-424b-9868-57a2d4851a1d" relativeResultsDirectory="3bb50168-3487-44ea-9c73-8b498aa2654e" />
    <UnitTestResult executionId="b09dea2f-4b28-4231-ad13-a99f623efa76" testId="a866b79a-6158-bb1f-4bb5-c1fcc984d60d" testName="ExistsByNameAsync_BuildingDoesNotExist_ReturnsFalse" computerName="89099532b072" duration="00:00:00.0245500" startTime="2026-10-02T16:19:18.6413548+00:00" endTime="2026-10-02T16:19:18.6659043+00:00" testType="13cdc9d9-ddb5-4fa4-a97d-d965ccfc6d4b" outcome="Passed" testListId="8c84fa94-04c1-424b-9868-57a2d4851a1d" relativeResultsDirectory="b09dea2f-4b28-4231-ad13-a99f623efa76" />
    <UnitTestResult executionId="c5e2fd08-46d7-46fa-a684-42326932157e" testId="03ae0261-f544-d9e0-bfcc-c301017c7897" testName="GetComponentsByLearningSpaceIdAsync_NoMatchingComponents_ReturnsEmptyList(&quot;IF-0103&quot;)" computerName="89099532b072" duration="00:00:00.0018800" startTime="2026-10-02T16:19:18.7438794+00:00" endTime="2026-10-02T16:19:18.7457597+00:00" testType="13cdc9d9-ddb5-4fa4-a97d-d965ccfc6d4b" outcome="Passed" testListId="8c84fa94-04c1-424b-9868-57a2d4851a1d" relativeResultsDirectory="c5e2fd08-46d7-46fa-a684-42326932157e" />
    <UnitTestResult executionId="a3c0e60d-049b-4944-8e26-6a57df32bde7" testId="020a5432-8ce1-187b-4114-5ce542074264" testName="AddAsync_ValidUniversity_AddsToDbSetAndCallsSaveChanges" computerName="89099532b072" duration="00:00:00.0048740" startTime="2026-10-02T16:19:18.7743497+00:00" endTime="2026-10-02T16:19:18.7792234+00:00" testType="13cdc9d9-ddb5-4fa4-a97d-d965ccfc6d4b" outcome="Passed" testListId="8c84fa94-04c1-424b-9868-57a2d4851a1d" relativeResultsDirectory="a3c0e60d-049b-4944-8e26-6a57df32bde7" />
    <UnitTestResult executionId="91a3dae6-caaf-420b-9bf2-8a078b2dedd0" testId="dc89fba1-ce54-1fb4-bf59-f33697b8d4ff" testName="ExistsByIdentityNumberAsync_IdentityNumberExists_ReturnsTrue" computerName="89099532b072" duration="00:00:00.0004530" startTime="2026-10-02T16:19:18.7738441+00:00" endTime="2026-10-02T16:19:18.7742973+00:00" testType="13cdc9d9-ddb5-4fa4-a97d-d965ccfc6d4b" outcome="Passed" testListId="8c84fa94-04c1-424b-9868-57a2d4851a1d" relativeResultsDirectory="91a3dae6-caaf-420b-9bf2-8a078b2dedd0" />
    <UnitTestResult executionId="ebf664e7-8c20-41e8-aa1e-eb1503c192dd" testId="cfa8760d-306a-18f3-4d50-b8a61b02ee5a" testName="ExistsByEmailAsync_EmailDoesNotExist_ReturnsFalse" computerName="89099532b072" duration="00:00:00.0021980" startTime="2026-10-02T16:19:18.7698895+00:00" endTime="2026-10-02T16:19:18.7720870+00:00" testType="13cdc9d9-ddb5-4fa4-a97d-d965ccfc6d4b" outcome="Passed" testListId="8c84fa94-04c1-424b-9868-57a2d4851a1d" relativeResultsDirectory="ebf664e7-8c20-41e8-aa1e-eb1503c192dd" />
    <UnitTestResult executionId="ba6b1038-19cd-4665-b189-209a959e1246" testId="5e6b6ecc-5263-32ca-105b-50e7a1160ff1" testName="AddAsync_DuplicateId_ThrowsDbUpdateException" computerName="89099532b072" duration="00:00:00.0064810" startTime="2026-10-02T16:19:18.7248976+00:00" endTime="2026-10-02T16:19:18.7313787+00:00" testType="13cdc9d9-ddb5-4fa4-a97d-d965ccfc6d4b" outcome="Passed" testListId="8c84fa94-04c1-424b-9868-57a2d4851a1d" relativeResultsDirectory="ba6b1038-19cd-4665-b189-209a959e1246" />
    <UnitTestResult executionId="b002df64-713f-4d1b-a203-84f1cb0d4855" testId="d17a15e8-7f96-2a39-8928-4a7d1a61ee6b" testName="AddAsync_ValidLearningSpace_AddsToDbSetAndCallsSaveChanges" computerName="89099532b072" duration="00:00:00.0008320" startTime="2026-10-02T16:19:18.7586255+00:00" endTime="2026-10-02T16:19:18.7594574+00:00" testType="13cdc9d9-ddb5-4fa4-a97d-d965ccfc6d4b" outcome="Passed" testListId="8c84fa94-04c1-424b-9868-57a2d4851a1d" relativeResultsDirectory="b002df64-713f-4d1b-a203-84f1cb0d4855" />
    <UnitTestResult executionId="c37baea5-8b57-4dc0-ac7d-de937f4214c6" testId="db24ca3a-aed2-785a-72c6-e8bb500684f4" testName="UpdateAsync_ExistingBuilding_UpdatesAndSaves" computerName="89099532b072" duration="00:00:00.0054640" startTime="2026-10-02T16:19:18.7193805+00:00" endTime="2026-10-02T16:19:18.7248441+00:00" testType="13cdc9d9-ddb5-4fa4-a97d-d965ccfc6d4b" outcome="Passed" testListId="8c84fa94-04c1-424b-9868-57a2d4851a1d" relativeResultsDirectory="c37baea5-8b57-4dc0-ac7d-de937f4214c6" />
    <UnitTestResult executionId="b7fdb7bd-2fea-4c02-b1b4-d84ff59e4c27" testId="66920399-61af-fdad-d641-833ec78aa0b0" testName="AddAsync_SaveChangesFails_PropagatesDbUpdateException" computerName="89099532b072" duration="00:00:00.0015330" startTime="2026-10-02T16:19:18.7570780+00:00" endTime="2026-10-02T16:19:18.7586109+00:00" testType="13cdc9d9-ddb5-4fa4-a97d-d965ccfc6d4b" outcome="Passed" testListId="8c84fa94-04c1-424b-9868-57a2d4851a1d" relativeResultsDirectory="b7fdb7bd-2fea-4c02-b1b4-d84ff59e4c27" />
    <UnitTestResult executionId="84ce6fa3-9004-42dc-a564-f219eb329fb3" testId="476012b1-bf9a-e01b-8dea-a7333c9924cc" testName="ExistsByEmailAsync_EmailExists_ReturnsTrue" computerName="89099532b072" duration="00:00:00.0004850" startTime="2026-10-02T16:19:18.7721035+00:00" endTime="2026-10-02T16:19:18.7725885+00:00" testType="13cdc9d9-ddb5-4fa4-a97d-d965ccfc6d4b" outcome="Passed" testListId="8c84fa94-04c1-424b-9868-57a2d4851a1d" relativeResultsDirectory="84ce6fa3-9004-42dc-a564-f219eb329fb3" />
    <UnitTestResult executionId="09648d2d-95f9-4269-96df-2b1fafad7ecd" testId="4d10ec4e-db24-54e8-3343-3e47ba9feb8f" testName="GetByIdAsync_ExistingWhiteboard_ReturnsWhiteboard" computerName="89099532b072" duration="00:00:00.0013370" startTime="2026-10-02T16:19:18.7883365+00:00" endTime="2026-10-02T16:19:18.7896732+00:00" testType="13cdc9d9-ddb5-4fa4-a97d-d965ccfc6d4b" outcome="Passed" testListId="8c84fa94-04c1-424b-9868-57a2d4851a1d" relativeResultsDirectory="09648d2d-95f9-4269-96df-2b1fafad7ecd" />
    <UnitTestResult executionId="e4240b20-7ee2-4967-95ba-87fca1792f8d" testId="74705735-7cf7-edbf-2e37-d4beac4b07a7" testName="ExistsByNameAsync_BuildingExists_ReturnsTrue" computerName="89099532b072" duration="00:00:00.0064729" startTime="2026-10-02T16:19:18.6659338+00:00" endTime="2026-10-02T16:19:18.6724067+00:00" testType="13cdc9d9-ddb5-4fa4-a97d-d965ccfc6d4b" outcome="Passed" testListId="8c84fa94-04c1-424b-9868-57a2d4851a1d" relativeResultsDirectory="e4240b20-7ee2-4967-95ba-87fca1792f8d" />
    <UnitTestResult executionId="0de52e97-e6f0-444c-81fe-7abff8d85dae" testId="6a0027cd-2596-b887-5382-015dfc14571b" testName="AddAsync_UniqueId_CallsAddAndSaveChanges" computerName="89099532b072" duration="00:00:00.0010730" startTime="2026-10-02T16:19:18.7313863+00:00" endTime="2026-10-02T16:19:18.7324596+00:00" testType="13cdc9d9-ddb5-4fa4-a97d-d965ccfc6d4b" outcome="Passed" testListId="8c84fa94-04c1-424b-9868-57a2d4851a1d" relativeResultsDirectory="0de52e97-e6f0-444c-81fe-7abff8d85dae" />
    <UnitTestResult executionId="e4a750f0-546a-43fa-83e9-85174b1dd929" testId="5979b915-3030-7596-88a6-06fe246113af" testName="GetComponentsByLearningSpaceIdAsync_NoMatchingComponents_ReturnsEmptyList(&quot;NON-EXISTENT-999&quot;)" computerName="89099532b072" duration="00:00:00.0038540" startTime="2026-10-02T16:19:18.7457742+00:00" endTime="2026-10-02T16:19:18.7496278+00:00" testType="13cdc9d9-ddb5-4fa4-a97d-d965ccfc6d4b" outcome="Passed" testListId="8c84fa94-04c1-424b-9868-57a2d4851a1d" relativeResultsDirectory="e4a750f0-546a-43fa-83e9-85174b1dd929" />
    <UnitTestResult executionId="f2c1adee-7671-4a12-bdd4-bcdf0528da88" testId="80f55917-cdee-a912-df4c-b6f50d8ac45f" testName="AddAsync_MultipleLearningSpaces_CallsAddForEachEntity" computerName="89099532b072" duration="00:00:00.0064400" startTime="2026-10-02T16:19:18.7506240+00:00" endTime="2026-10-02T16:19:18.7570638+00:00" testType="13cdc9d9-ddb5-4fa4-a97d-d965ccfc6d4b" outcome="Passed" testListId="8c84fa94-04c1-424b-9868-57a2d4851a1d" relativeResultsDirectory="f2c1adee-7671-4a12-bdd4-bcdf0528da88" />
    <UnitTestResult executionId="daf6f9d5-41b2-45aa-afc0-88057e47549a" testId="b169ece1-f1aa-1008-b7df-3b8b24277612" testName="ExistsByIdentityNumberAsync_IdentityNumberDoesNotExist_ReturnsFalse" computerName="89099532b072" duration="00:00:00.0012250" startTime="2026-10-02T16:19:18.7726048+00:00" endTime="2026-10-02T16:19:18.7738299+00:00" testType="13cdc9d9-ddb5-4fa4-a97d-d965ccfc6d4b" outcome="Passed" testListId="8c84fa94-04c1-424b-9868-57a2d4851a1d" relativeResultsDirectory="daf6f9d5-41b2-45aa-afc0-88057e47549a" />
    <UnitTestResult executionId="8cb7f66a-f96d-49dc-bf68-efa8cf18b37e" testId="440906eb-7c32-5881-f236-135a1f9642be" testName="ExistsByNameAsync_UniversityDoesNotExist_ReturnsFalse" computerName="89099532b072" duration="00:00:00.0012690" startTime="2026-10-02T16:19:18.7792422+00:00" endTime="2026-10-02T16:19:18.7805108+00:00" testType="13cdc9d9-ddb5-4fa4-a97d-d965ccfc6d4b" outcome="Passed" testListId="8c84fa94-04c1-424b-9868-57a2d4851a1d" relativeResultsDirectory="8cb7f66a-f96d-49dc-bf68-efa8cf18b37e" />
    <UnitTestResult executionId="59b47e36-c00c-40c9-be4a-3b6b8580a9dc" testId="45776e61-70fc-38ba-0569-0ba220a79383" testName="AddAsync_ValidBuilding_PersistsAndReturnsBuilding" computerName="89099532b072" duration="00:00:00.0076530" startTime="2026-10-02T16:19:18.6336775+00:00" endTime="2026-10-02T16:19:18.6413308+00:00" testType="13cdc9d9-ddb5-4fa4-a97d-d965ccfc6d4b" outcome="Passed" testListId="8c84fa94-04c1-424b-9868-57a2d4851a1d" relativeResultsDirectory="59b47e36-c00c-40c9-be4a-3b6b8580a9dc" />
    <UnitTestResult executionId="9bd0025a-24cf-47d9-bde4-329f69af504c" testId="5144c2e7-fb9a-b687-b456-87a30eb72943" testName="GenerateIdAsync_ReturnsUniqueIdWithCorrectFormat" computerName="89099532b072" duration="00:00:00.0008510" startTime="2026-10-02T16:19:18.4032609+00:00" endTime="2026-10-02T16:19:18.4041116+00:00" testType="13cdc9d9-ddb5-4fa4-a97d-d965ccfc6d4b" outcome="Passed" testListId="8c84fa94-04c1-424b-9868-57a2d4851a1d" relativeResultsDirectory="9bd0025a-24cf-47d9-bde4-329f69af504c" />
    <UnitTestResult executionId="0fa9a9d0-8ff8-4c99-a4a8-c87135a2e63c" testId="7384165b-9f31-8ea0-4ab2-b928d51873c0" testName="ExistsAsync_ComponentExists_ReturnsTrue" computerName="89099532b072" duration="00:00:00.0008450" startTime="2026-10-02T16:19:18.7429564+00:00" endTime="2026-10-02T16:19:18.7438017+00:00" testType="13cdc9d9-ddb5-4fa4-a97d-d965ccfc6d4b" outcome="Passed" testListId="8c84fa94-04c1-424b-9868-57a2d4851a1d" relativeResultsDirectory="0fa9a9d0-8ff8-4c99-a4a8-c87135a2e63c" />
    <UnitTestResult executionId="2db0b876-be02-4206-8bf4-8e46edbce343" testId="7a2db7ec-a266-8e80-6fd5-45fec7e79c01" testName="AddAsync_SaveChangesFails_ThrowsDatabaseException" computerName="89099532b072" duration="00:00:00.0061820" startTime="2026-10-02T16:19:18.7810604+00:00" endTime="2026-10-02T16:19:18.7872418+00:00" testType="13cdc9d9-ddb5-4fa4-a97d-d965ccfc6d4b" outcome="Passed" testListId="8c84fa94-04c1-424b-9868-57a2d4851a1d" relativeResultsDirectory="2db0b876-be02-4206-8bf4-8e46edbce343" />
    <UnitTestResult executionId="c0f7e630-9a5f-4f43-aff5-2becb7717946" testId="ca85c2c0-876e-eb19-96c5-5a3d680f05a5" testName="GetByIdAsync_NonExistingId_ReturnsNull" computerName="89099532b072" duration="00:00:00.0012920" startTime="2026-10-02T16:19:18.7180728+00:00" endTime="2026-10-02T16:19:18.7193651+00:00" testType="13cdc9d9-ddb5-4fa4-a97d-d965ccfc6d4b" outcome="Passed" testListId="8c84fa94-04c1-424b-9868-57a2d4851a1d" relativeResultsDirectory="c0f7e630-9a5f-4f43-aff5-2becb7717946" />
    <UnitTestResult executionId="8cd23554-28c0-4d27-a55a-2bae272c4048" testId="fa6e0d93-1d6e-7d72-3d50-3ec0708f574c" testName="GetByIdAsync_NonExistentWhiteboard_ReturnsNull" computerName="89099532b072" duration="00:00:00.0056870" startTime="2026-10-02T16:19:18.7896880+00:00" endTime="2026-10-02T16:19:18.7953745+00:00" testType="13cdc9d9-ddb5-4fa4-a97d-d965ccfc6d4b" outcome="Passed" testListId="8c84fa94-04c1-424b-9868-57a2d4851a1d" relativeResultsDirectory="8cd23554-28c0-4d27-a55a-2bae272c4048" />
    <UnitTestResult executionId="6da1f656-5b62-4f28-b5a9-9efd73a3cb8c" testId="320f2472-612f-1df6-c4d5-e514c9e53c18" testName="AddAsync_ValidWhiteboard_AddsToDbSetAndCallsSaveChanges" computerName="89099532b072" duration="00:00:00.0010260" startTime="2026-10-02T16:19:18.7872585+00:00" endTime="2026-10-02T16:19:18.7882846+00:00" testType="13cdc9d9-ddb5-4fa4-a97d-d965ccfc6d4b" outcome="Passed" testListId="8c84fa94-04c1-424b-9868-57a2d4851a1d" relativeResultsDirectory="6da1f656-5b62-4f28-b5a9-9efd73a3cb8c" />
    <UnitTestResult executionId="c570a641-4089-455d-b745-a8473692e77b" testId="e3fe7c23-e5cd-1b1b-4f39-5b1850f20339" testName="ExistsByNameAsync_UniversityExists_ReturnsTrue" computerName="89099532b072" duration="00:00:00.0004770" startTime="2026-10-02T16:19:18.7805260+00:00" endTime="2026-10-02T16:19:18.7810027+00:00" testType="13cdc9d9-ddb5-4fa4-a97d-d965ccfc6d4b" outcome="Passed" testListId="8c84fa94-04c1-424b-9868-57a2d4851a1d" relativeResultsDirectory="c570a641-4089-455d-b745-a8473692e77b" />
    <UnitTestResult executionId="c96f9f6b-e885-45db-8bf2-beee8883d75a" testId="2e29cc78-9945-f713-b5b7-b38728aa89c4" testName="GetByIdAsync_ExistingBuilding_ReturnsBuilding" computerName="89099532b072" duration="00:00:00.0455690" startTime="2026-10-02T16:19:18.6724827+00:00" endTime="2026-10-02T16:19:18.7180513+00:00" testType="13cdc9d9-ddb5-4fa4-a97d-d965ccfc6d4b" outcome="Passed" testListId="8c84fa94-04c1-424b-9868-57a2d4851a1d" relativeResultsDirectory="c96f9f6b-e885-45db-8bf2-beee8883d75a" />
    <UnitTestResult executionId="14e4aa6a-0633-46df-911a-d3293002f110" testId="5b4b3199-de53-b8d0-0670-582c9b9620bf" testName="GetByLearningSpaceIdAsync_WhiteboardsInSpace_ReturnsList" computerName="89099532b072" duration="00:00:00.0088740" startTime="2026-10-02T16:19:18.7953869+00:00" endTime="2026-10-02T16:19:18.8042604+00:00" testType="13cdc9d9-ddb5-4fa4-a97d-d965ccfc6d4b" outcome="Passed" testListId="8c84fa94-04c1-424b-9868-57a2d4851a1d" relativeResultsDirectory="14e4aa6a-0633-46df-911a-d3293002f110" />
    <UnitTestResult executionId="36f26577-60b6-44e2-97dd-5014bd6c977e" testId="cabac07f-0115-2356-1d37-43e0979e24ef" testName="UpdateAsync_ValidWhiteboard_UpdatesAndSaves" computerName="89099532b072" duration="00:00:00.0013190" startTime="2026-10-02T16:19:18.8042772+00:00" endTime="2026-10-02T16:19:18.8055958+00:00" testType="13cdc9d9-ddb5-4fa4-a97d-d965ccfc6d4b" outcome="Passed" testListId="8c84fa94-04c1-424b-9868-57a2d4851a1d" relativeResultsDirectory="36f26577-60b6-44e2-97dd-5014bd6c977e" />
    <UnitTestResult executionId="c8111e50-096c-4146-a9e3-6f2a94b7df55" testId="f6657235-7387-e229-33cc-1bac7383e9cd" testName="AddAsync_ValidPerson_AddsToDbSetAndCallsSaveChanges" computerName="89099532b072" duration="00:00:00.0103610" startTime="2026-10-02T16:19:18.7595090+00:00" endTime="2026-10-02T16:19:18.7698695+00:00" testType="13cdc9d9-ddb5-4fa4-a97d-d965ccfc6d4b" outcome="Passed" testListId="8c84fa94-04c1-424b-9868-57a2d4851a1d" relativeResultsDirectory="c8111e50-096c-4146-a9e3-6f2a94b7df55" />
    <UnitTestResult executionId="84980be1-3cd1-4586-b31c-087a0874f3ec" testId="20bce922-6b11-3dd0-7e7c-75e0fa3a35c9" testName="GetComponentsByLearningSpaceIdAsync_ValidIdWithComponents_ReturnsList" computerName="89099532b072" duration="00:00:00.0009210" startTime="2026-10-02T16:19:18.7496508+00:00" endTime="2026-10-02T16:19:18.7505713+00:00" testType="13cdc9d9-ddb5-4fa4-a97d-d965ccfc6d4b" outcome="Passed" testListId="8c84fa94-04c1-424b-9868-57a2d4851a1d" relativeResultsDirectory="84980be1-3cd1-4586-b31c-087a0874f3ec" />
    <UnitTestResult executionId="86b3df8c-a4fd-4f24-9be3-49db94372110" testId="9b3c7b0d-25f2-396c-0ddc-be74763f77ba" testName="ExistsAsync_ComponentDoesNotExist_ReturnsFalse" computerName="89099532b072" duration="00:00:00.0104680" startTime="2026-10-02T16:19:18.7324665+00:00" endTime="2026-10-02T16:19:18.7429347+00:00" testType="13cdc9d9-ddb5-4fa4-a97d-d965ccfc6d4b" outcome="Passed" testListId="8c84fa94-04c1-424b-9868-57a2d4851a1d" relativeResultsDirectory="86b3df8c-a4fd-4f24-9be3-49db94372110" />
  </Results>
  <TestDefinitions>
    <UnitTest name="GetAllBuildingsAsync_BuildingsExist_ReturnsAllBuildings" storage="/workspace/backend.infrastructure.tests.unit/bin/release/net8.0/ucr.ecci.pi.themepark.backend.infrastructure.tests.unit.dll" id="9dba4052-b197-0e54-4a88-0c0761a43fe0">
      <Execution id="3bb50168-3487-44ea-9c73-8b498aa2654e" />
      <TestMethod codeBase="/workspace/Backend.Infrastructure.Tests.Unit/bin/Release/net8.0/UCR.ECCI.PI.ThemePark.Backend.Infrastructure.Tests.Unit.dll" adapterTypeName="executor://nunit3testexecutor/" className="UCR.ECCI.PI.ThemePark.Backend.Infrastructure.Tests.Unit.SqlBuildingListRepositoryTests" name="GetAllBuildingsAsync_BuildingsExist_ReturnsAllBuildings" />
    </UnitTest>
    <UnitTest name="AddAsync_ValidLearningSpace_AddsToDbSetAndCallsSaveChanges" storage="/workspace/backend.infrastructure.tests.unit/bin/release/net8.0/ucr.ecci.pi.themepark.backend.infrastructure.tests.unit.dll" id="d17a15e8-7f96-2a39-8928-4a7d1a61ee6b">
      <Execution id="b002df64-713f-4d1b-a203-84f1cb0d4855" />
      <TestMethod codeBase="/workspace/Backend.Infrastructure.Tests.Unit/bin/Release/net8.0/UCR.ECCI.PI.ThemePark.Backend.Infrastructure.Tests.Unit.dll" adapterTypeName="executor://nunit3testexecutor/" className="UCR.ECCI.PI.ThemePark.Backend.Infrastructure.Tests.Unit.SqlLearningSpaceRepositoryTests" name="AddAsync_ValidLearningSpace_AddsToDbSetAndCallsSaveChanges" />
    </UnitTest>
    <UnitTest name="GenerateIdAsync_ReturnsUniqueIdWithCorrectFormat" storage="/workspace/backend.infrastructure.tests.unit/bin/release/net8.0/ucr.ecci.pi.themepark.backend.infrastructure.tests.unit.dll" id="5144c2e7-fb9a-b687-b456-87a30eb72943">
      <Execution id="9bd0025a-24cf-47d9-bde4-329f69af504c" />
      <TestMethod codeBase="/workspace/Backend.Infrastructure.Tests.Unit/bin/Release/net8.0/UCR.ECCI.PI.ThemePark.Backend.Infrastructure.Tests.Unit.dll" adapterTypeName="executor://nunit3testexecutor/" className="UCR.ECCI.PI.ThemePark.Backend.Infrastructure.Tests.Unit.ComponentIdGeneratorTests" name="GenerateIdAsync_ReturnsUniqueIdWithCorrectFormat" />
    </UnitTest>
    <UnitTest name="AddAsync_ValidBuilding_PersistsAndReturnsBuilding" storage="/workspace/backend.infrastructure.tests.unit/bin/release/net8.0/ucr.ecci.pi.themepark.backend.infrastructure.tests.unit.dll" id="45776e61-70fc-38ba-0569-0ba220a79383">
      <Execution id="59b47e36-c00c-40c9-be4a-3b6b8580a9dc" />
      <TestMethod codeBase="/workspace/Backend.Infrastructure.Tests.Unit/bin/Release/net8.0/UCR.ECCI.PI.ThemePark.Backend.Infrastructure.Tests.Unit.dll" adapterTypeName="executor://nunit3testexecutor/" className="UCR.ECCI.PI.ThemePark.Backend.Infrastructure.Tests.Unit.SqlBuildingRepositoryTests" name="AddAsync_ValidBuilding_PersistsAndReturnsBuilding" />
    </UnitTest>
    <UnitTest name="GetByIdAsync_ExistingWhiteboard_ReturnsWhiteboard" storage="/workspace/backend.infrastructure.tests.unit/bin/release/net8.0/ucr.ecci.pi.themepark.backend.infrastructure.tests.unit.dll" id="4d10ec4e-db24-54e8-3343-3e47ba9feb8f">
      <Execution id="09648d2d-95f9-4269-96df-2b1fafad7ecd" />
      <TestMethod codeBase="/workspace/Backend.Infrastructure.Tests.Unit/bin/Release/net8.0/UCR.ECCI.PI.ThemePark.Backend.Infrastructure.Tests.Unit.dll" adapterTypeName="executor://nunit3testexecutor/" className="UCR.ECCI.PI.ThemePark.Backend.Infrastructure.Tests.Unit.SqlWhiteboardRepositoryUpdateTests" name="GetByIdAsync_ExistingWhiteboard_ReturnsWhiteboard" />
    </UnitTest>
    <UnitTest name="ExistsByIdentityNumberAsync_IdentityNumberExists_ReturnsTrue" storage="/workspace/backend.infrastructure.tests.unit/bin/release/net8.0/ucr.ecci.pi.themepark.backend.infrastructure.tests.unit.dll" id="dc89fba1-ce54-1fb4-bf59-f33697b8d4ff">
      <Execution id="91a3dae6-caaf-420b-9bf2-8a078b2dedd0" />
      <TestMethod codeBase="/workspace/Backend.Infrastructure.Tests.Unit/bin/Release/net8.0/UCR.ECCI.PI.ThemePark.Backend.Infrastructure.Tests.Unit.dll" adapterTypeName="executor://nunit3testexecutor/" className="UCR.ECCI.PI.ThemePark.Backend.Infrastructure.Tests.Unit.SqlPersonRepositoryTests" name="ExistsByIdentityNumberAsync_IdentityNumberExists_ReturnsTrue" />
    </UnitTest>
    <UnitTest name="UpdateAsync_ExistingBuilding_UpdatesAndSaves" storage="/workspace/backend.infrastructure.tests.unit/bin/release/net8.0/ucr.ecci.pi.themepark.backend.infrastructure.tests.unit.dll" id="db24ca3a-aed2-785a-72c6-e8bb500684f4">
      <Execution id="c37baea5-8b57-4dc0-ac7d-de937f4214c6" />
      <TestMethod codeBase="/workspace/Backend.Infrastructure.Tests.Unit/bin/Release/net8.0/UCR.ECCI.PI.ThemePark.Backend.Infrastructure.Tests.Unit.dll" adapterTypeName="executor://nunit3testexecutor/" className="UCR.ECCI.PI.ThemePark.Backend.Infrastructure.Tests.Unit.SqlBuildingRepositoryUpdateTests" name="UpdateAsync_ExistingBuilding_UpdatesAndSaves" />
    </UnitTest>
    <UnitTest name="AddAsync_ValidUniversity_AddsToDbSetAndCallsSaveChanges" storage="/workspace/backend.infrastructure.tests.unit/bin/release/net8.0/ucr.ecci.pi.themepark.backend.infrastructure.tests.unit.dll" id="020a5432-8ce1-187b-4114-5ce542074264">
      <Execution id="a3c0e60d-049b-4944-8e26-6a57df32bde7" />
      <TestMethod codeBase="/workspace/Backend.Infrastructure.Tests.Unit/bin/Release/net8.0/UCR.ECCI.PI.ThemePark.Backend.Infrastructure.Tests.Unit.dll" adapterTypeName="executor://nunit3testexecutor/" className="UCR.ECCI.PI.ThemePark.Backend.Infrastructure.Tests.Unit.SqlUniversityRepositoryTests" name="AddAsync_ValidUniversity_AddsToDbSetAndCallsSaveChanges" />
    </UnitTest>
    <UnitTest name="AddAsync_DuplicateId_ThrowsDbUpdateException" storage="/workspace/backend.infrastructure.tests.unit/bin/release/net8.0/ucr.ecci.pi.themepark.backend.infrastructure.tests.unit.dll" id="5e6b6ecc-5263-32ca-105b-50e7a1160ff1">
      <Execution id="ba6b1038-19cd-4665-b189-209a959e1246" />
      <TestMethod codeBase="/workspace/Backend.Infrastructure.Tests.Unit/bin/Release/net8.0/UCR.ECCI.PI.ThemePark.Backend.Infrastructure.Tests.Unit.dll" adapterTypeName="executor://nunit3testexecutor/" className="UCR.ECCI.PI.ThemePark.Backend.Infrastructure.Tests.Unit.SqlLearningComponentRepositoryCreateTests" name="AddAsync_DuplicateId_ThrowsDbUpdateException" />
    </UnitTest>
    <UnitTest name="GetAllBuildingsAsync_NoBuildingsExist_ReturnsEmptyList" storage="/workspace/backend.infrastructure.tests.unit/bin/release/net8.0/ucr.ecci.pi.themepark.backend.infrastructure.tests.unit.dll" id="14388181-90b0-1a1f-9598-4da6b7a1389f">
      <Execution id="1e08b1fd-6c9c-4185-a228-04e15e961451" />
      <TestMethod codeBase="/workspace/Backend.Infrastructure.Tests.Unit/bin/Release/net8.0/UCR.ECCI.PI.ThemePark.Backend.Infrastructure.Tests.Unit.dll" adapterTypeName="executor://nunit3testexecutor/" className="UCR.ECCI.PI.ThemePark.Backend.Infrastructure.Tests.Unit.SqlBuildingListRepositoryTests" name="GetAllBuildingsAsync_NoBuildingsExist_ReturnsEmptyList" />
    </UnitTest>
    <UnitTest name="AddAsync_UniqueId_CallsAddAndSaveChanges" storage="/workspace/backend.infrastructure.tests.unit/bin/release/net8.0/ucr.ecci.pi.themepark.backend.infrastructure.tests.unit.dll" id="6a0027cd-2596-b887-5382-015dfc14571b">
      <Execution id="0de52e97-e6f0-444c-81fe-7abff8d85dae" />
      <TestMethod codeBase="/workspace/Backend.Infrastructure.Tests.Unit/bin/Release/net8.0/UCR.ECCI.PI.ThemePark.Backend.Infrastructure.Tests.Unit.dll" adapterTypeName="executor://nunit3testexecutor/" className="UCR.ECCI.PI.ThemePark.Backend.Infrastructure.Tests.Unit.SqlLearningComponentRepositoryCreateTests" name="AddAsync_UniqueId_CallsAddAndSaveChanges" />
    </UnitTest>
    <UnitTest name="ExistsByNameAsync_UniversityExists_ReturnsTrue" storage="/workspace/backend.infrastructure.tests.unit/bin/release/net8.0/ucr.ecci.pi.themepark.backend.infrastructure.tests.unit.dll" id="e3fe7c23-e5cd-1b1b-4f39-5b1850f20339">
      <Execution id="c570a641-4089-455d-b745-a8473692e77b" />
      <TestMethod codeBase="/workspace/Backend.Infrastructure.Tests.Unit/bin/Release/net8.0/UCR.ECCI.PI.ThemePark.Backend.Infrastructure.Tests.Unit.dll" adapterTypeName="executor://nunit3testexecutor/" className="UCR.ECCI.PI.ThemePark.Backend.Infrastructure.Tests.Unit.SqlUniversityRepositoryTests" name="ExistsByNameAsync_UniversityExists_ReturnsTrue" />
    </UnitTest>
    <UnitTest name="GetComponentsByLearningSpaceIdAsync_NoMatchingComponents_ReturnsEmptyList(&quot;NON-EXISTENT-999&quot;)" storage="/workspace/backend.infrastructure.tests.unit/bin/release/net8.0/ucr.ecci.pi.themepark.backend.infrastructure.tests.unit.dll" id="5979b915-3030-7596-88a6-06fe246113af">
      <Execution id="e4a750f0-546a-43fa-83e9-85174b1dd929" />
      <TestMethod codeBase="/workspace/Backend.Infrastructure.Tests.Unit/bin/Release/net8.0/UCR.ECCI.PI.ThemePark.Backend.Infrastructure.Tests.Unit.dll" adapterTypeName="executor://nunit3testexecutor/" className="UCR.ECCI.PI.ThemePark.Backend.Infrastructure.Tests.Unit.SqlLearningComponentRepositoryTests" name="GetComponentsByLearningSpaceIdAsync_NoMatchingComponents_ReturnsEmptyList(&quot;NON-EXISTENT-999&quot;)" />
    </UnitTest>
    <UnitTest name="ExistsByEmailAsync_EmailExists_ReturnsTrue" storage="/workspace/backend.infrastructure.tests.unit/bin/release/net8.0/ucr.ecci.pi.themepark.backend.infrastructure.tests.unit.dll" id="476012b1-bf9a-e01b-8dea-a7333c9924cc">
      <Execution id="84ce6fa3-9004-42dc-a564-f219eb329fb3" />
      <TestMethod codeBase="/workspace/Backend.Infrastructure.Tests.Unit/bin/Release/net8.0/UCR.ECCI.PI.ThemePark.Backend.Infrastructure.Tests.Unit.dll" adapterTypeName="executor://nunit3testexecutor/" className="UCR.ECCI.PI.ThemePark.Backend.Infrastructure.Tests.Unit.SqlPersonRepositoryTests" name="ExistsByEmailAsync_EmailExists_ReturnsTrue" />
    </UnitTest>
    <UnitTest name="ExistsByIdentityNumberAsync_IdentityNumberDoesNotExist_ReturnsFalse" storage="/workspace/backend.infrastructure.tests.unit/bin/release/net8.0/ucr.ecci.pi.themepark.backend.infrastructure.tests.unit.dll" id="b169ece1-f1aa-1008-b7df-3b8b24277612">
      <Execution id="daf6f9d5-41b2-45aa-afc0-88057e47549a" />
      <TestMethod codeBase="/workspace/Backend.Infrastructure.Tests.Unit/bin/Release/net8.0/UCR.ECCI.PI.ThemePark.Backend.Infrastructure.Tests.Unit.dll" adapterTypeName="executor://nunit3testexecutor/" className="UCR.ECCI.PI.ThemePark.Backend.Infrastructure.Tests.Unit.SqlPersonRepositoryTests" name="ExistsByIdentityNumberAsync_IdentityNumberDoesNotExist_ReturnsFalse" />
    </UnitTest>
    <UnitTest name="GetComponentsByLearningSpaceIdAsync_NoMatchingComponents_ReturnsEmptyList(&quot;IF-0103&quot;)" storage="/workspace/backend.infrastructure.tests.unit/bin/release/net8.0/ucr.ecci.pi.themepark.backend.infrastructure.tests.unit.dll" id="03ae0261-f544-d9e0-bfcc-c301017c7897">
      <Execution id="c5e2fd08-46d7-46fa-a684-42326932157e" />
      <TestMethod codeBase="/workspace/Backend.Infrastructure.Tests.Unit/bin/Release/net8.0/UCR.ECCI.PI.ThemePark.Backend.Infrastructure.Tests.Unit.dll" adapterTypeName="executor://nunit3testexecutor/" className="UCR.ECCI.PI.ThemePark.Backend.Infrastructure.Tests.Unit.SqlLearningComponentRepositoryTests" name="GetComponentsByLearningSpaceIdAsync_NoMatchingComponents_ReturnsEmptyList(&quot;IF-0103&quot;)" />
    </UnitTest>
    <UnitTest name="GetByLearningSpaceIdAsync_WhiteboardsInSpace_ReturnsList" storage="/workspace/backend.infrastructure.tests.unit/bin/release/net8.0/ucr.ecci.pi.themepark.backend.infrastructure.tests.unit.dll" id="5b4b3199-de53-b8d0-0670-582c9b9620bf">
      <Execution id="14e4aa6a-0633-46df-911a-d3293002f110" />
      <TestMethod codeBase="/workspace/Backend.Infrastructure.Tests.Unit/bin/Release/net8.0/UCR.ECCI.PI.ThemePark.Backend.Infrastructure.Tests.Unit.dll" adapterTypeName="executor://nunit3testexecutor/" className="UCR.ECCI.PI.ThemePark.Backend.Infrastructure.Tests.Unit.SqlWhiteboardRepositoryUpdateTests" name="GetByLearningSpaceIdAsync_WhiteboardsInSpace_ReturnsList" />
    </UnitTest>
    <UnitTest name="AddAsync_ValidWhiteboard_AddsToDbSetAndCallsSaveChanges" storage="/workspace/backend.infrastructure.tests.unit/bin/release/net8.0/ucr.ecci.pi.themepark.backend.infrastructure.tests.unit.dll" id="320f2472-612f-1df6-c4d5-e514c9e53c18">
      <Execution id="6da1f656-5b62-4f28-b5a9-9efd73a3cb8c" />
      <TestMethod codeBase="/workspace/Backend.Infrastructure.Tests.Unit/bin/Release/net8.0/UCR.ECCI.PI.ThemePark.Backend.Infrastructure.Tests.Unit.dll" adapterTypeName="executor://nunit3testexecutor/" className="UCR.ECCI.PI.ThemePark.Backend.Infrastructure.Tests.Unit.SqlWhiteboardRepositoryTests" name="AddAsync_ValidWhiteboard_AddsToDbSetAndCallsSaveChanges" />
    </UnitTest>
    <UnitTest name="AddAsync_SaveChangesFails_PropagatesDbUpdateException" storage="/workspace/backend.infrastructure.tests.unit/bin/release/net8.0/ucr.ecci.pi.themepark.backend.infrastructure.tests.unit.dll" id="66920399-61af-fdad-d641-833ec78aa0b0">
      <Execution id="b7fdb7bd-2fea-4c02-b1b4-d84ff59e4c27" />
      <TestMethod codeBase="/workspace/Backend.Infrastructure.Tests.Unit/bin/Release/net8.0/UCR.ECCI.PI.ThemePark.Backend.Infrastructure.Tests.Unit.dll" adapterTypeName="executor://nunit3testexecutor/" className="UCR.ECCI.PI.ThemePark.Backend.Infrastructure.Tests.Unit.SqlLearningSpaceRepositoryTests" name="AddAsync_SaveChangesFails_PropagatesDbUpdateException" />
    </UnitTest>
    <UnitTest name="GenerateIdAsync_MultipleCalls_ReturnsDifferentIds" storage="/workspace/backend.infrastructure.tests.unit/bin/release/net8.0/ucr.ecci.pi.themepark.backend.infrastructure.tests.unit.dll" id="608ed9dd-373a-8bef-8869-015a6b360119">
      <Execution id="90ddec6a-1833-45c3-b886-e9b58951d7b7" />
      <TestMethod codeBase="/workspace/Backend.Infrastructure.Tests.Unit/bin/Release/net8.0/UCR.ECCI.PI.ThemePark.Backend.Infrastructure.Tests.Unit.dll" adapterTypeName="executor://nunit3testexecutor/" className="UCR.ECCI.PI.ThemePark.Backend.Infrastructure.Tests.Unit.ComponentIdGeneratorTests" name="GenerateIdAsync_MultipleCalls_ReturnsDifferentIds" />
    </UnitTest>
    <UnitTest name="AddAsync_ValidPerson_AddsToDbSetAndCallsSaveChanges" storage="/workspace/backend.infrastructure.tests.unit/bin/release/net8.0/ucr.ecci.pi.themepark.backend.infrastructure.tests.unit.dll" id="f6657235-7387-e229-33cc-1bac7383e9cd">
      <Execution id="c8111e50-096c-4146-a9e3-6f2a94b7df55" />
      <TestMethod codeBase="/workspace/Backend.Infrastructure.Tests.Unit/bin/Release/net8.0/UCR.ECCI.PI.ThemePark.Backend.Infrastructure.Tests.Unit.dll" adapterTypeName="executor://nunit3testexecutor/" className="UCR.ECCI.PI.ThemePark.Backend.Infrastructure.Tests.Unit.SqlPersonRepositoryTests" name="AddAsync_ValidPerson_AddsToDbSetAndCallsSaveChanges" />
    </UnitTest>
    <UnitTest name="GetByIdAsync_NonExistingId_ReturnsNull" storage="/workspace/backend.infrastructure.tests.unit/bin/release/net8.0/ucr.ecci.pi.themepark.backend.infrastructure.tests.unit.dll" id="ca85c2c0-876e-eb19-96c5-5a3d680f05a5">
      <Execution id="c0f7e630-9a5f-4f43-aff5-2becb7717946" />
      <TestMethod codeBase="/workspace/Backend.Infrastructure.Tests.Unit/bin/Release/net8.0/UCR.ECCI.PI.ThemePark.Backend.Infrastructure.Tests.Unit.dll" adapterTypeName="executor://nunit3testexecutor/" className="UCR.ECCI.PI.ThemePark.Backend.Infrastructure.Tests.Unit.SqlBuildingRepositoryUpdateTests" name="GetByIdAsync_NonExistingId_ReturnsNull" />
    </UnitTest>
    <UnitTest name="ExistsByEmailAsync_EmailDoesNotExist_ReturnsFalse" storage="/workspace/backend.infrastructure.tests.unit/bin/release/net8.0/ucr.ecci.pi.themepark.backend.infrastructure.tests.unit.dll" id="cfa8760d-306a-18f3-4d50-b8a61b02ee5a">
      <Execution id="ebf664e7-8c20-41e8-aa1e-eb1503c192dd" />
      <TestMethod codeBase="/workspace/Backend.Infrastructure.Tests.Unit/bin/Release/net8.0/UCR.ECCI.PI.ThemePark.Backend.Infrastructure.Tests.Unit.dll" adapterTypeName="executor://nunit3testexecutor/" className="UCR.ECCI.PI.ThemePark.Backend.Infrastructure.Tests.Unit.SqlPersonRepositoryTests" name="ExistsByEmailAsync_EmailDoesNotExist_ReturnsFalse" />
    </UnitTest>
    <UnitTest name="AddAsync_SaveChangesFails_ThrowsDatabaseException" storage="/workspace/backend.infrastructure.tests.unit/bin/release/net8.0/ucr.ecci.pi.themepark.backend.infrastructure.tests.unit.dll" id="7a2db7ec-a266-8e80-6fd5-45fec7e79c01">
      <Execution id="2db0b876-be02-4206-8bf4-8e46edbce343" />
      <TestMethod codeBase="/workspace/Backend.Infrastructure.Tests.Unit/bin/Release/net8.0/UCR.ECCI.PI.ThemePark.Backend.Infrastructure.Tests.Unit.dll" adapterTypeName="executor://nunit3testexecutor/" className="UCR.ECCI.PI.ThemePark.Backend.Infrastructure.Tests.Unit.SqlWhiteboardRepositoryTests" name="AddAsync_SaveChangesFails_ThrowsDatabaseException" />
    </UnitTest>
    <UnitTest name="ExistsByNameAsync_BuildingExists_ReturnsTrue" storage="/workspace/backend.infrastructure.tests.unit/bin/release/net8.0/ucr.ecci.pi.themepark.backend.infrastructure.tests.unit.dll" id="74705735-7cf7-edbf-2e37-d4beac4b07a7">
      <Execution id="e4240b20-7ee2-4967-95ba-87fca1792f8d" />
      <TestMethod codeBase="/workspace/Backend.Infrastructure.Tests.Unit/bin/Release/net8.0/UCR.ECCI.PI.ThemePark.Backend.Infrastructure.Tests.Unit.dll" adapterTypeName="executor://nunit3testexecutor/" className="UCR.ECCI.PI.ThemePark.Backend.Infrastructure.Tests.Unit.SqlBuildingRepositoryTests" name="ExistsByNameAsync_BuildingExists_ReturnsTrue" />
    </UnitTest>
    <UnitTest name="ExistsByNameAsync_UniversityDoesNotExist_ReturnsFalse" storage="/workspace/backend.infrastructure.tests.unit/bin/release/net8.0/ucr.ecci.pi.themepark.backend.infrastructure.tests.unit.dll" id="440906eb-7c32-5881-f236-135a1f9642be">
      <Execution id="8cb7f66a-f96d-49dc-bf68-efa8cf18b37e" />
      <TestMethod codeBase="/workspace/Backend.Infrastructure.Tests.Unit/bin/Release/net8.0/UCR.ECCI.PI.ThemePark.Backend.Infrastructure.Tests.Unit.dll" adapterTypeName="executor://nunit3testexecutor/" className="UCR.ECCI.PI.ThemePark.Backend.Infrastructure.Tests.Unit.SqlUniversityRepositoryTests" name="ExistsByNameAsync_UniversityDoesNotExist_ReturnsFalse" />
    </UnitTest>
    <UnitTest name="AddAsync_MultipleLearningSpaces_CallsAddForEachEntity" storage="/workspace/backend.infrastructure.tests.unit/bin/release/net8.0/ucr.ecci.pi.themepark.backend.infrastructure.tests.unit.dll" id="80f55917-cdee-a912-df4c-b6f50d8ac45f">
      <Execution id="f2c1adee-7671-4a12-bdd4-bcdf0528da88" />
      <TestMethod codeBase="/workspace/Backend.Infrastructure.Tests.Unit/bin/Release/net8.0/UCR.ECCI.PI.ThemePark.Backend.Infrastructure.Tests.Unit.dll" adapterTypeName="executor://nunit3testexecutor/" className="UCR.ECCI.PI.ThemePark.Backend.Infrastructure.Tests.Unit.SqlLearningSpaceRepositoryTests" name="AddAsync_MultipleLearningSpaces_CallsAddForEachEntity" />
    </UnitTest>
    <UnitTest name="GetByIdAsync_ExistingBuilding_ReturnsBuilding" storage="/workspace/backend.infrastructure.tests.unit/bin/release/net8.0/ucr.ecci.pi.themepark.backend.infrastructure.tests.unit.dll" id="2e29cc78-9945-f713-b5b7-b38728aa89c4">
      <Execution id="c96f9f6b-e885-45db-8bf2-beee8883d75a" />
      <TestMethod codeBase="/workspace/Backend.Infrastructure.Tests.Unit/bin/Release/net8.0/UCR.ECCI.PI.ThemePark.Backend.Infrastructure.Tests.Unit.dll" adapterTypeName="executor://nunit3testexecutor/" className="UCR.ECCI.PI.ThemePark.Backend.Infrastructure.Tests.Unit.SqlBuildingRepositoryUpdateTests" name="GetByIdAsync_ExistingBuilding_ReturnsBuilding" />
    </UnitTest>
    <UnitTest name="ExistsByNameAsync_BuildingDoesNotExist_ReturnsFalse" storage="/workspace/backend.infrastructure.tests.unit/bin/release/net8.0/ucr.ecci.pi.themepark.backend.infrastructure.tests.unit.dll" id="a866b79a-6158-bb1f-4bb5-c1fcc984d60d">
      <Execution id="b09dea2f-4b28-4231-ad13-a99f623efa76" />
      <TestMethod codeBase="/workspace/Backend.Infrastructure.Tests.Unit/bin/Release/net8.0/UCR.ECCI.PI.ThemePark.Backend.Infrastructure.Tests.Unit.dll" adapterTypeName="executor://nunit3testexecutor/" className="UCR.ECCI.PI.ThemePark.Backend.Infrastructure.Tests.Unit.SqlBuildingRepositoryTests" name="ExistsByNameAsync_BuildingDoesNotExist_ReturnsFalse" />
    </UnitTest>
    <UnitTest name="ExistsAsync_ComponentExists_ReturnsTrue" storage="/workspace/backend.infrastructure.tests.unit/bin/release/net8.0/ucr.ecci.pi.themepark.backend.infrastructure.tests.unit.dll" id="7384165b-9f31-8ea0-4ab2-b928d51873c0">
      <Execution id="0fa9a9d0-8ff8-4c99-a4a8-c87135a2e63c" />
      <TestMethod codeBase="/workspace/Backend.Infrastructure.Tests.Unit/bin/Release/net8.0/UCR.ECCI.PI.ThemePark.Backend.Infrastructure.Tests.Unit.dll" adapterTypeName="executor://nunit3testexecutor/" className="UCR.ECCI.PI.ThemePark.Backend.Infrastructure.Tests.Unit.SqlLearningComponentRepositoryCreateTests" name="ExistsAsync_ComponentExists_ReturnsTrue" />
    </UnitTest>
    <UnitTest name="GetByIdAsync_NonExistentWhiteboard_ReturnsNull" storage="/workspace/backend.infrastructure.tests.unit/bin/release/net8.0/ucr.ecci.pi.themepark.backend.infrastructure.tests.unit.dll" id="fa6e0d93-1d6e-7d72-3d50-3ec0708f574c">
      <Execution id="8cd23554-28c0-4d27-a55a-2bae272c4048" />
      <TestMethod codeBase="/workspace/Backend.Infrastructure.Tests.Unit/bin/Release/net8.0/UCR.ECCI.PI.ThemePark.Backend.Infrastructure.Tests.Unit.dll" adapterTypeName="executor://nunit3testexecutor/" className="UCR.ECCI.PI.ThemePark.Backend.Infrastructure.Tests.Unit.SqlWhiteboardRepositoryUpdateTests" name="GetByIdAsync_NonExistentWhiteboard_ReturnsNull" />
    </UnitTest>
    <UnitTest name="UpdateAsync_ValidWhiteboard_UpdatesAndSaves" storage="/workspace/backend.infrastructure.tests.unit/bin/release/net8.0/ucr.ecci.pi.themepark.backend.infrastructure.tests.unit.dll" id="cabac07f-0115-2356-1d37-43e0979e24ef">
      <Execution id="36f26577-60b6-44e2-97dd-5014bd6c977e" />
      <TestMethod codeBase="/workspace/Backend.Infrastructure.Tests.Unit/bin/Release/net8.0/UCR.ECCI.PI.ThemePark.Backend.Infrastructure.Tests.Unit.dll" adapterTypeName="executor://nunit3testexecutor/" className="UCR.ECCI.PI.ThemePark.Backend.Infrastructure.Tests.Unit.SqlWhiteboardRepositoryUpdateTests" name="UpdateAsync_ValidWhiteboard_UpdatesAndSaves" />
    </UnitTest>
    <UnitTest name="GetComponentsByLearningSpaceIdAsync_ValidIdWithComponents_ReturnsList" storage="/workspace/backend.infrastructure.tests.unit/bin/release/net8.0/ucr.ecci.pi.themepark.backend.infrastructure.tests.unit.dll" id="20bce922-6b11-3dd0-7e7c-75e0fa3a35c9">
      <Execution id="84980be1-3cd1-4586-b31c-087a0874f3ec" />
      <TestMethod codeBase="/workspace/Backend.Infrastructure.Tests.Unit/bin/Release/net8.0/UCR.ECCI.PI.ThemePark.Backend.Infrastructure.Tests.Unit.dll" adapterTypeName="executor://nunit3testexecutor/" className="UCR.ECCI.PI.ThemePark.Backend.Infrastructure.Tests.Unit.SqlLearningComponentRepositoryTests" name="GetComponentsByLearningSpaceIdAsync_ValidIdWithComponents_ReturnsList" />
    </UnitTest>
    <UnitTest name="ExistsAsync_ComponentDoesNotExist_ReturnsFalse" storage="/workspace/backend.infrastructure.tests.unit/bin/release/net8.0/ucr.ecci.pi.themepark.backend.infrastructure.tests.unit.dll" id="9b3c7b0d-25f2-396c-0ddc-be74763f77ba">
      <Execution id="86b3df8c-a4fd-4f24-9be3-49db94372110" />
      <TestMethod codeBase="/workspace/Backend.Infrastructure.Tests.Unit/bin/Release/net8.0/UCR.ECCI.PI.ThemePark.Backend.Infrastructure.Tests.Unit.dll" adapterTypeName="executor://nunit3testexecutor/" className="UCR.ECCI.PI.ThemePark.Backend.Infrastructure.Tests.Unit.SqlLearningComponentRepositoryCreateTests" name="ExistsAsync_ComponentDoesNotExist_ReturnsFalse" />
    </UnitTest>
  </TestDefinitions>
  <TestEntries>
    <TestEntry testId="14388181-90b0-1a1f-9598-4da6b7a1389f" executionId="1e08b1fd-6c9c-4185-a228-04e15e961451" testListId="8c84fa94-04c1-424b-9868-57a2d4851a1d" />
    <TestEntry testId="608ed9dd-373a-8bef-8869-015a6b360119" executionId="90ddec6a-1833-45c3-b886-e9b58951d7b7" testListId="8c84fa94-04c1-424b-9868-57a2d4851a1d" />
    <TestEntry testId="9dba4052-b197-0e54-4a88-0c0761a43fe0" executionId="3bb50168-3487-44ea-9c73-8b498aa2654e" testListId="8c84fa94-04c1-424b-9868-57a2d4851a1d" />
    <TestEntry testId="a866b79a-6158-bb1f-4bb5-c1fcc984d60d" executionId="b09dea2f-4b28-4231-ad13-a99f623efa76" testListId="8c84fa94-04c1-424b-9868-57a2d4851a1d" />
    <TestEntry testId="03ae0261-f544-d9e0-bfcc-c301017c7897" executionId="c5e2fd08-46d7-46fa-a684-42326932157e" testListId="8c84fa94-04c1-424b-9868-57a2d4851a1d" />
    <TestEntry testId="020a5432-8ce1-187b-4114-5ce542074264" executionId="a3c0e60d-049b-4944-8e26-6a57df32bde7" testListId="8c84fa94-04c1-424b-9868-57a2d4851a1d" />
    <TestEntry testId="dc89fba1-ce54-1fb4-bf59-f33697b8d4ff" executionId="91a3dae6-caaf-420b-9bf2-8a078b2dedd0" testListId="8c84fa94-04c1-424b-9868-57a2d4851a1d" />
    <TestEntry testId="cfa8760d-306a-18f3-4d50-b8a61b02ee5a" executionId="ebf664e7-8c20-41e8-aa1e-eb1503c192dd" testListId="8c84fa94-04c1-424b-9868-57a2d4851a1d" />
    <TestEntry testId="5e6b6ecc-5263-32ca-105b-50e7a1160ff1" executionId="ba6b1038-19cd-4665-b189-209a959e1246" testListId="8c84fa94-04c1-424b-9868-57a2d4851a1d" />
    <TestEntry testId="d17a15e8-7f96-2a39-8928-4a7d1a61ee6b" executionId="b002df64-713f-4d1b-a203-84f1cb0d4855" testListId="8c84fa94-04c1-424b-9868-57a2d4851a1d" />
    <TestEntry testId="db24ca3a-aed2-785a-72c6-e8bb500684f4" executionId="c37baea5-8b57-4dc0-ac7d-de937f4214c6" testListId="8c84fa94-04c1-424b-9868-57a2d4851a1d" />
    <TestEntry testId="66920399-61af-fdad-d641-833ec78aa0b0" executionId="b7fdb7bd-2fea-4c02-b1b4-d84ff59e4c27" testListId="8c84fa94-04c1-424b-9868-57a2d4851a1d" />
    <TestEntry testId="476012b1-bf9a-e01b-8dea-a7333c9924cc" executionId="84ce6fa3-9004-42dc-a564-f219eb329fb3" testListId="8c84fa94-04c1-424b-9868-57a2d4851a1d" />
    <TestEntry testId="4d10ec4e-db24-54e8-3343-3e47ba9feb8f" executionId="09648d2d-95f9-4269-96df-2b1fafad7ecd" testListId="8c84fa94-04c1-424b-9868-57a2d4851a1d" />
    <TestEntry testId="74705735-7cf7-edbf-2e37-d4beac4b07a7" executionId="e4240b20-7ee2-4967-95ba-87fca1792f8d" testListId="8c84fa94-04c1-424b-9868-57a2d4851a1d" />
    <TestEntry testId="6a0027cd-2596-b887-5382-015dfc14571b" executionId="0de52e97-e6f0-444c-81fe-7abff8d85dae" testListId="8c84fa94-04c1-424b-9868-57a2d4851a1d" />
    <TestEntry testId="5979b915-3030-7596-88a6-06fe246113af" executionId="e4a750f0-546a-43fa-83e9-85174b1dd929" testListId="8c84fa94-04c1-424b-9868-57a2d4851a1d" />
    <TestEntry testId="80f55917-cdee-a912-df4c-b6f50d8ac45f" executionId="f2c1adee-7671-4a12-bdd4-bcdf0528da88" testListId="8c84fa94-04c1-424b-9868-57a2d4851a1d" />
    <TestEntry testId="b169ece1-f1aa-1008-b7df-3b8b24277612" executionId="daf6f9d5-41b2-45aa-afc0-88057e47549a" testListId="8c84fa94-04c1-424b-9868-57a2d4851a1d" />
    <TestEntry testId="440906eb-7c32-5881-f236-135a1f9642be" executionId="8cb7f66a-f96d-49dc-bf68-efa8cf18b37e" testListId="8c84fa94-04c1-424b-9868-57a2d4851a1d" />
    <TestEntry testId="45776e61-70fc-38ba-0569-0ba220a79383" executionId="59b47e36-c00c-40c9-be4a-3b6b8580a9dc" testListId="8c84fa94-04c1-424b-9868-57a2d4851a1d" />
    <TestEntry testId="5144c2e7-fb9a-b687-b456-87a30eb72943" executionId="9bd0025a-24cf-47d9-bde4-329f69af504c" testListId="8c84fa94-04c1-424b-9868-57a2d4851a1d" />
    <TestEntry testId="7384165b-9f31-8ea0-4ab2-b928d51873c0" executionId="0fa9a9d0-8ff8-4c99-a4a8-c87135a2e63c" testListId="8c84fa94-04c1-424b-9868-57a2d4851a1d" />
    <TestEntry testId="7a2db7ec-a266-8e80-6fd5-45fec7e79c01" executionId="2db0b876-be02-4206-8bf4-8e46edbce343" testListId="8c84fa94-04c1-424b-9868-57a2d4851a1d" />
    <TestEntry testId="ca85c2c0-876e-eb19-96c5-5a3d680f05a5" executionId="c0f7e630-9a5f-4f43-aff5-2becb7717946" testListId="8c84fa94-04c1-424b-9868-57a2d4851a1d" />
    <TestEntry testId="fa6e0d93-1d6e-7d72-3d50-3ec0708f574c" executionId="8cd23554-28c0-4d27-a55a-2bae272c4048" testListId="8c84fa94-04c1-424b-9868-57a2d4851a1d" />
    <TestEntry testId="320f2472-612f-1df6-c4d5-e514c9e53c18" executionId="6da1f656-5b62-4f28-b5a9-9efd73a3cb8c" testListId="8c84fa94-04c1-424b-9868-57a2d4851a1d" />
    <TestEntry testId="e3fe7c23-e5cd-1b1b-4f39-5b1850f20339" executionId="c570a641-4089-455d-b745-a8473692e77b" testListId="8c84fa94-04c1-424b-9868-57a2d4851a1d" />
    <TestEntry testId="2e29cc78-9945-f713-b5b7-b38728aa89c4" executionId="c96f9f6b-e885-45db-8bf2-beee8883d75a" testListId="8c84fa94-04c1-424b-9868-57a2d4851a1d" />
    <TestEntry testId="5b4b3199-de53-b8d0-0670-582c9b9620bf" executionId="14e4aa6a-0633-46df-911a-d3293002f110" testListId="8c84fa94-04c1-424b-9868-57a2d4851a1d" />
    <TestEntry testId="cabac07f-0115-2356-1d37-43e0979e24ef" executionId="36f26577-60b6-44e2-97dd-5014bd6c977e" testListId="8c84fa94-04c1-424b-9868-57a2d4851a1d" />
    <TestEntry testId="f6657235-7387-e229-33cc-1bac7383e9cd" executionId="c8111e50-096c-4146-a9e3-6f2a94b7df55" testListId="8c84fa94-04c1-424b-9868-57a2d4851a1d" />
    <TestEntry testId="20bce922-6b11-3dd0-7e7c-75e0fa3a35c9" executionId="84980be1-3cd1-4586-b31c-087a0874f3ec" testListId="8c84fa94-04c1-424b-9868-57a2d4851a1d" />
    <TestEntry testId="9b3c7b0d-25f2-396c-0ddc-be74763f77ba" executionId="86b3df8c-a4fd-4f24-9be3-49db94372110" testListId="8c84fa94-04c1-424b-9868-57a2d4851a1d" />
  </TestEntries>
  <TestLists>
    <TestList name="Results Not in a List" id="8c84fa94-04c1-424b-9868-57a2d4851a1d" />
    <TestList name="All Loaded Results" id="19431567-8539-422a-85d7-44ee4e166bda" />
  </TestLists>
  <ResultSummary outcome="Completed">
    <Counters total="34" executed="34" passed="34" failed="0" error="0" timeout="0" aborted="0" inconclusive="0" passedButRunAborted="0" notRunnable="0" notExecuted="0" disconnected="0" warning="0" completed="0" inProgress="0" pending="0" />
    <Output>
      <StdOut>NUnit Adapter 4.6.0.0: Test execution started
Running all tests in /workspace/Backend.Infrastructure.Tests.Unit/bin/Release/net8.0/UCR.ECCI.PI.ThemePark.Backend.Infrastructure.Tests.Unit.dll
   NUnit3TestExecutor discovered 34 of 34 NUnit test cases using Current Discovery mode, Non-Explicit run
NUnit Adapter 4.6.0.0: Test execution complete
</StdOut>
    </Output>
    <CollectorDataEntries>
      <Collector agentName="89099532b072" uri="datacollector://microsoft/CoverletCodeCoverage/1.0" collectorDisplayName="XPlat code coverage">
        <UriAttachments>
          <UriAttachment>
            <A href="89099532b072/coverage.cobertura.xml"></A>
          </UriAttachment>
        </UriAttachments>
      </Collector>
    </CollectorDataEntries>
  </ResultSummary>
</TestRun>