<?xml version="1.0" encoding="utf-8"?>
<TestRun id="768dd6ca-4dd1-46cc-bf84-6ad570b47427" name="@3094a39cc547 2026-09-27 21:40:08" xmlns="http://microsoft.com/schemas/VisualStudio/TeamTest/2010">
  <Times creation="2026-09-27T21:40:08.4535270+00:00" queuing="2026-09-27T21:40:08.4535271+00:00" start="2026-09-27T21:40:07.9002588+00:00" finish="2026-09-27T21:40:08.6065980+00:00" />
  <TestSettings name="default" id="54e76cbf-69b4-417d-aeb3-149662d64f53">
    <Deployment runDeploymentRoot="_3094a39cc547_2026-09-27_21_40_08" />
  </TestSettings>
  <Results>
    <UnitTestResult executionId="2663db90-4248-4d25-baee-80ad44a5a382" testId="df1ed283-2d9e-fb1e-cea7-62916c283fe4" testName="HandleAsync_PositionOverlaps_ReturnsBadRequest" computerName="3094a39cc547" duration="00:00:00.0002400" startTime="2026-09-27T21:40:08.4806840+00:00" endTime="2026-09-27T21:40:08.4809244+00:00" testType="13cdc9d9-ddb5-4fa4-a97d-d965ccfc6d4b" outcome="Passed" testListId="8c84fa94-04c1-424b-9868-57a2d4851a1d" relativeResultsDirectory="2663db90-4248-4d25-baee-80ad44a5a382" />
    <UnitTestResult executionId="3a6787d6-cd94-4b73-8579-319e2a02be4f" testId="b8e1803a-1423-709a-6da0-c41b2f2134cb" testName="Validate_InvalidLastName_ReturnsValidationError(&quot;&quot;)" computerName="3094a39cc547" duration="00:00:00.0000349" startTime="2026-09-27T21:40:08.4504901+00:00" endTime="2026-09-27T21:40:08.4505251+00:00" testType="13cdc9d9-ddb5-4fa4-a97d-d965ccfc6d4b" outcome="Passed" testListId="8c84fa94-04c1-424b-9868-57a2d4851a1d" relativeResultsDirectory="3a6787d6-cd94-4b73-8579-319e2a02be4f" />
    <UnitTestResult executionId="f57535e5-b089-46e7-843b-7055194bedbf" testId="edadcd39-105b-b61b-2546-9b37f138cafb" testName="Validate_InvalidIdentityNumber_ReturnsValidationError(null)" computerName="3094a39cc547" duration="00:00:00.0000749" startTime="2026-09-27T21:40:08.4502903+00:00" endTime="2026-09-27T21:40:08.4503653+00:00" testType="13cdc9d9-ddb5-4fa4-a97d-d965ccfc6d4b" outcome="Passed" testListId="8c84fa94-04c1-424b-9868-57a2d4851a1d" relativeResultsDirectory="f57535e5-b089-46e7-843b-7055194bedbf" />
    <UnitTestResult executionId="07487091-77a3-467b-a8b4-98165b0457a6" testId="e987cd9f-9b1d-017c-2718-6ade1be738a4" testName="Validate_InvalidEmail_ReturnsValidationError(null)" computerName="3094a39cc547" duration="00:00:00.0004900" startTime="2026-09-27T21:40:08.4494763+00:00" endTime="2026-09-27T21:40:08.4499657+00:00" testType="13cdc9d9-ddb5-4fa4-a97d-d965ccfc6d4b" outcome="Passed" testListId="8c84fa94-04c1-424b-9868-57a2d4851a1d" relativeResultsDirectory="07487091-77a3-467b-a8b4-98165b0457a6" />
    <UnitTestResult executionId="37cd6d1f-4a4f-427a-a0f7-91da96de9254" testId="d4665a49-384c-cba1-da02-b99e2da8eb41" testName="Validate_FutureBirthDate_ReturnsValidationError" computerName="3094a39cc547" duration="00:00:00.0162859" startTime="2026-09-27T21:40:08.4331561+00:00" endTime="2026-09-27T21:40:08.4494417+00:00" testType="13cdc9d9-ddb5-4fa4-a97d-d965ccfc6d4b" outcome="Passed" testListId="8c84fa94-04c1-424b-9868-57a2d4851a1d" relativeResultsDirectory="37cd6d1f-4a4f-427a-a0f7-91da96de9254" />
    <UnitTestResult executionId="a18dd89e-398b-4c81-b53a-de4f21fb606a" testId="f44c8833-0d97-8355-0679-80abbaaef053" testName="Constructor_ValidBuildingsList_BuildingsPropertySetCorrectly" computerName="3094a39cc547" duration="00:00:00.0001120" startTime="2026-09-27T21:40:08.4735244+00:00" endTime="2026-09-27T21:40:08.4736360+00:00" testType="13cdc9d9-ddb5-4fa4-a97d-d965ccfc6d4b" outcome="Passed" testListId="8c84fa94-04c1-424b-9868-57a2d4851a1d" relativeResultsDirectory="a18dd89e-398b-4c81-b53a-de4f21fb606a" />
    <UnitTestResult executionId="58efc911-5c19-46ea-8d05-87ba16e37f17" testId="dbc4bceb-7aba-1e33-2ec6-1d664c5b17de" testName="HandleAsync_PersonAlreadyExists_ReturnsConflict" computerName="3094a39cc547" duration="00:00:00.0003200" startTime="2026-09-27T21:40:08.4680348+00:00" endTime="2026-09-27T21:40:08.4683551+00:00" testType="13cdc9d9-ddb5-4fa4-a97d-d965ccfc6d4b" outcome="Passed" testListId="8c84fa94-04c1-424b-9868-57a2d4851a1d" relativeResultsDirectory="58efc911-5c19-46ea-8d05-87ba16e37f17" />
    <UnitTestResult executionId="fa8ae667-c7a0-49c5-91ea-e53c24d013d4" testId="9b09f633-2751-d98f-bafd-580b646437d5" testName="Validate_InvalidLastName_ReturnsValidationError(null)" computerName="3094a39cc547" duration="00:00:00.0000800" startTime="2026-09-27T21:40:08.4504085+00:00" endTime="2026-09-27T21:40:08.4504881+00:00" testType="13cdc9d9-ddb5-4fa4-a97d-d965ccfc6d4b" outcome="Passed" testListId="8c84fa94-04c1-424b-9868-57a2d4851a1d" relativeResultsDirectory="fa8ae667-c7a0-49c5-91ea-e53c24d013d4" />
    <UnitTestResult executionId="63e56c76-5e9b-4316-bc1a-b132abab6549" testId="abeff047-4376-a3bb-f3d8-0e0fc3343f6a" testName="HandleAsync_NonExistentSpace_ReturnsNotFound" computerName="3094a39cc547" duration="00:00:00.0005320" startTime="2026-09-27T21:40:08.4740791+00:00" endTime="2026-09-27T21:40:08.4746107+00:00" testType="13cdc9d9-ddb5-4fa4-a97d-d965ccfc6d4b" outcome="Passed" testListId="8c84fa94-04c1-424b-9868-57a2d4851a1d" relativeResultsDirectory="63e56c76-5e9b-4316-bc1a-b132abab6549" />
    <UnitTestResult executionId="4dd06ad2-20f3-4ede-a1d7-f6ed1cfb69be" testId="f03c6187-e80a-db10-befe-0ce6de79b6e5" testName="HandleAsync_InvalidId_ReturnsBadRequest(&quot;&quot;)" computerName="3094a39cc547" duration="00:00:00.0003440" startTime="2026-09-27T21:40:08.4736617+00:00" endTime="2026-09-27T21:40:08.4740057+00:00" testType="13cdc9d9-ddb5-4fa4-a97d-d965ccfc6d4b" outcome="Passed" testListId="8c84fa94-04c1-424b-9868-57a2d4851a1d" relativeResultsDirectory="4dd06ad2-20f3-4ede-a1d7-f6ed1cfb69be" />
    <UnitTestResult executionId="5d228719-0770-4a91-bc7d-adb441aa36fe" testId="35b0f341-14f5-cccc-88bd-6e2f33c98ef8" testName="HandleAsync_InvalidMarkerColor_ReturnsBadRequest" computerName="3094a39cc547" duration="00:00:00.0012849" startTime="2026-09-27T21:40:08.4789993+00:00" endTime="2026-09-27T21:40:08.4802847+00:00" testType="13cdc9d9-ddb5-4fa4-a97d-d965ccfc6d4b" outcome="Passed" testListId="8c84fa94-04c1-424b-9868-57a2d4851a1d" relativeResultsDirectory="5d228719-0770-4a91-bc7d-adb441aa36fe" />
    <UnitTestResult executionId="30e38355-10c8-4acb-bf2d-ce7a1b48d55e" testId="882f5910-a682-2027-e5d6-81f070879206" testName="HandleAsync_UnexpectedException_ReturnsInternalServerError" computerName="3094a39cc547" duration="00:00:00.0006410" startTime="2026-09-27T21:40:08.4309994+00:00" endTime="2026-09-27T21:40:08.4316408+00:00" testType="13cdc9d9-ddb5-4fa4-a97d-d965ccfc6d4b" outcome="Passed" testListId="8c84fa94-04c1-424b-9868-57a2d4851a1d" relativeResultsDirectory="30e38355-10c8-4acb-bf2d-ce7a1b48d55e" />
    <UnitTestResult executionId="b62c3948-cade-4209-96cf-af0082df9580" testId="5256d48e-67b1-ec70-7855-91b9720a9782" testName="HandleAsync_ValidRequest_ReturnsOkWithUpdatedData" computerName="3094a39cc547" duration="00:00:00.0002799" startTime="2026-09-27T21:40:08.4809328+00:00" endTime="2026-09-27T21:40:08.4812125+00:00" testType="13cdc9d9-ddb5-4fa4-a97d-d965ccfc6d4b" outcome="Passed" testListId="8c84fa94-04c1-424b-9868-57a2d4851a1d" relativeResultsDirectory="b62c3948-cade-4209-96cf-af0082df9580" />
    <UnitTestResult executionId="95bf9002-9093-48ea-b2a7-820b8d7a98c1" testId="562c517e-0eef-f05a-5467-d488bd51f607" testName="HandleAsync_NoBuildingsExist_ReturnsOkWithEmptyList" computerName="3094a39cc547" duration="00:00:00.0005999" startTime="2026-09-27T21:40:08.4728846+00:00" endTime="2026-09-27T21:40:08.4734844+00:00" testType="13cdc9d9-ddb5-4fa4-a97d-d965ccfc6d4b" outcome="Passed" testListId="8c84fa94-04c1-424b-9868-57a2d4851a1d" relativeResultsDirectory="95bf9002-9093-48ea-b2a7-820b8d7a98c1" />
    <UnitTestResult executionId="6876ba0a-654f-4048-9006-705da200dc5c" testId="482d52f5-f3d3-285b-4347-39e13a9ca389" testName="MapEndpoint_EndpointMapped_CreatesCorrectRoute" computerName="3094a39cc547" duration="00:00:00.0154200" startTime="2026-09-27T21:40:08.4505613+00:00" endTime="2026-09-27T21:40:08.4659807+00:00" testType="13cdc9d9-ddb5-4fa4-a97d-d965ccfc6d4b" outcome="Passed" testListId="8c84fa94-04c1-424b-9868-57a2d4851a1d" relativeResultsDirectory="6876ba0a-654f-4048-9006-705da200dc5c" />
    <UnitTestResult executionId="b336b2ed-e17f-463b-bc4d-9ad881d1bb44" testId="c3bc545d-e4ee-8556-d6de-8e80184bab70" testName="Validate_InvalidFirstName_ReturnsValidationError(&quot;&quot;)" computerName="3094a39cc547" duration="00:00:00.0000430" startTime="2026-09-27T21:40:08.4502388+00:00" endTime="2026-09-27T21:40:08.4502817+00:00" testType="13cdc9d9-ddb5-4fa4-a97d-d965ccfc6d4b" outcome="Passed" testListId="8c84fa94-04c1-424b-9868-57a2d4851a1d" relativeResultsDirectory="b336b2ed-e17f-463b-bc4d-9ad881d1bb44" />
    <UnitTestResult executionId="da0a72a2-127e-4223-93dd-a9d4b4a5d3f2" testId="e4992ac7-72aa-bfaf-df04-32a0bd1137bb" testName="HandleAsync_InvalidData_ReturnsBadRequest" computerName="3094a39cc547" duration="00:00:00.0004790" startTime="2026-09-27T21:40:08.4259617+00:00" endTime="2026-09-27T21:40:08.4264406+00:00" testType="13cdc9d9-ddb5-4fa4-a97d-d965ccfc6d4b" outcome="Passed" testListId="8c84fa94-04c1-424b-9868-57a2d4851a1d" relativeResultsDirectory="da0a72a2-127e-4223-93dd-a9d4b4a5d3f2" />
    <UnitTestResult executionId="0130411b-bf20-415d-afb3-8b95be51839a" testId="99559d53-e937-a20d-20ee-c53431996412" testName="HandleAsync_BuildingsExist_ReturnsOkWithBuildings" computerName="3094a39cc547" duration="00:00:00.0016240" startTime="2026-09-27T21:40:08.4712483+00:00" endTime="2026-09-27T21:40:08.4728720+00:00" testType="13cdc9d9-ddb5-4fa4-a97d-d965ccfc6d4b" outcome="Passed" testListId="8c84fa94-04c1-424b-9868-57a2d4851a1d" relativeResultsDirectory="0130411b-bf20-415d-afb3-8b95be51839a" />
    <UnitTestResult executionId="6c947ccf-4518-4d6e-96fd-3b732b447dfa" testId="8a2671a8-2e7f-60f5-fce3-70afed33cc3d" testName="HandleAsync_UnexpectedException_ReturnsInternalServerError" computerName="3094a39cc547" duration="00:00:00.0002120" startTime="2026-09-27T21:40:08.4699722+00:00" endTime="2026-09-27T21:40:08.4701837+00:00" testType="13cdc9d9-ddb5-4fa4-a97d-d965ccfc6d4b" outcome="Passed" testListId="8c84fa94-04c1-424b-9868-57a2d4851a1d" relativeResultsDirectory="6c947ccf-4518-4d6e-96fd-3b732b447dfa" />
    <UnitTestResult executionId="5d6dbb0b-f020-4343-857b-e21e2426da66" testId="ea100878-ce17-320f-d3a5-9ec17b3af060" testName="Validate_InvalidEmail_ReturnsValidationError(&quot;&quot;)" computerName="3094a39cc547" duration="00:00:00.0000740" startTime="2026-09-27T21:40:08.4499756+00:00" endTime="2026-09-27T21:40:08.4500490+00:00" testType="13cdc9d9-ddb5-4fa4-a97d-d965ccfc6d4b" outcome="Passed" testListId="8c84fa94-04c1-424b-9868-57a2d4851a1d" relativeResultsDirectory="5d6dbb0b-f020-4343-857b-e21e2426da66" />
    <UnitTestResult executionId="a0a5900a-a3ce-499f-a4ae-4b069a516a79" testId="20a433f0-5351-99e2-0165-b5d5a12bac77" testName="HandleAsync_PositionExceedsBoundaries_ReturnsBadRequest" computerName="3094a39cc547" duration="00:00:00.0003790" startTime="2026-09-27T21:40:08.4802966+00:00" endTime="2026-09-27T21:40:08.4806754+00:00" testType="13cdc9d9-ddb5-4fa4-a97d-d965ccfc6d4b" outcome="Passed" testListId="8c84fa94-04c1-424b-9868-57a2d4851a1d" relativeResultsDirectory="a0a5900a-a3ce-499f-a4ae-4b069a516a79" />
    <UnitTestResult executionId="56f58bc3-a89e-4f8a-a14f-4fafcd1fc320" testId="0038e8fc-1cfd-5d98-6512-abb2418c897b" testName="HandleAsync_DuplicateId_ReturnsConflict" computerName="3094a39cc547" duration="00:00:00.0032560" startTime="2026-09-27T21:40:08.4226985+00:00" endTime="2026-09-27T21:40:08.4259541+00:00" testType="13cdc9d9-ddb5-4fa4-a97d-d965ccfc6d4b" outcome="Passed" testListId="8c84fa94-04c1-424b-9868-57a2d4851a1d" relativeResultsDirectory="56f58bc3-a89e-4f8a-a14f-4fafcd1fc320" />
    <UnitTestResult executionId="ac19d8f0-1534-45ca-b0ef-d5276676ca44" testId="efc9430b-faf8-d6a3-dcab-5f5f59d082c0" testName="HandleAsync_SuccessfulCreation_ReturnsOkWithSuccessMessage" computerName="3094a39cc547" duration="00:00:00.0010100" startTime="2026-09-27T21:40:08.4196794+00:00" endTime="2026-09-27T21:40:08.4206894+00:00" testType="13cdc9d9-ddb5-4fa4-a97d-d965ccfc6d4b" outcome="Passed" testListId="8c84fa94-04c1-424b-9868-57a2d4851a1d" relativeResultsDirectory="ac19d8f0-1534-45ca-b0ef-d5276676ca44" />
    <UnitTestResult executionId="480bffdd-9dff-42b1-86e7-8e51c3486476" testId="e01a69ed-a484-1b78-ec97-82f5aae95052" testName="HandleAsync_InvalidId_ReturnsBadRequest(null)" computerName="3094a39cc547" duration="00:00:00.0000640" startTime="2026-09-27T21:40:08.4740090+00:00" endTime="2026-09-27T21:40:08.4740733+00:00" testType="13cdc9d9-ddb5-4fa4-a97d-d965ccfc6d4b" outcome="Passed" testListId="8c84fa94-04c1-424b-9868-57a2d4851a1d" relativeResultsDirectory="480bffdd-9dff-42b1-86e7-8e51c3486476" />
    <UnitTestResult executionId="39068162-6ada-4de9-9d5d-4191b7ff9e97" testId="3a98bd39-ff71-f002-e46c-b198ee3e9bbd" testName="HandleAsync_ArgumentException_ReturnsBadRequest(&quot;InvalidType&quot;,3.0f,8.0f,10.0f,&quot;Type must be Classroom, Auditorium, or Laboratory&quot;,&quot;Type must be Classroom&quot;)" computerName="3094a39cc547" duration="00:00:00.0015900" startTime="2026-09-27T21:40:08.4286252+00:00" endTime="2026-09-27T21:40:08.4302153+00:00" testType="13cdc9d9-ddb5-4fa4-a97d-d965ccfc6d4b" outcome="Passed" testListId="8c84fa94-04c1-424b-9868-57a2d4851a1d" relativeResultsDirectory="39068162-6ada-4de9-9d5d-4191b7ff9e97" />
    <UnitTestResult executionId="29b38d96-65fd-4f91-84e6-b7ab82e25a67" testId="92fa5c6f-15cd-2e55-bb69-00cd45db98d4" testName="HandleAsync_ValidInput_ReturnsCreated" computerName="3094a39cc547" duration="00:00:00.0004510" startTime="2026-09-27T21:40:08.4316443+00:00" endTime="2026-09-27T21:40:08.4320953+00:00" testType="13cdc9d9-ddb5-4fa4-a97d-d965ccfc6d4b" outcome="Passed" testListId="8c84fa94-04c1-424b-9868-57a2d4851a1d" relativeResultsDirectory="29b38d96-65fd-4f91-84e6-b7ab82e25a67" />
    <UnitTestResult executionId="493c9651-6b31-4185-8988-c7fd200579b3" testId="4ea72d63-2578-1351-20ed-da84c0532de4" testName="HandleAsync_ArgumentException_ReturnsBadRequest(&quot;Classroom&quot;,0.0f,8.0f,10.0f,&quot;Height must be positive and non-zero&quot;,&quot;Height must be positive&quot;)" computerName="3094a39cc547" duration="00:00:00.0005050" startTime="2026-09-27T21:40:08.4302276+00:00" endTime="2026-09-27T21:40:08.4307326+00:00" testType="13cdc9d9-ddb5-4fa4-a97d-d965ccfc6d4b" outcome="Passed" testListId="8c84fa94-04c1-424b-9868-57a2d4851a1d" relativeResultsDirectory="493c9651-6b31-4185-8988-c7fd200579b3" />
    <UnitTestResult executionId="20c3ee8f-ff51-443f-80d9-aaa9c932eba9" testId="03be9d2e-a565-80b8-efbe-99d9424b8194" testName="HandleAsync_ValidIdWithNoComponents_ReturnsOkWithEmptyList" computerName="3094a39cc547" duration="00:00:00.0035620" startTime="2026-09-27T21:40:08.4753880+00:00" endTime="2026-09-27T21:40:08.4789501+00:00" testType="13cdc9d9-ddb5-4fa4-a97d-d965ccfc6d4b" outcome="Passed" testListId="8c84fa94-04c1-424b-9868-57a2d4851a1d" relativeResultsDirectory="20c3ee8f-ff51-443f-80d9-aaa9c932eba9" />
    <UnitTestResult executionId="6cc4eb42-a039-4763-bb62-796c7243f565" testId="cf509160-105c-40d4-9eeb-31f51fdf3312" testName="HandleAsync_WithoutId_ReturnsAutoGeneratedId" computerName="3094a39cc547" duration="00:00:00.0005640" startTime="2026-09-27T21:40:08.4280143+00:00" endTime="2026-09-27T21:40:08.4285785+00:00" testType="13cdc9d9-ddb5-4fa4-a97d-d965ccfc6d4b" outcome="Passed" testListId="8c84fa94-04c1-424b-9868-57a2d4851a1d" relativeResultsDirectory="6cc4eb42-a039-4763-bb62-796c7243f565" />
    <UnitTestResult executionId="ab0a3505-f37c-439f-b476-48cd969fc241" testId="bfcea73f-35d7-c5a7-e5e8-17ef0b241d8c" testName="HandleAsync_InvalidOrientation_ReturnsBadRequest" computerName="3094a39cc547" duration="00:00:00.0011830" startTime="2026-09-27T21:40:08.4683828+00:00" endTime="2026-09-27T21:40:08.4695659+00:00" testType="13cdc9d9-ddb5-4fa4-a97d-d965ccfc6d4b" outcome="Passed" testListId="8c84fa94-04c1-424b-9868-57a2d4851a1d" relativeResultsDirectory="ab0a3505-f37c-439f-b476-48cd969fc241" />
    <UnitTestResult executionId="d0735c87-06d4-43d6-98fe-17507232498d" testId="ae69055f-9e68-ff26-b3d1-ead36de4a743" testName="HandleAsync_WithExplicitId_ReturnsProvidedId" computerName="3094a39cc547" duration="00:00:00.0015640" startTime="2026-09-27T21:40:08.4264453+00:00" endTime="2026-09-27T21:40:08.4280087+00:00" testType="13cdc9d9-ddb5-4fa4-a97d-d965ccfc6d4b" outcome="Passed" testListId="8c84fa94-04c1-424b-9868-57a2d4851a1d" relativeResultsDirectory="d0735c87-06d4-43d6-98fe-17507232498d" />
    <UnitTestResult executionId="4189fe79-667a-48b3-8dfa-8698f7cde20a" testId="922aee52-8e5f-e4c1-bc19-b3cbea8d08b7" testName="HandleAsync_ValidIdWithComponents_ReturnsOk" computerName="3094a39cc547" duration="00:00:00.0007580" startTime="2026-09-27T21:40:08.4746193+00:00" endTime="2026-09-27T21:40:08.4753775+00:00" testType="13cdc9d9-ddb5-4fa4-a97d-d965ccfc6d4b" outcome="Passed" testListId="8c84fa94-04c1-424b-9868-57a2d4851a1d" relativeResultsDirectory="4189fe79-667a-48b3-8dfa-8698f7cde20a" />
    <UnitTestResult executionId="ae5a47f6-4c21-485d-9df7-3de0e8e002e7" testId="558b1a95-7dda-64f7-9459-9e03d799acbd" testName="HandleAsync_LearningSpaceNotFound_ReturnsNotFound" computerName="3094a39cc547" duration="00:00:00.0003869" startTime="2026-09-27T21:40:08.4695762+00:00" endTime="2026-09-27T21:40:08.4699627+00:00" testType="13cdc9d9-ddb5-4fa4-a97d-d965ccfc6d4b" outcome="Passed" testListId="8c84fa94-04c1-424b-9868-57a2d4851a1d" relativeResultsDirectory="ae5a47f6-4c21-485d-9df7-3de0e8e002e7" />
    <UnitTestResult executionId="956f9b5a-e768-426d-b227-e65af87f8636" testId="69d5208b-b562-fb76-53c9-45db7204af40" testName="HandleAsync_ValidRequest_ReturnsOkWithWhiteboard" computerName="3094a39cc547" duration="00:00:00.0006520" startTime="2026-09-27T21:40:08.4701928+00:00" endTime="2026-09-27T21:40:08.4708447+00:00" testType="13cdc9d9-ddb5-4fa4-a97d-d965ccfc6d4b" outcome="Passed" testListId="8c84fa94-04c1-424b-9868-57a2d4851a1d" relativeResultsDirectory="956f9b5a-e768-426d-b227-e65af87f8636" />
    <UnitTestResult executionId="35888c8e-b141-43b4-bd69-2e866c25448e" testId="2fab3a53-28dd-251e-f6dc-55611736f4ad" testName="Constructor_ValidRequiredFields_AllPropertiesSetCorrectly" computerName="3094a39cc547" duration="00:00:00.0009930" startTime="2026-09-27T21:40:08.4321248+00:00" endTime="2026-09-27T21:40:08.4331173+00:00" testType="13cdc9d9-ddb5-4fa4-a97d-d965ccfc6d4b" outcome="Passed" testListId="8c84fa94-04c1-424b-9868-57a2d4851a1d" relativeResultsDirectory="35888c8e-b141-43b4-bd69-2e866c25448e" />
    <UnitTestResult executionId="1493ae18-865a-436c-ac06-692355b52153" testId="2e630b53-ed12-3508-eff1-0f8ad58c68e4" testName="HandleAsync_ArgumentException_ReturnsBadRequest(&quot;Classroom&quot;,3.0f,-8.0f,10.0f,&quot;Width must be positive and non-zero&quot;,&quot;Width must be positive&quot;)" computerName="3094a39cc547" duration="00:00:00.0002540" startTime="2026-09-27T21:40:08.4307380+00:00" endTime="2026-09-27T21:40:08.4309919+00:00" testType="13cdc9d9-ddb5-4fa4-a97d-d965ccfc6d4b" outcome="Passed" testListId="8c84fa94-04c1-424b-9868-57a2d4851a1d" relativeResultsDirectory="1493ae18-865a-436c-ac06-692355b52153" />
    <UnitTestResult executionId="f3d02f77-da66-41b0-8606-fa13f4a3a765" testId="daf92d53-de21-797d-be46-5e14214d2c0c" testName="Constructor_ValidParameters_PropertiesSetCorrectly" computerName="3094a39cc547" duration="00:00:00.0013640" startTime="2026-09-27T21:40:08.4212964+00:00" endTime="2026-09-27T21:40:08.4226603+00:00" testType="13cdc9d9-ddb5-4fa4-a97d-d965ccfc6d4b" outcome="Passed" testListId="8c84fa94-04c1-424b-9868-57a2d4851a1d" relativeResultsDirectory="f3d02f77-da66-41b0-8606-fa13f4a3a765" />
    <UnitTestResult executionId="a63f97fa-bad9-436e-be75-cb9fa8e463c9" testId="81ec9b04-7fc4-ca5a-7685-682abd64e40c" testName="HandleAsync_DuplicateUniversity_ReturnsBadRequestWithErrorMessage" computerName="3094a39cc547" duration="00:00:00.0245810" startTime="2026-09-27T21:40:08.3939666+00:00" endTime="2026-09-27T21:40:08.4185234+00:00" testType="13cdc9d9-ddb5-4fa4-a97d-d965ccfc6d4b" outcome="Passed" testListId="8c84fa94-04c1-424b-9868-57a2d4851a1d" relativeResultsDirectory="a63f97fa-bad9-436e-be75-cb9fa8e463c9" />
    <UnitTestResult executionId="8bdbd30a-10c1-413d-b28a-f0350b85c709" testId="c480935b-c008-adbf-9e7e-60f104203b8c" testName="HandleAsync_WhiteboardDoesNotFit_ReturnsBadRequest" computerName="3094a39cc547" duration="00:00:00.0003520" startTime="2026-09-27T21:40:08.4708535+00:00" endTime="2026-09-27T21:40:08.4712058+00:00" testType="13cdc9d9-ddb5-4fa4-a97d-d965ccfc6d4b" outcome="Passed" testListId="8c84fa94-04c1-424b-9868-57a2d4851a1d" relativeResultsDirectory="8bdbd30a-10c1-413d-b28a-f0350b85c709" />
    <UnitTestResult executionId="e7ecaf67-ae56-41ce-b1b1-293f06caa795" testId="2d0833be-13e5-944e-f76f-2b11f19ee3e8" testName="Validate_InvalidFirstName_ReturnsValidationError(null)" computerName="3094a39cc547" duration="00:00:00.0000820" startTime="2026-09-27T21:40:08.4501541+00:00" endTime="2026-09-27T21:40:08.4502365+00:00" testType="13cdc9d9-ddb5-4fa4-a97d-d965ccfc6d4b" outcome="Passed" testListId="8c84fa94-04c1-424b-9868-57a2d4851a1d" relativeResultsDirectory="e7ecaf67-ae56-41ce-b1b1-293f06caa795" />
    <UnitTestResult executionId="1c21ab6b-dbd0-40d2-8b2d-da18b81712cc" testId="87325ddf-4dc7-795d-753b-18471d1ad017" testName="Validate_InvalidIdentityNumber_ReturnsValidationError(&quot;&quot;)" computerName="3094a39cc547" duration="00:00:00.0000340" startTime="2026-09-27T21:40:08.4503674+00:00" endTime="2026-09-27T21:40:08.4504011+00:00" testType="13cdc9d9-ddb5-4fa4-a97d-d965ccfc6d4b" outcome="Passed" testListId="8c84fa94-04c1-424b-9868-57a2d4851a1d" relativeResultsDirectory="1c21ab6b-dbd0-40d2-8b2d-da18b81712cc" />
    <UnitTestResult executionId="f6284c25-23ab-4f81-bc32-9766d6058c52" testId="99420f18-d49c-680d-a581-cff31843a176" testName="HandleAsync_InvalidPropertyFormat_ReturnsBadRequestWithValidationMessage" computerName="3094a39cc547" duration="00:00:00.0006080" startTime="2026-09-27T21:40:08.4190555+00:00" endTime="2026-09-27T21:40:08.4196639+00:00" testType="13cdc9d9-ddb5-4fa4-a97d-d965ccfc6d4b" outcome="Passed" testListId="8c84fa94-04c1-424b-9868-57a2d4851a1d" relativeResultsDirectory="f6284c25-23ab-4f81-bc32-9766d6058c52" />
    <UnitTestResult executionId="88fab6ff-d65c-4d9b-8a55-1841f88237d2" testId="2699cbc7-7044-852b-4b47-ada014dd6bd8" testName="HandleAsync_WhiteboardNotFound_ReturnsBadRequest" computerName="3094a39cc547" duration="00:00:00.0002130" startTime="2026-09-27T21:40:08.4812207+00:00" endTime="2026-09-27T21:40:08.4814339+00:00" testType="13cdc9d9-ddb5-4fa4-a97d-d965ccfc6d4b" outcome="Passed" testListId="8c84fa94-04c1-424b-9868-57a2d4851a1d" relativeResultsDirectory="88fab6ff-d65c-4d9b-8a55-1841f88237d2" />
    <UnitTestResult executionId="9c61b6c2-b001-4176-927e-39c41623a568" testId="58b540bf-1ddf-3590-70d1-3c33637eec16" testName="HandleAsync_DtoValidationFails_ReturnsBadRequest" computerName="3094a39cc547" duration="00:00:00.0003680" startTime="2026-09-27T21:40:08.4676549+00:00" endTime="2026-09-27T21:40:08.4680225+00:00" testType="13cdc9d9-ddb5-4fa4-a97d-d965ccfc6d4b" outcome="Passed" testListId="8c84fa94-04c1-424b-9868-57a2d4851a1d" relativeResultsDirectory="9c61b6c2-b001-4176-927e-39c41623a568" />
    <UnitTestResult executionId="875ca152-e56f-4d67-bba1-f567df5496d6" testId="4446d925-47d4-1758-168c-ac088796b07d" testName="HandleAsync_CreationSucceeds_ReturnsSuccessResponse" computerName="3094a39cc547" duration="00:00:00.0016070" startTime="2026-09-27T21:40:08.4660361+00:00" endTime="2026-09-27T21:40:08.4676432+00:00" testType="13cdc9d9-ddb5-4fa4-a97d-d965ccfc6d4b" outcome="Passed" testListId="8c84fa94-04c1-424b-9868-57a2d4851a1d" relativeResultsDirectory="875ca152-e56f-4d67-bba1-f567df5496d6" />
    <UnitTestResult executionId="2999b730-c72a-4325-a54f-83f595b6f1ab" testId="f9d52218-1773-3e5b-e4d7-a097d5a12b98" testName="Validate_InvalidEmailFormat_ReturnsValidationError" computerName="3094a39cc547" duration="00:00:00.0000880" startTime="2026-09-27T21:40:08.4500590+00:00" endTime="2026-09-27T21:40:08.4501470+00:00" testType="13cdc9d9-ddb5-4fa4-a97d-d965ccfc6d4b" outcome="Passed" testListId="8c84fa94-04c1-424b-9868-57a2d4851a1d" relativeResultsDirectory="2999b730-c72a-4325-a54f-83f595b6f1ab" />
  </Results>
  <TestDefinitions>
    <UnitTest name="HandleAsync_PositionOverlaps_ReturnsBadRequest" storage="/workspace/backend.presentation.tests.unit/bin/release/net8.0/ucr.ecci.pi.themepark.backend.presentation.tests.unit.dll" id="df1ed283-2d9e-fb1e-cea7-62916c283fe4">
      <Execution id="2663db90-4248-4d25-baee-80ad44a5a382" />
      <TestMethod codeBase="/workspace/Backend.Presentation.Tests.Unit/bin/Release/net8.0/UCR.ECCI.PI.ThemePark.Backend.Presentation.Tests.Unit.dll" adapterTypeName="executor://nunit3testexecutor/" className="UCR.ECCI.PI.ThemePark.Backend.Presentation.Tests.Unit.UpdateWhiteboardHandlerTests" name="HandleAsync_PositionOverlaps_ReturnsBadRequest" />
    </UnitTest>
    <UnitTest name="Validate_InvalidIdentityNumber_ReturnsValidationError(null)" storage="/workspace/backend.presentation.tests.unit/bin/release/net8.0/ucr.ecci.pi.themepark.backend.presentation.tests.unit.dll" id="edadcd39-105b-b61b-2546-9b37f138cafb">
      <Execution id="f57535e5-b089-46e7-843b-7055194bedbf" />
      <TestMethod codeBase="/workspace/Backend.Presentation.Tests.Unit/bin/Release/net8.0/UCR.ECCI.PI.ThemePark.Backend.Presentation.Tests.Unit.dll" adapterTypeName="executor://nunit3testexecutor/" className="UCR.ECCI.PI.ThemePark.Backend.Presentation.Tests.Unit.CreatePersonDtoValidatorTests" name="Validate_InvalidIdentityNumber_ReturnsValidationError(null)" />
    </UnitTest>
    <UnitTest name="HandleAsync_ValidRequest_ReturnsOkWithWhiteboard" storage="/workspace/backend.presentation.tests.unit/bin/release/net8.0/ucr.ecci.pi.themepark.backend.presentation.tests.unit.dll" id="69d5208b-b562-fb76-53c9-45db7204af40">
      <Execution id="956f9b5a-e768-426d-b227-e65af87f8636" />
      <TestMethod codeBase="/workspace/Backend.Presentation.Tests.Unit/bin/Release/net8.0/UCR.ECCI.PI.ThemePark.Backend.Presentation.Tests.Unit.dll" adapterTypeName="executor://nunit3testexecutor/" className="UCR.ECCI.PI.ThemePark.Backend.Presentation.Tests.Unit.CreateWhiteboardHandlerTests" name="HandleAsync_ValidRequest_ReturnsOkWithWhiteboard" />
    </UnitTest>
    <UnitTest name="HandleAsync_InvalidMarkerColor_ReturnsBadRequest" storage="/workspace/backend.presentation.tests.unit/bin/release/net8.0/ucr.ecci.pi.themepark.backend.presentation.tests.unit.dll" id="35b0f341-14f5-cccc-88bd-6e2f33c98ef8">
      <Execution id="5d228719-0770-4a91-bc7d-adb441aa36fe" />
      <TestMethod codeBase="/workspace/Backend.Presentation.Tests.Unit/bin/Release/net8.0/UCR.ECCI.PI.ThemePark.Backend.Presentation.Tests.Unit.dll" adapterTypeName="executor://nunit3testexecutor/" className="UCR.ECCI.PI.ThemePark.Backend.Presentation.Tests.Unit.UpdateWhiteboardHandlerTests" name="HandleAsync_InvalidMarkerColor_ReturnsBadRequest" />
    </UnitTest>
    <UnitTest name="HandleAsync_UnexpectedException_ReturnsInternalServerError" storage="/workspace/backend.presentation.tests.unit/bin/release/net8.0/ucr.ecci.pi.themepark.backend.presentation.tests.unit.dll" id="8a2671a8-2e7f-60f5-fce3-70afed33cc3d">
      <Execution id="6c947ccf-4518-4d6e-96fd-3b732b447dfa" />
      <TestMethod codeBase="/workspace/Backend.Presentation.Tests.Unit/bin/Release/net8.0/UCR.ECCI.PI.ThemePark.Backend.Presentation.Tests.Unit.dll" adapterTypeName="executor://nunit3testexecutor/" className="UCR.ECCI.PI.ThemePark.Backend.Presentation.Tests.Unit.CreateWhiteboardHandlerTests" name="HandleAsync_UnexpectedException_ReturnsInternalServerError" />
    </UnitTest>
    <UnitTest name="HandleAsync_NoBuildingsExist_ReturnsOkWithEmptyList" storage="/workspace/backend.presentation.tests.unit/bin/release/net8.0/ucr.ecci.pi.themepark.backend.presentation.tests.unit.dll" id="562c517e-0eef-f05a-5467-d488bd51f607">
      <Execution id="95bf9002-9093-48ea-b2a7-820b8d7a98c1" />
      <TestMethod codeBase="/workspace/Backend.Presentation.Tests.Unit/bin/Release/net8.0/UCR.ECCI.PI.ThemePark.Backend.Presentation.Tests.Unit.dll" adapterTypeName="executor://nunit3testexecutor/" className="UCR.ECCI.PI.ThemePark.Backend.Presentation.Tests.Unit.GetBuildingListHandlerTests" name="HandleAsync_NoBuildingsExist_ReturnsOkWithEmptyList" />
    </UnitTest>
    <UnitTest name="HandleAsync_InvalidId_ReturnsBadRequest(&quot;&quot;)" storage="/workspace/backend.presentation.tests.unit/bin/release/net8.0/ucr.ecci.pi.themepark.backend.presentation.tests.unit.dll" id="f03c6187-e80a-db10-befe-0ce6de79b6e5">
      <Execution id="4dd06ad2-20f3-4ede-a1d7-f6ed1cfb69be" />
      <TestMethod codeBase="/workspace/Backend.Presentation.Tests.Unit/bin/Release/net8.0/UCR.ECCI.PI.ThemePark.Backend.Presentation.Tests.Unit.dll" adapterTypeName="executor://nunit3testexecutor/" className="UCR.ECCI.PI.ThemePark.Backend.Presentation.Tests.Unit.GetLearningComponentsHandlerTests" name="HandleAsync_InvalidId_ReturnsBadRequest(&quot;&quot;)" />
    </UnitTest>
    <UnitTest name="HandleAsync_NonExistentSpace_ReturnsNotFound" storage="/workspace/backend.presentation.tests.unit/bin/release/net8.0/ucr.ecci.pi.themepark.backend.presentation.tests.unit.dll" id="abeff047-4376-a3bb-f3d8-0e0fc3343f6a">
      <Execution id="63e56c76-5e9b-4316-bc1a-b132abab6549" />
      <TestMethod codeBase="/workspace/Backend.Presentation.Tests.Unit/bin/Release/net8.0/UCR.ECCI.PI.ThemePark.Backend.Presentation.Tests.Unit.dll" adapterTypeName="executor://nunit3testexecutor/" className="UCR.ECCI.PI.ThemePark.Backend.Presentation.Tests.Unit.GetLearningComponentsHandlerTests" name="HandleAsync_NonExistentSpace_ReturnsNotFound" />
    </UnitTest>
    <UnitTest name="Constructor_ValidBuildingsList_BuildingsPropertySetCorrectly" storage="/workspace/backend.presentation.tests.unit/bin/release/net8.0/ucr.ecci.pi.themepark.backend.presentation.tests.unit.dll" id="f44c8833-0d97-8355-0679-80abbaaef053">
      <Execution id="a18dd89e-398b-4c81-b53a-de4f21fb606a" />
      <TestMethod codeBase="/workspace/Backend.Presentation.Tests.Unit/bin/Release/net8.0/UCR.ECCI.PI.ThemePark.Backend.Presentation.Tests.Unit.dll" adapterTypeName="executor://nunit3testexecutor/" className="UCR.ECCI.PI.ThemePark.Backend.Presentation.Tests.Unit.GetBuildingListResponseTests" name="Constructor_ValidBuildingsList_BuildingsPropertySetCorrectly" />
    </UnitTest>
    <UnitTest name="HandleAsync_ValidRequest_ReturnsOkWithUpdatedData" storage="/workspace/backend.presentation.tests.unit/bin/release/net8.0/ucr.ecci.pi.themepark.backend.presentation.tests.unit.dll" id="5256d48e-67b1-ec70-7855-91b9720a9782">
      <Execution id="b62c3948-cade-4209-96cf-af0082df9580" />
      <TestMethod codeBase="/workspace/Backend.Presentation.Tests.Unit/bin/Release/net8.0/UCR.ECCI.PI.ThemePark.Backend.Presentation.Tests.Unit.dll" adapterTypeName="executor://nunit3testexecutor/" className="UCR.ECCI.PI.ThemePark.Backend.Presentation.Tests.Unit.UpdateWhiteboardHandlerTests" name="HandleAsync_ValidRequest_ReturnsOkWithUpdatedData" />
    </UnitTest>
    <UnitTest name="Validate_FutureBirthDate_ReturnsValidationError" storage="/workspace/backend.presentation.tests.unit/bin/release/net8.0/ucr.ecci.pi.themepark.backend.presentation.tests.unit.dll" id="d4665a49-384c-cba1-da02-b99e2da8eb41">
      <Execution id="37cd6d1f-4a4f-427a-a0f7-91da96de9254" />
      <TestMethod codeBase="/workspace/Backend.Presentation.Tests.Unit/bin/Release/net8.0/UCR.ECCI.PI.ThemePark.Backend.Presentation.Tests.Unit.dll" adapterTypeName="executor://nunit3testexecutor/" className="UCR.ECCI.PI.ThemePark.Backend.Presentation.Tests.Unit.CreatePersonDtoValidatorTests" name="Validate_FutureBirthDate_ReturnsValidationError" />
    </UnitTest>
    <UnitTest name="Validate_InvalidFirstName_ReturnsValidationError(null)" storage="/workspace/backend.presentation.tests.unit/bin/release/net8.0/ucr.ecci.pi.themepark.backend.presentation.tests.unit.dll" id="2d0833be-13e5-944e-f76f-2b11f19ee3e8">
      <Execution id="e7ecaf67-ae56-41ce-b1b1-293f06caa795" />
      <TestMethod codeBase="/workspace/Backend.Presentation.Tests.Unit/bin/Release/net8.0/UCR.ECCI.PI.ThemePark.Backend.Presentation.Tests.Unit.dll" adapterTypeName="executor://nunit3testexecutor/" className="UCR.ECCI.PI.ThemePark.Backend.Presentation.Tests.Unit.CreatePersonDtoValidatorTests" name="Validate_InvalidFirstName_ReturnsValidationError(null)" />
    </UnitTest>
    <UnitTest name="HandleAsync_UnexpectedException_ReturnsInternalServerError" storage="/workspace/backend.presentation.tests.unit/bin/release/net8.0/ucr.ecci.pi.themepark.backend.presentation.tests.unit.dll" id="882f5910-a682-2027-e5d6-81f070879206">
      <Execution id="30e38355-10c8-4acb-bf2d-ce7a1b48d55e" />
      <TestMethod codeBase="/workspace/Backend.Presentation.Tests.Unit/bin/Release/net8.0/UCR.ECCI.PI.ThemePark.Backend.Presentation.Tests.Unit.dll" adapterTypeName="executor://nunit3testexecutor/" className="UCR.ECCI.PI.ThemePark.Backend.Presentation.Tests.Unit.CreateLearningSpaceHandlerTests" name="HandleAsync_UnexpectedException_ReturnsInternalServerError" />
    </UnitTest>
    <UnitTest name="HandleAsync_WithoutId_ReturnsAutoGeneratedId" storage="/workspace/backend.presentation.tests.unit/bin/release/net8.0/ucr.ecci.pi.themepark.backend.presentation.tests.unit.dll" id="cf509160-105c-40d4-9eeb-31f51fdf3312">
      <Execution id="6cc4eb42-a039-4763-bb62-796c7243f565" />
      <TestMethod codeBase="/workspace/Backend.Presentation.Tests.Unit/bin/Release/net8.0/UCR.ECCI.PI.ThemePark.Backend.Presentation.Tests.Unit.dll" adapterTypeName="executor://nunit3testexecutor/" className="UCR.ECCI.PI.ThemePark.Backend.Presentation.Tests.Unit.CreateLearningComponentHandlerTests" name="HandleAsync_WithoutId_ReturnsAutoGeneratedId" />
    </UnitTest>
    <UnitTest name="MapEndpoint_EndpointMapped_CreatesCorrectRoute" storage="/workspace/backend.presentation.tests.unit/bin/release/net8.0/ucr.ecci.pi.themepark.backend.presentation.tests.unit.dll" id="482d52f5-f3d3-285b-4347-39e13a9ca389">
      <Execution id="6876ba0a-654f-4048-9006-705da200dc5c" />
      <TestMethod codeBase="/workspace/Backend.Presentation.Tests.Unit/bin/Release/net8.0/UCR.ECCI.PI.ThemePark.Backend.Presentation.Tests.Unit.dll" adapterTypeName="executor://nunit3testexecutor/" className="UCR.ECCI.PI.ThemePark.Backend.Presentation.Tests.Unit.CreatePersonEndpointTests" name="MapEndpoint_EndpointMapped_CreatesCorrectRoute" />
    </UnitTest>
    <UnitTest name="HandleAsync_InvalidData_ReturnsBadRequest" storage="/workspace/backend.presentation.tests.unit/bin/release/net8.0/ucr.ecci.pi.themepark.backend.presentation.tests.unit.dll" id="e4992ac7-72aa-bfaf-df04-32a0bd1137bb">
      <Execution id="da0a72a2-127e-4223-93dd-a9d4b4a5d3f2" />
      <TestMethod codeBase="/workspace/Backend.Presentation.Tests.Unit/bin/Release/net8.0/UCR.ECCI.PI.ThemePark.Backend.Presentation.Tests.Unit.dll" adapterTypeName="executor://nunit3testexecutor/" className="UCR.ECCI.PI.ThemePark.Backend.Presentation.Tests.Unit.CreateLearningComponentHandlerTests" name="HandleAsync_InvalidData_ReturnsBadRequest" />
    </UnitTest>
    <UnitTest name="Validate_InvalidFirstName_ReturnsValidationError(&quot;&quot;)" storage="/workspace/backend.presentation.tests.unit/bin/release/net8.0/ucr.ecci.pi.themepark.backend.presentation.tests.unit.dll" id="c3bc545d-e4ee-8556-d6de-8e80184bab70">
      <Execution id="b336b2ed-e17f-463b-bc4d-9ad881d1bb44" />
      <TestMethod codeBase="/workspace/Backend.Presentation.Tests.Unit/bin/Release/net8.0/UCR.ECCI.PI.ThemePark.Backend.Presentation.Tests.Unit.dll" adapterTypeName="executor://nunit3testexecutor/" className="UCR.ECCI.PI.ThemePark.Backend.Presentation.Tests.Unit.CreatePersonDtoValidatorTests" name="Validate_InvalidFirstName_ReturnsValidationError(&quot;&quot;)" />
    </UnitTest>
    <UnitTest name="HandleAsync_ValidInput_ReturnsCreated" storage="/workspace/backend.presentation.tests.unit/bin/release/net8.0/ucr.ecci.pi.themepark.backend.presentation.tests.unit.dll" id="92fa5c6f-15cd-2e55-bb69-00cd45db98d4">
      <Execution id="29b38d96-65fd-4f91-84e6-b7ab82e25a67" />
      <TestMethod codeBase="/workspace/Backend.Presentation.Tests.Unit/bin/Release/net8.0/UCR.ECCI.PI.ThemePark.Backend.Presentation.Tests.Unit.dll" adapterTypeName="executor://nunit3testexecutor/" className="UCR.ECCI.PI.ThemePark.Backend.Presentation.Tests.Unit.CreateLearningSpaceHandlerTests" name="HandleAsync_ValidInput_ReturnsCreated" />
    </UnitTest>
    <UnitTest name="HandleAsync_ArgumentException_ReturnsBadRequest(&quot;InvalidType&quot;,3.0f,8.0f,10.0f,&quot;Type must be Classroom, Auditorium, or Laboratory&quot;,&quot;Type must be Classroom&quot;)" storage="/workspace/backend.presentation.tests.unit/bin/release/net8.0/ucr.ecci.pi.themepark.backend.presentation.tests.unit.dll" id="3a98bd39-ff71-f002-e46c-b198ee3e9bbd">
      <Execution id="39068162-6ada-4de9-9d5d-4191b7ff9e97" />
      <TestMethod codeBase="/workspace/Backend.Presentation.Tests.Unit/bin/Release/net8.0/UCR.ECCI.PI.ThemePark.Backend.Presentation.Tests.Unit.dll" adapterTypeName="executor://nunit3testexecutor/" className="UCR.ECCI.PI.ThemePark.Backend.Presentation.Tests.Unit.CreateLearningSpaceHandlerTests" name="HandleAsync_ArgumentException_ReturnsBadRequest(&quot;InvalidType&quot;,3.0f,8.0f,10.0f,&quot;Type must be Classroom, Auditorium, or Laboratory&quot;,&quot;Type must be Classroom&quot;)" />
    </UnitTest>
    <UnitTest name="HandleAsync_ArgumentException_ReturnsBadRequest(&quot;Classroom&quot;,3.0f,-8.0f,10.0f,&quot;Width must be positive and non-zero&quot;,&quot;Width must be positive&quot;)" storage="/workspace/backend.presentation.tests.unit/bin/release/net8.0/ucr.ecci.pi.themepark.backend.presentation.tests.unit.dll" id="2e630b53-ed12-3508-eff1-0f8ad58c68e4">
      <Execution id="1493ae18-865a-436c-ac06-692355b52153" />
      <TestMethod codeBase="/workspace/Backend.Presentation.Tests.Unit/bin/Release/net8.0/UCR.ECCI.PI.ThemePark.Backend.Presentation.Tests.Unit.dll" adapterTypeName="executor://nunit3testexecutor/" className="UCR.ECCI.PI.ThemePark.Backend.Presentation.Tests.Unit.CreateLearningSpaceHandlerTests" name="HandleAsync_ArgumentException_ReturnsBadRequest(&quot;Classroom&quot;,3.0f,-8.0f,10.0f,&quot;Width must be positive and non-zero&quot;,&quot;Width must be positive&quot;)" />
    </UnitTest>
    <UnitTest name="HandleAsync_WhiteboardNotFound_ReturnsBadRequest" storage="/workspace/backend.presentation.tests.unit/bin/release/net8.0/ucr.ecci.pi.themepark.backend.presentation.tests.unit.dll" id="2699cbc7-7044-852b-4b47-ada014dd6bd8">
      <Execution id="88fab6ff-d65c-4d9b-8a55-1841f88237d2" />
      <TestMethod codeBase="/workspace/Backend.Presentation.Tests.Unit/bin/Release/net8.0/UCR.ECCI.PI.ThemePark.Backend.Presentation.Tests.Unit.dll" adapterTypeName="executor://nunit3testexecutor/" className="UCR.ECCI.PI.ThemePark.Backend.Presentation.Tests.Unit.UpdateWhiteboardHandlerTests" name="HandleAsync_WhiteboardNotFound_ReturnsBadRequest" />
    </UnitTest>
    <UnitTest name="HandleAsync_ValidIdWithNoComponents_ReturnsOkWithEmptyList" storage="/workspace/backend.presentation.tests.unit/bin/release/net8.0/ucr.ecci.pi.themepark.backend.presentation.tests.unit.dll" id="03be9d2e-a565-80b8-efbe-99d9424b8194">
      <Execution id="20c3ee8f-ff51-443f-80d9-aaa9c932eba9" />
      <TestMethod codeBase="/workspace/Backend.Presentation.Tests.Unit/bin/Release/net8.0/UCR.ECCI.PI.ThemePark.Backend.Presentation.Tests.Unit.dll" adapterTypeName="executor://nunit3testexecutor/" className="UCR.ECCI.PI.ThemePark.Backend.Presentation.Tests.Unit.GetLearningComponentsHandlerTests" name="HandleAsync_ValidIdWithNoComponents_ReturnsOkWithEmptyList" />
    </UnitTest>
    <UnitTest name="HandleAsync_ValidIdWithComponents_ReturnsOk" storage="/workspace/backend.presentation.tests.unit/bin/release/net8.0/ucr.ecci.pi.themepark.backend.presentation.tests.unit.dll" id="922aee52-8e5f-e4c1-bc19-b3cbea8d08b7">
      <Execution id="4189fe79-667a-48b3-8dfa-8698f7cde20a" />
      <TestMethod codeBase="/workspace/Backend.Presentation.Tests.Unit/bin/Release/net8.0/UCR.ECCI.PI.ThemePark.Backend.Presentation.Tests.Unit.dll" adapterTypeName="executor://nunit3testexecutor/" className="UCR.ECCI.PI.ThemePark.Backend.Presentation.Tests.Unit.GetLearningComponentsHandlerTests" name="HandleAsync_ValidIdWithComponents_ReturnsOk" />
    </UnitTest>
    <UnitTest name="Validate_InvalidEmailFormat_ReturnsValidationError" storage="/workspace/backend.presentation.tests.unit/bin/release/net8.0/ucr.ecci.pi.themepark.backend.presentation.tests.unit.dll" id="f9d52218-1773-3e5b-e4d7-a097d5a12b98">
      <Execution id="2999b730-c72a-4325-a54f-83f595b6f1ab" />
      <TestMethod codeBase="/workspace/Backend.Presentation.Tests.Unit/bin/Release/net8.0/UCR.ECCI.PI.ThemePark.Backend.Presentation.Tests.Unit.dll" adapterTypeName="executor://nunit3testexecutor/" className="UCR.ECCI.PI.ThemePark.Backend.Presentation.Tests.Unit.CreatePersonDtoValidatorTests" name="Validate_InvalidEmailFormat_ReturnsValidationError" />
    </UnitTest>
    <UnitTest name="HandleAsync_WithExplicitId_ReturnsProvidedId" storage="/workspace/backend.presentation.tests.unit/bin/release/net8.0/ucr.ecci.pi.themepark.backend.presentation.tests.unit.dll" id="ae69055f-9e68-ff26-b3d1-ead36de4a743">
      <Execution id="d0735c87-06d4-43d6-98fe-17507232498d" />
      <TestMethod codeBase="/workspace/Backend.Presentation.Tests.Unit/bin/Release/net8.0/UCR.ECCI.PI.ThemePark.Backend.Presentation.Tests.Unit.dll" adapterTypeName="executor://nunit3testexecutor/" className="UCR.ECCI.PI.ThemePark.Backend.Presentation.Tests.Unit.CreateLearningComponentHandlerTests" name="HandleAsync_WithExplicitId_ReturnsProvidedId" />
    </UnitTest>
    <UnitTest name="HandleAsync_DuplicateUniversity_ReturnsBadRequestWithErrorMessage" storage="/workspace/backend.presentation.tests.unit/bin/release/net8.0/ucr.ecci.pi.themepark.backend.presentation.tests.unit.dll" id="81ec9b04-7fc4-ca5a-7685-682abd64e40c">
      <Execution id="a63f97fa-bad9-436e-be75-cb9fa8e463c9" />
      <TestMethod codeBase="/workspace/Backend.Presentation.Tests.Unit/bin/Release/net8.0/UCR.ECCI.PI.ThemePark.Backend.Presentation.Tests.Unit.dll" adapterTypeName="executor://nunit3testexecutor/" className="UCR.ECCI.PI.ThemePark.Backend.Presentation.Tests.Unit.AddUniversityHandlerTests" name="HandleAsync_DuplicateUniversity_ReturnsBadRequestWithErrorMessage" />
    </UnitTest>
    <UnitTest name="HandleAsync_LearningSpaceNotFound_ReturnsNotFound" storage="/workspace/backend.presentation.tests.unit/bin/release/net8.0/ucr.ecci.pi.themepark.backend.presentation.tests.unit.dll" id="558b1a95-7dda-64f7-9459-9e03d799acbd">
      <Execution id="ae5a47f6-4c21-485d-9df7-3de0e8e002e7" />
      <TestMethod codeBase="/workspace/Backend.Presentation.Tests.Unit/bin/Release/net8.0/UCR.ECCI.PI.ThemePark.Backend.Presentation.Tests.Unit.dll" adapterTypeName="executor://nunit3testexecutor/" className="UCR.ECCI.PI.ThemePark.Backend.Presentation.Tests.Unit.CreateWhiteboardHandlerTests" name="HandleAsync_LearningSpaceNotFound_ReturnsNotFound" />
    </UnitTest>
    <UnitTest name="HandleAsync_WhiteboardDoesNotFit_ReturnsBadRequest" storage="/workspace/backend.presentation.tests.unit/bin/release/net8.0/ucr.ecci.pi.themepark.backend.presentation.tests.unit.dll" id="c480935b-c008-adbf-9e7e-60f104203b8c">
      <Execution id="8bdbd30a-10c1-413d-b28a-f0350b85c709" />
      <TestMethod codeBase="/workspace/Backend.Presentation.Tests.Unit/bin/Release/net8.0/UCR.ECCI.PI.ThemePark.Backend.Presentation.Tests.Unit.dll" adapterTypeName="executor://nunit3testexecutor/" className="UCR.ECCI.PI.ThemePark.Backend.Presentation.Tests.Unit.CreateWhiteboardHandlerTests" name="HandleAsync_WhiteboardDoesNotFit_ReturnsBadRequest" />
    </UnitTest>
    <UnitTest name="HandleAsync_DtoValidationFails_ReturnsBadRequest" storage="/workspace/backend.presentation.tests.unit/bin/release/net8.0/ucr.ecci.pi.themepark.backend.presentation.tests.unit.dll" id="58b540bf-1ddf-3590-70d1-3c33637eec16">
      <Execution id="9c61b6c2-b001-4176-927e-39c41623a568" />
      <TestMethod codeBase="/workspace/Backend.Presentation.Tests.Unit/bin/Release/net8.0/UCR.ECCI.PI.ThemePark.Backend.Presentation.Tests.Unit.dll" adapterTypeName="executor://nunit3testexecutor/" className="UCR.ECCI.PI.ThemePark.Backend.Presentation.Tests.Unit.CreatePersonHandlerTests" name="HandleAsync_DtoValidationFails_ReturnsBadRequest" />
    </UnitTest>
    <UnitTest name="HandleAsync_CreationSucceeds_ReturnsSuccessResponse" storage="/workspace/backend.presentation.tests.unit/bin/release/net8.0/ucr.ecci.pi.themepark.backend.presentation.tests.unit.dll" id="4446d925-47d4-1758-168c-ac088796b07d">
      <Execution id="875ca152-e56f-4d67-bba1-f567df5496d6" />
      <TestMethod codeBase="/workspace/Backend.Presentation.Tests.Unit/bin/Release/net8.0/UCR.ECCI.PI.ThemePark.Backend.Presentation.Tests.Unit.dll" adapterTypeName="executor://nunit3testexecutor/" className="UCR.ECCI.PI.ThemePark.Backend.Presentation.Tests.Unit.CreatePersonHandlerTests" name="HandleAsync_CreationSucceeds_ReturnsSuccessResponse" />
    </UnitTest>
    <UnitTest name="Validate_InvalidEmail_ReturnsValidationError(null)" storage="/workspace/backend.presentation.tests.unit/bin/release/net8.0/ucr.ecci.pi.themepark.backend.presentation.tests.unit.dll" id="e987cd9f-9b1d-017c-2718-6ade1be738a4">
      <Execution id="07487091-77a3-467b-a8b4-98165b0457a6" />
      <TestMethod codeBase="/workspace/Backend.Presentation.Tests.Unit/bin/Release/net8.0/UCR.ECCI.PI.ThemePark.Backend.Presentation.Tests.Unit.dll" adapterTypeName="executor://nunit3testexecutor/" className="UCR.ECCI.PI.ThemePark.Backend.Presentation.Tests.Unit.CreatePersonDtoValidatorTests" name="Validate_InvalidEmail_ReturnsValidationError(null)" />
    </UnitTest>
    <UnitTest name="HandleAsync_PersonAlreadyExists_ReturnsConflict" storage="/workspace/backend.presentation.tests.unit/bin/release/net8.0/ucr.ecci.pi.themepark.backend.presentation.tests.unit.dll" id="dbc4bceb-7aba-1e33-2ec6-1d664c5b17de">
      <Execution id="58efc911-5c19-46ea-8d05-87ba16e37f17" />
      <TestMethod codeBase="/workspace/Backend.Presentation.Tests.Unit/bin/Release/net8.0/UCR.ECCI.PI.ThemePark.Backend.Presentation.Tests.Unit.dll" adapterTypeName="executor://nunit3testexecutor/" className="UCR.ECCI.PI.ThemePark.Backend.Presentation.Tests.Unit.CreatePersonHandlerTests" name="HandleAsync_PersonAlreadyExists_ReturnsConflict" />
    </UnitTest>
    <UnitTest name="Validate_InvalidLastName_ReturnsValidationError(&quot;&quot;)" storage="/workspace/backend.presentation.tests.unit/bin/release/net8.0/ucr.ecci.pi.themepark.backend.presentation.tests.unit.dll" id="b8e1803a-1423-709a-6da0-c41b2f2134cb">
      <Execution id="3a6787d6-cd94-4b73-8579-319e2a02be4f" />
      <TestMethod codeBase="/workspace/Backend.Presentation.Tests.Unit/bin/Release/net8.0/UCR.ECCI.PI.ThemePark.Backend.Presentation.Tests.Unit.dll" adapterTypeName="executor://nunit3testexecutor/" className="UCR.ECCI.PI.ThemePark.Backend.Presentation.Tests.Unit.CreatePersonDtoValidatorTests" name="Validate_InvalidLastName_ReturnsValidationError(&quot;&quot;)" />
    </UnitTest>
    <UnitTest name="HandleAsync_InvalidPropertyFormat_ReturnsBadRequestWithValidationMessage" storage="/workspace/backend.presentation.tests.unit/bin/release/net8.0/ucr.ecci.pi.themepark.backend.presentation.tests.unit.dll" id="99420f18-d49c-680d-a581-cff31843a176">
      <Execution id="f6284c25-23ab-4f81-bc32-9766d6058c52" />
      <TestMethod codeBase="/workspace/Backend.Presentation.Tests.Unit/bin/Release/net8.0/UCR.ECCI.PI.ThemePark.Backend.Presentation.Tests.Unit.dll" adapterTypeName="executor://nunit3testexecutor/" className="UCR.ECCI.PI.ThemePark.Backend.Presentation.Tests.Unit.AddUniversityHandlerTests" name="HandleAsync_InvalidPropertyFormat_ReturnsBadRequestWithValidationMessage" />
    </UnitTest>
    <UnitTest name="Constructor_ValidRequiredFields_AllPropertiesSetCorrectly" storage="/workspace/backend.presentation.tests.unit/bin/release/net8.0/ucr.ecci.pi.themepark.backend.presentation.tests.unit.dll" id="2fab3a53-28dd-251e-f6dc-55611736f4ad">
      <Execution id="35888c8e-b141-43b4-bd69-2e866c25448e" />
      <TestMethod codeBase="/workspace/Backend.Presentation.Tests.Unit/bin/Release/net8.0/UCR.ECCI.PI.ThemePark.Backend.Presentation.Tests.Unit.dll" adapterTypeName="executor://nunit3testexecutor/" className="UCR.ECCI.PI.ThemePark.Backend.Presentation.Tests.Unit.CreatePersonDtoTests" name="Constructor_ValidRequiredFields_AllPropertiesSetCorrectly" />
    </UnitTest>
    <UnitTest name="Validate_InvalidLastName_ReturnsValidationError(null)" storage="/workspace/backend.presentation.tests.unit/bin/release/net8.0/ucr.ecci.pi.themepark.backend.presentation.tests.unit.dll" id="9b09f633-2751-d98f-bafd-580b646437d5">
      <Execution id="fa8ae667-c7a0-49c5-91ea-e53c24d013d4" />
      <TestMethod codeBase="/workspace/Backend.Presentation.Tests.Unit/bin/Release/net8.0/UCR.ECCI.PI.ThemePark.Backend.Presentation.Tests.Unit.dll" adapterTypeName="executor://nunit3testexecutor/" className="UCR.ECCI.PI.ThemePark.Backend.Presentation.Tests.Unit.CreatePersonDtoValidatorTests" name="Validate_InvalidLastName_ReturnsValidationError(null)" />
    </UnitTest>
    <UnitTest name="HandleAsync_BuildingsExist_ReturnsOkWithBuildings" storage="/workspace/backend.presentation.tests.unit/bin/release/net8.0/ucr.ecci.pi.themepark.backend.presentation.tests.unit.dll" id="99559d53-e937-a20d-20ee-c53431996412">
      <Execution id="0130411b-bf20-415d-afb3-8b95be51839a" />
      <TestMethod codeBase="/workspace/Backend.Presentation.Tests.Unit/bin/Release/net8.0/UCR.ECCI.PI.ThemePark.Backend.Presentation.Tests.Unit.dll" adapterTypeName="executor://nunit3testexecutor/" className="UCR.ECCI.PI.ThemePark.Backend.Presentation.Tests.Unit.GetBuildingListHandlerTests" name="HandleAsync_BuildingsExist_ReturnsOkWithBuildings" />
    </UnitTest>
    <UnitTest name="HandleAsync_SuccessfulCreation_ReturnsOkWithSuccessMessage" storage="/workspace/backend.presentation.tests.unit/bin/release/net8.0/ucr.ecci.pi.themepark.backend.presentation.tests.unit.dll" id="efc9430b-faf8-d6a3-dcab-5f5f59d082c0">
      <Execution id="ac19d8f0-1534-45ca-b0ef-d5276676ca44" />
      <TestMethod codeBase="/workspace/Backend.Presentation.Tests.Unit/bin/Release/net8.0/UCR.ECCI.PI.ThemePark.Backend.Presentation.Tests.Unit.dll" adapterTypeName="executor://nunit3testexecutor/" className="UCR.ECCI.PI.ThemePark.Backend.Presentation.Tests.Unit.AddUniversityHandlerTests" name="HandleAsync_SuccessfulCreation_ReturnsOkWithSuccessMessage" />
    </UnitTest>
    <UnitTest name="HandleAsync_InvalidId_ReturnsBadRequest(null)" storage="/workspace/backend.presentation.tests.unit/bin/release/net8.0/ucr.ecci.pi.themepark.backend.presentation.tests.unit.dll" id="e01a69ed-a484-1b78-ec97-82f5aae95052">
      <Execution id="480bffdd-9dff-42b1-86e7-8e51c3486476" />
      <TestMethod codeBase="/workspace/Backend.Presentation.Tests.Unit/bin/Release/net8.0/UCR.ECCI.PI.ThemePark.Backend.Presentation.Tests.Unit.dll" adapterTypeName="executor://nunit3testexecutor/" className="UCR.ECCI.PI.ThemePark.Backend.Presentation.Tests.Unit.GetLearningComponentsHandlerTests" name="HandleAsync_InvalidId_ReturnsBadRequest(null)" />
    </UnitTest>
    <UnitTest name="HandleAsync_PositionExceedsBoundaries_ReturnsBadRequest" storage="/workspace/backend.presentation.tests.unit/bin/release/net8.0/ucr.ecci.pi.themepark.backend.presentation.tests.unit.dll" id="20a433f0-5351-99e2-0165-b5d5a12bac77">
      <Execution id="a0a5900a-a3ce-499f-a4ae-4b069a516a79" />
      <TestMethod codeBase="/workspace/Backend.Presentation.Tests.Unit/bin/Release/net8.0/UCR.ECCI.PI.ThemePark.Backend.Presentation.Tests.Unit.dll" adapterTypeName="executor://nunit3testexecutor/" className="UCR.ECCI.PI.ThemePark.Backend.Presentation.Tests.Unit.UpdateWhiteboardHandlerTests" name="HandleAsync_PositionExceedsBoundaries_ReturnsBadRequest" />
    </UnitTest>
    <UnitTest name="HandleAsync_InvalidOrientation_ReturnsBadRequest" storage="/workspace/backend.presentation.tests.unit/bin/release/net8.0/ucr.ecci.pi.themepark.backend.presentation.tests.unit.dll" id="bfcea73f-35d7-c5a7-e5e8-17ef0b241d8c">
      <Execution id="ab0a3505-f37c-439f-b476-48cd969fc241" />
      <TestMethod codeBase="/workspace/Backend.Presentation.Tests.Unit/bin/Release/net8.0/UCR.ECCI.PI.ThemePark.Backend.Presentation.Tests.Unit.dll" adapterTypeName="executor://nunit3testexecutor/" className="UCR.ECCI.PI.ThemePark.Backend.Presentation.Tests.Unit.CreateWhiteboardHandlerTests" name="HandleAsync_InvalidOrientation_ReturnsBadRequest" />
    </UnitTest>
    <UnitTest name="Validate_InvalidEmail_ReturnsValidationError(&quot;&quot;)" storage="/workspace/backend.presentation.tests.unit/bin/release/net8.0/ucr.ecci.pi.themepark.backend.presentation.tests.unit.dll" id="ea100878-ce17-320f-d3a5-9ec17b3af060">
      <Execution id="5d6dbb0b-f020-4343-857b-e21e2426da66" />
      <TestMethod codeBase="/workspace/Backend.Presentation.Tests.Unit/bin/Release/net8.0/UCR.ECCI.PI.ThemePark.Backend.Presentation.Tests.Unit.dll" adapterTypeName="executor://nunit3testexecutor/" className="UCR.ECCI.PI.ThemePark.Backend.Presentation.Tests.Unit.CreatePersonDtoValidatorTests" name="Validate_InvalidEmail_ReturnsValidationError(&quot;&quot;)" />
    </UnitTest>
    <UnitTest name="Validate_InvalidIdentityNumber_ReturnsValidationError(&quot;&quot;)" storage="/workspace/backend.presentation.tests.unit/bin/release/net8.0/ucr.ecci.pi.themepark.backend.presentation.tests.unit.dll" id="87325ddf-4dc7-795d-753b-18471d1ad017">
      <Execution id="1c21ab6b-dbd0-40d2-8b2d-da18b81712cc" />
      <TestMethod codeBase="/workspace/Backend.Presentation.Tests.Unit/bin/Release/net8.0/UCR.ECCI.PI.ThemePark.Backend.Presentation.Tests.Unit.dll" adapterTypeName="executor://nunit3testexecutor/" className="UCR.ECCI.PI.ThemePark.Backend.Presentation.Tests.Unit.CreatePersonDtoValidatorTests" name="Validate_InvalidIdentityNumber_ReturnsValidationError(&quot;&quot;)" />
    </UnitTest>
    <UnitTest name="HandleAsync_DuplicateId_ReturnsConflict" storage="/workspace/backend.presentation.tests.unit/bin/release/net8.0/ucr.ecci.pi.themepark.backend.presentation.tests.unit.dll" id="0038e8fc-1cfd-5d98-6512-abb2418c897b">
      <Execution id="56f58bc3-a89e-4f8a-a14f-4fafcd1fc320" />
      <TestMethod codeBase="/workspace/Backend.Presentation.Tests.Unit/bin/Release/net8.0/UCR.ECCI.PI.ThemePark.Backend.Presentation.Tests.Unit.dll" adapterTypeName="executor://nunit3testexecutor/" className="UCR.ECCI.PI.ThemePark.Backend.Presentation.Tests.Unit.CreateLearningComponentHandlerTests" name="HandleAsync_DuplicateId_ReturnsConflict" />
    </UnitTest>
    <UnitTest name="HandleAsync_ArgumentException_ReturnsBadRequest(&quot;Classroom&quot;,0.0f,8.0f,10.0f,&quot;Height must be positive and non-zero&quot;,&quot;Height must be positive&quot;)" storage="/workspace/backend.presentation.tests.unit/bin/release/net8.0/ucr.ecci.pi.themepark.backend.presentation.tests.unit.dll" id="4ea72d63-2578-1351-20ed-da84c0532de4">
      <Execution id="493c9651-6b31-4185-8988-c7fd200579b3" />
      <TestMethod codeBase="/workspace/Backend.Presentation.Tests.Unit/bin/Release/net8.0/UCR.ECCI.PI.ThemePark.Backend.Presentation.Tests.Unit.dll" adapterTypeName="executor://nunit3testexecutor/" className="UCR.ECCI.PI.ThemePark.Backend.Presentation.Tests.Unit.CreateLearningSpaceHandlerTests" name="HandleAsync_ArgumentException_ReturnsBadRequest(&quot;Classroom&quot;,0.0f,8.0f,10.0f,&quot;Height must be positive and non-zero&quot;,&quot;Height must be positive&quot;)" />
    </UnitTest>
    <UnitTest name="Constructor_ValidParameters_PropertiesSetCorrectly" storage="/workspace/backend.presentation.tests.unit/bin/release/net8.0/ucr.ecci.pi.themepark.backend.presentation.tests.unit.dll" id="daf92d53-de21-797d-be46-5e14214d2c0c">
      <Execution id="f3d02f77-da66-41b0-8606-fa13f4a3a765" />
      <TestMethod codeBase="/workspace/Backend.Presentation.Tests.Unit/bin/Release/net8.0/UCR.ECCI.PI.ThemePark.Backend.Presentation.Tests.Unit.dll" adapterTypeName="executor://nunit3testexecutor/" className="UCR.ECCI.PI.ThemePark.Backend.Presentation.Tests.Unit.BuildingDtoTests" name="Constructor_ValidParameters_PropertiesSetCorrectly" />
    </UnitTest>
  </TestDefinitions>
  <TestEntries>
    <TestEntry testId="df1ed283-2d9e-fb1e-cea7-62916c283fe4" executionId="2663db90-4248-4d25-baee-80ad44a5a382" testListId="8c84fa94-04c1-424b-9868-57a2d4851a1d" />
    <TestEntry testId="b8e1803a-1423-709a-6da0-c41b2f2134cb" executionId="3a6787d6-cd94-4b73-8579-319e2a02be4f" testListId="8c84fa94-04c1-424b-9868-57a2d4851a1d" />
    <TestEntry testId="edadcd39-105b-b61b-2546-9b37f138cafb" executionId="f57535e5-b089-46e7-843b-7055194bedbf" testListId="8c84fa94-04c1-424b-9868-57a2d4851a1d" />
    <TestEntry testId="e987cd9f-9b1d-017c-2718-6ade1be738a4" executionId="07487091-77a3-467b-a8b4-98165b0457a6" testListId="8c84fa94-04c1-424b-9868-57a2d4851a1d" />
    <TestEntry testId="d4665a49-384c-cba1-da02-b99e2da8eb41" executionId="37cd6d1f-4a4f-427a-a0f7-91da96de9254" testListId="8c84fa94-04c1-424b-9868-57a2d4851a1d" />
    <TestEntry testId="f44c8833-0d97-8355-0679-80abbaaef053" executionId="a18dd89e-398b-4c81-b53a-de4f21fb606a" testListId="8c84fa94-04c1-424b-9868-57a2d4851a1d" />
    <TestEntry testId="dbc4bceb-7aba-1e33-2ec6-1d664c5b17de" executionId="58efc911-5c19-46ea-8d05-87ba16e37f17" testListId="8c84fa94-04c1-424b-9868-57a2d4851a1d" />
    <TestEntry testId="9b09f633-2751-d98f-bafd-580b646437d5" executionId="fa8ae667-c7a0-49c5-91ea-e53c24d013d4" testListId="8c84fa94-04c1-424b-9868-57a2d4851a1d" />
    <TestEntry testId="abeff047-4376-a3bb-f3d8-0e0fc3343f6a" executionId="63e56c76-5e9b-4316-bc1a-b132abab6549" testListId="8c84fa94-04c1-424b-9868-57a2d4851a1d" />
    <TestEntry testId="f03c6187-e80a-db10-befe-0ce6de79b6e5" executionId="4dd06ad2-20f3-4ede-a1d7-f6ed1cfb69be" testListId="8c84fa94-04c1-424b-9868-57a2d4851a1d" />
    <TestEntry testId="35b0f341-14f5-cccc-88bd-6e2f33c98ef8" executionId="5d228719-0770-4a91-bc7d-adb441aa36fe" testListId="8c84fa94-04c1-424b-9868-57a2d4851a1d" />
    <TestEntry testId="882f5910-a682-2027-e5d6-81f070879206" executionId="30e38355-10c8-4acb-bf2d-ce7a1b48d55e" testListId="8c84fa94-04c1-424b-9868-57a2d4851a1d" />
    <TestEntry testId="5256d48e-67b1-ec70-7855-91b9720a9782" executionId="b62c3948-cade-4209-96cf-af0082df9580" testListId="8c84fa94-04c1-424b-9868-57a2d4851a1d" />
    <TestEntry testId="562c517e-0eef-f05a-5467-d488bd51f607" executionId="95bf9002-9093-48ea-b2a7-820b8d7a98c1" testListId="8c84fa94-04c1-424b-9868-57a2d4851a1d" />
    <TestEntry testId="482d52f5-f3d3-285b-4347-39e13a9ca389" executionId="6876ba0a-654f-4048-9006-705da200dc5c" testListId="8c84fa94-04c1-424b-9868-57a2d4851a1d" />
    <TestEntry testId="c3bc545d-e4ee-8556-d6de-8e80184bab70" executionId="b336b2ed-e17f-463b-bc4d-9ad881d1bb44" testListId="8c84fa94-04c1-424b-9868-57a2d4851a1d" />
    <TestEntry testId="e4992ac7-72aa-bfaf-df04-32a0bd1137bb" executionId="da0a72a2-127e-4223-93dd-a9d4b4a5d3f2" testListId="8c84fa94-04c1-424b-9868-57a2d4851a1d" />
    <TestEntry testId="99559d53-e937-a20d-20ee-c53431996412" executionId="0130411b-bf20-415d-afb3-8b95be51839a" testListId="8c84fa94-04c1-424b-9868-57a2d4851a1d" />
    <TestEntry testId="8a2671a8-2e7f-60f5-fce3-70afed33cc3d" executionId="6c947ccf-4518-4d6e-96fd-3b732b447dfa" testListId="8c84fa94-04c1-424b-9868-57a2d4851a1d" />
    <TestEntry testId="ea100878-ce17-320f-d3a5-9ec17b3af060" executionId="5d6dbb0b-f020-4343-857b-e21e2426da66" testListId="8c84fa94-04c1-424b-9868-57a2d4851a1d" />
    <TestEntry testId="20a433f0-5351-99e2-0165-b5d5a12bac77" executionId="a0a5900a-a3ce-499f-a4ae-4b069a516a79" testListId="8c84fa94-04c1-424b-9868-57a2d4851a1d" />
    <TestEntry testId="0038e8fc-1cfd-5d98-6512-abb2418c897b" executionId="56f58bc3-a89e-4f8a-a14f-4fafcd1fc320" testListId="8c84fa94-04c1-424b-9868-57a2d4851a1d" />
    <TestEntry testId="efc9430b-faf8-d6a3-dcab-5f5f59d082c0" executionId="ac19d8f0-1534-45ca-b0ef-d5276676ca44" testListId="8c84fa94-04c1-424b-9868-57a2d4851a1d" />
    <TestEntry testId="e01a69ed-a484-1b78-ec97-82f5aae95052" executionId="480bffdd-9dff-42b1-86e7-8e51c3486476" testListId="8c84fa94-04c1-424b-9868-57a2d4851a1d" />
    <TestEntry testId="3a98bd39-ff71-f002-e46c-b198ee3e9bbd" executionId="39068162-6ada-4de9-9d5d-4191b7ff9e97" testListId="8c84fa94-04c1-424b-9868-57a2d4851a1d" />
    <TestEntry testId="92fa5c6f-15cd-2e55-bb69-00cd45db98d4" executionId="29b38d96-65fd-4f91-84e6-b7ab82e25a67" testListId="8c84fa94-04c1-424b-9868-57a2d4851a1d" />
    <TestEntry testId="4ea72d63-2578-1351-20ed-da84c0532de4" executionId="493c9651-6b31-4185-8988-c7fd200579b3" testListId="8c84fa94-04c1-424b-9868-57a2d4851a1d" />
    <TestEntry testId="03be9d2e-a565-80b8-efbe-99d9424b8194" executionId="20c3ee8f-ff51-443f-80d9-aaa9c932eba9" testListId="8c84fa94-04c1-424b-9868-57a2d4851a1d" />
    <TestEntry testId="cf509160-105c-40d4-9eeb-31f51fdf3312" executionId="6cc4eb42-a039-4763-bb62-796c7243f565" testListId="8c84fa94-04c1-424b-9868-57a2d4851a1d" />
    <TestEntry testId="bfcea73f-35d7-c5a7-e5e8-17ef0b241d8c" executionId="ab0a3505-f37c-439f-b476-48cd969fc241" testListId="8c84fa94-04c1-424b-9868-57a2d4851a1d" />
    <TestEntry testId="ae69055f-9e68-ff26-b3d1-ead36de4a743" executionId="d0735c87-06d4-43d6-98fe-17507232498d" testListId="8c84fa94-04c1-424b-9868-57a2d4851a1d" />
    <TestEntry testId="922aee52-8e5f-e4c1-bc19-b3cbea8d08b7" executionId="4189fe79-667a-48b3-8dfa-8698f7cde20a" testListId="8c84fa94-04c1-424b-9868-57a2d4851a1d" />
    <TestEntry testId="558b1a95-7dda-64f7-9459-9e03d799acbd" executionId="ae5a47f6-4c21-485d-9df7-3de0e8e002e7" testListId="8c84fa94-04c1-424b-9868-57a2d4851a1d" />
    <TestEntry testId="69d5208b-b562-fb76-53c9-45db7204af40" executionId="956f9b5a-e768-426d-b227-e65af87f8636" testListId="8c84fa94-04c1-424b-9868-57a2d4851a1d" />
    <TestEntry testId="2fab3a53-28dd-251e-f6dc-55611736f4ad" executionId="35888c8e-b141-43b4-bd69-2e866c25448e" testListId="8c84fa94-04c1-424b-9868-57a2d4851a1d" />
    <TestEntry testId="2e630b53-ed12-3508-eff1-0f8ad58c68e4" executionId="1493ae18-865a-436c-ac06-692355b52153" testListId="8c84fa94-04c1-424b-9868-57a2d4851a1d" />
    <TestEntry testId="daf92d53-de21-797d-be46-5e14214d2c0c" executionId="f3d02f77-da66-41b0-8606-fa13f4a3a765" testListId="8c84fa94-04c1-424b-9868-57a2d4851a1d" />
    <TestEntry testId="81ec9b04-7fc4-ca5a-7685-682abd64e40c" executionId="a63f97fa-bad9-436e-be75-cb9fa8e463c9" testListId="8c84fa94-04c1-424b-9868-57a2d4851a1d" />
    <TestEntry testId="c480935b-c008-adbf-9e7e-60f104203b8c" executionId="8bdbd30a-10c1-413d-b28a-f0350b85c709" testListId="8c84fa94-04c1-424b-9868-57a2d4851a1d" />
    <TestEntry testId="2d0833be-13e5-944e-f76f-2b11f19ee3e8" executionId="e7ecaf67-ae56-41ce-b1b1-293f06caa795" testListId="8c84fa94-04c1-424b-9868-57a2d4851a1d" />
    <TestEntry testId="87325ddf-4dc7-795d-753b-18471d1ad017" executionId="1c21ab6b-dbd0-40d2-8b2d-da18b81712cc" testListId="8c84fa94-04c1-424b-9868-57a2d4851a1d" />
    <TestEntry testId="99420f18-d49c-680d-a581-cff31843a176" executionId="f6284c25-23ab-4f81-bc32-9766d6058c52" testListId="8c84fa94-04c1-424b-9868-57a2d4851a1d" />
    <TestEntry testId="2699cbc7-7044-852b-4b47-ada014dd6bd8" executionId="88fab6ff-d65c-4d9b-8a55-1841f88237d2" testListId="8c84fa94-04c1-424b-9868-57a2d4851a1d" />
    <TestEntry testId="58b540bf-1ddf-3590-70d1-3c33637eec16" executionId="9c61b6c2-b001-4176-927e-39c41623a568" testListId="8c84fa94-04c1-424b-9868-57a2d4851a1d" />
    <TestEntry testId="4446d925-47d4-1758-168c-ac088796b07d" executionId="875ca152-e56f-4d67-bba1-f567df5496d6" testListId="8c84fa94-04c1-424b-9868-57a2d4851a1d" />
    <TestEntry testId="f9d52218-1773-3e5b-e4d7-a097d5a12b98" executionId="2999b730-c72a-4325-a54f-83f595b6f1ab" testListId="8c84fa94-04c1-424b-9868-57a2d4851a1d" />
  </TestEntries>
  <TestLists>
    <TestList name="Results Not in a List" id="8c84fa94-04c1-424b-9868-57a2d4851a1d" />
    <TestList name="All Loaded Results" id="19431567-8539-422a-85d7-44ee4e166bda" />
  </TestLists>
  <ResultSummary outcome="Completed">
    <Counters total="46" executed="46" passed="46" failed="0" error="0" timeout="0" aborted="0" inconclusive="0" passedButRunAborted="0" notRunnable="0" notExecuted="0" disconnected="0" warning="0" completed="0" inProgress="0" pending="0" />
    <Output>
      <StdOut>NUnit Adapter 4.6.0.0: Test execution started
Running all tests in /workspace/Backend.Presentation.Tests.Unit/bin/Release/net8.0/UCR.ECCI.PI.ThemePark.Backend.Presentation.Tests.Unit.dll
   NUnit3TestExecutor discovered 46 of 46 NUnit test cases using Current Discovery mode, Non-Explicit run
NUnit Adapter 4.6.0.0: Test execution complete
</StdOut>
    </Output>
    <CollectorDataEntries>
      <Collector agentName="3094a39cc547" uri="datacollector://microsoft/CoverletCodeCoverage/1.0" collectorDisplayName="XPlat code coverage">
        <UriAttachments>
          <UriAttachment>
            <A href="3094a39cc547/coverage.cobertura.xml"></A>
          </UriAttachment>
        </UriAttachments>
      </Collector>
    </CollectorDataEntries>
  </ResultSummary>
</TestRun>