<?xml version="1.0" encoding="utf-8"?>
<TestRun id="cc378310-128a-4859-a7cc-901f88d0ddb4" name="@c0fc7fd2723d 2026-07-24 00:45:56" xmlns="http://microsoft.com/schemas/VisualStudio/TeamTest/2010">
  <Times creation="2026-07-24T00:45:56.3899113+00:00" queuing="2026-07-24T00:45:56.3899114+00:00" start="2026-07-24T00:45:55.5641610+00:00" finish="2026-07-24T00:45:56.3939544+00:00" />
  <TestSettings name="default" id="92ada7a2-6cd3-42e1-95b1-8da0b1e1161c">
    <Deployment runDeploymentRoot="_c0fc7fd2723d_2026-07-24_00_45_56" />
  </TestSettings>
  <Results>
    <UnitTestResult executionId="6a7e0fe5-e688-4865-bb1f-eb64d1383616" testId="f35c6831-dbbc-d088-e744-bd7adc50330c" testName="GetComponentsByLearningSpaceIdAsync_NonExistentId_ReturnsEmptyList" computerName="c0fc7fd2723d" duration="00:00:00.0024890" startTime="2026-07-24T00:45:56.1587508+00:00" endTime="2026-07-24T00:45:56.1612393+00:00" testType="13cdc9d9-ddb5-4fa4-a97d-d965ccfc6d4b" outcome="Passed" testListId="8c84fa94-04c1-424b-9868-57a2d4851a1d" relativeResultsDirectory="6a7e0fe5-e688-4865-bb1f-eb64d1383616" />
    <UnitTestResult executionId="8d0b95ed-f78b-4763-8492-8275d7c7ea30" testId="20bce922-6b11-3dd0-7e7c-75e0fa3a35c9" testName="GetComponentsByLearningSpaceIdAsync_ValidIdWithComponents_ReturnsList" computerName="c0fc7fd2723d" duration="00:00:00.0010950" startTime="2026-07-24T00:45:56.1612541+00:00" endTime="2026-07-24T00:45:56.1623487+00:00" testType="13cdc9d9-ddb5-4fa4-a97d-d965ccfc6d4b" outcome="Passed" testListId="8c84fa94-04c1-424b-9868-57a2d4851a1d" relativeResultsDirectory="8d0b95ed-f78b-4763-8492-8275d7c7ea30" />
    <UnitTestResult executionId="35ff5b02-9f6a-4d71-9ee6-6a5fa8a6eaf6" testId="d2938e8c-288a-25e5-c698-c8e8753a2445" testName="GetComponentsByLearningSpaceIdAsync_NoComponents_ReturnsEmptyList" computerName="c0fc7fd2723d" duration="00:00:00.0921820" startTime="2026-07-24T00:45:56.0659050+00:00" endTime="2026-07-24T00:45:56.1580518+00:00" testType="13cdc9d9-ddb5-4fa4-a97d-d965ccfc6d4b" outcome="Passed" testListId="8c84fa94-04c1-424b-9868-57a2d4851a1d" relativeResultsDirectory="35ff5b02-9f6a-4d71-9ee6-6a5fa8a6eaf6" />
  </Results>
  <TestDefinitions>
    <UnitTest name="GetComponentsByLearningSpaceIdAsync_NonExistentId_ReturnsEmptyList" storage="/workspace/backend.infrastructure.tests.unit/bin/release/net8.0/ucr.ecci.pi.themepark.backend.infrastructure.tests.unit.dll" id="f35c6831-dbbc-d088-e744-bd7adc50330c">
      <Execution id="6a7e0fe5-e688-4865-bb1f-eb64d1383616" />
      <TestMethod codeBase="/workspace/Backend.Infrastructure.Tests.Unit/bin/Release/net8.0/UCR.ECCI.PI.ThemePark.Backend.Infrastructure.Tests.Unit.dll" adapterTypeName="executor://nunit3testexecutor/" className="UCR.ECCI.PI.ThemePark.Backend.Infrastructure.Tests.Unit.SqlLearningComponentRepositoryTests" name="GetComponentsByLearningSpaceIdAsync_NonExistentId_ReturnsEmptyList" />
    </UnitTest>
    <UnitTest name="GetComponentsByLearningSpaceIdAsync_NoComponents_ReturnsEmptyList" storage="/workspace/backend.infrastructure.tests.unit/bin/release/net8.0/ucr.ecci.pi.themepark.backend.infrastructure.tests.unit.dll" id="d2938e8c-288a-25e5-c698-c8e8753a2445">
      <Execution id="35ff5b02-9f6a-4d71-9ee6-6a5fa8a6eaf6" />
      <TestMethod codeBase="/workspace/Backend.Infrastructure.Tests.Unit/bin/Release/net8.0/UCR.ECCI.PI.ThemePark.Backend.Infrastructure.Tests.Unit.dll" adapterTypeName="executor://nunit3testexecutor/" className="UCR.ECCI.PI.ThemePark.Backend.Infrastructure.Tests.Unit.SqlLearningComponentRepositoryTests" name="GetComponentsByLearningSpaceIdAsync_NoComponents_ReturnsEmptyList" />
    </UnitTest>
    <UnitTest name="GetComponentsByLearningSpaceIdAsync_ValidIdWithComponents_ReturnsList" storage="/workspace/backend.infrastructure.tests.unit/bin/release/net8.0/ucr.ecci.pi.themepark.backend.infrastructure.tests.unit.dll" id="20bce922-6b11-3dd0-7e7c-75e0fa3a35c9">
      <Execution id="8d0b95ed-f78b-4763-8492-8275d7c7ea30" />
      <TestMethod codeBase="/workspace/Backend.Infrastructure.Tests.Unit/bin/Release/net8.0/UCR.ECCI.PI.ThemePark.Backend.Infrastructure.Tests.Unit.dll" adapterTypeName="executor://nunit3testexecutor/" className="UCR.ECCI.PI.ThemePark.Backend.Infrastructure.Tests.Unit.SqlLearningComponentRepositoryTests" name="GetComponentsByLearningSpaceIdAsync_ValidIdWithComponents_ReturnsList" />
    </UnitTest>
  </TestDefinitions>
  <TestEntries>
    <TestEntry testId="f35c6831-dbbc-d088-e744-bd7adc50330c" executionId="6a7e0fe5-e688-4865-bb1f-eb64d1383616" testListId="8c84fa94-04c1-424b-9868-57a2d4851a1d" />
    <TestEntry testId="20bce922-6b11-3dd0-7e7c-75e0fa3a35c9" executionId="8d0b95ed-f78b-4763-8492-8275d7c7ea30" testListId="8c84fa94-04c1-424b-9868-57a2d4851a1d" />
    <TestEntry testId="d2938e8c-288a-25e5-c698-c8e8753a2445" executionId="35ff5b02-9f6a-4d71-9ee6-6a5fa8a6eaf6" testListId="8c84fa94-04c1-424b-9868-57a2d4851a1d" />
  </TestEntries>
  <TestLists>
    <TestList name="Results Not in a List" id="8c84fa94-04c1-424b-9868-57a2d4851a1d" />
    <TestList name="All Loaded Results" id="19431567-8539-422a-85d7-44ee4e166bda" />
  </TestLists>
  <ResultSummary outcome="Completed">
    <Counters total="3" executed="3" passed="3" failed="0" error="0" timeout="0" aborted="0" inconclusive="0" passedButRunAborted="0" notRunnable="0" notExecuted="0" disconnected="0" warning="0" completed="0" inProgress="0" pending="0" />
    <Output>
      <StdOut>NUnit Adapter 4.6.0.0: Test execution started
Running all tests in /workspace/Backend.Infrastructure.Tests.Unit/bin/Release/net8.0/UCR.ECCI.PI.ThemePark.Backend.Infrastructure.Tests.Unit.dll
   NUnit3TestExecutor discovered 3 of 3 NUnit test cases using Current Discovery mode, Non-Explicit run
NUnit Adapter 4.6.0.0: Test execution complete
</StdOut>
    </Output>
    <CollectorDataEntries>
      <Collector agentName="c0fc7fd2723d" uri="datacollector://microsoft/CoverletCodeCoverage/1.0" collectorDisplayName="XPlat code coverage">
        <UriAttachments>
          <UriAttachment>
            <A href="c0fc7fd2723d/coverage.cobertura.xml"></A>
          </UriAttachment>
        </UriAttachments>
      </Collector>
    </CollectorDataEntries>
  </ResultSummary>
</TestRun>