<?xml version="1.0" encoding="utf-8"?>
<TestRun id="7dd7aba0-2959-4cf6-af87-91b501a5064d" name="@648d747864fe 2026-09-27 20:42:40" xmlns="http://microsoft.com/schemas/VisualStudio/TeamTest/2010">
  <Times creation="2026-09-27T20:42:40.4884554+00:00" queuing="2026-09-27T20:42:40.4884554+00:00" start="2026-09-27T20:42:39.7131210+00:00" finish="2026-09-27T20:42:40.7011983+00:00" />
  <TestSettings name="default" id="6f7255c6-2e98-4e93-8166-00ef048154cb">
    <Deployment runDeploymentRoot="_648d747864fe_2026-09-27_20_42_40" />
  </TestSettings>
  <Results>
    <UnitTestResult executionId="82695a3d-eacd-488f-b7ed-52ffcebfcdf3" testId="69d5208b-b562-fb76-53c9-45db7204af40" testName="HandleAsync_ValidRequest_ReturnsOkWithWhiteboard" computerName="648d747864fe" duration="00:00:00.0010160" startTime="2026-09-27T20:42:40.5190068+00:00" endTime="2026-09-27T20:42:40.5200229+00:00" testType="13cdc9d9-ddb5-4fa4-a97d-d965ccfc6d4b" outcome="Passed" testListId="8c84fa94-04c1-424b-9868-57a2d4851a1d" relativeResultsDirectory="82695a3d-eacd-488f-b7ed-52ffcebfcdf3" />
    <UnitTestResult executionId="7de4ddef-8ea2-410b-9e09-e1d90a20871b" testId="882f5910-a682-2027-e5d6-81f070879206" testName="HandleAsync_UnexpectedException_ReturnsInternalServerError" computerName="648d747864fe" duration="00:00:00.0008500" startTime="2026-09-27T20:42:40.4629746+00:00" endTime="2026-09-27T20:42:40.4638241+00:00" testType="13cdc9d9-ddb5-4fa4-a97d-d965ccfc6d4b" outcome="Passed" testListId="8c84fa94-04c1-424b-9868-57a2d4851a1d" relativeResultsDirectory="7de4ddef-8ea2-410b-9e09-e1d90a20871b" />
    <UnitTestResult executionId="84c0f571-5a58-4f05-93d7-cb641a5398d2" testId="d4665a49-384c-cba1-da02-b99e2da8eb41" testName="Validate_FutureBirthDate_ReturnsValidationError" computerName="648d747864fe" duration="00:00:00.0179199" startTime="2026-09-27T20:42:40.4658350+00:00" endTime="2026-09-27T20:42:40.4837544+00:00" testType="13cdc9d9-ddb5-4fa4-a97d-d965ccfc6d4b" outcome="Passed" testListId="8c84fa94-04c1-424b-9868-57a2d4851a1d" relativeResultsDirectory="84c0f571-5a58-4f05-93d7-cb641a5398d2" />
    <UnitTestResult executionId="393915cb-37b2-4b36-b7c8-1e22a8cba22d" testId="cf509160-105c-40d4-9eeb-31f51fdf3312" testName="HandleAsync_WithoutId_ReturnsAutoGeneratedId" computerName="648d747864fe" duration="00:00:00.0007590" startTime="2026-09-27T20:42:40.4589061+00:00" endTime="2026-09-27T20:42:40.4596648+00:00" testType="13cdc9d9-ddb5-4fa4-a97d-d965ccfc6d4b" outcome="Passed" testListId="8c84fa94-04c1-424b-9868-57a2d4851a1d" relativeResultsDirectory="393915cb-37b2-4b36-b7c8-1e22a8cba22d" />
    <UnitTestResult executionId="5731d8bd-d1f2-4c5e-b3c2-c9bc37e5fa76" testId="c3bc545d-e4ee-8556-d6de-8e80184bab70" testName="Validate_InvalidFirstName_ReturnsValidationError(&quot;&quot;)" computerName="648d747864fe" duration="00:00:00.0000770" startTime="2026-09-27T20:42:40.4888097+00:00" endTime="2026-09-27T20:42:40.4888864+00:00" testType="13cdc9d9-ddb5-4fa4-a97d-d965ccfc6d4b" outcome="Passed" testListId="8c84fa94-04c1-424b-9868-57a2d4851a1d" relativeResultsDirectory="5731d8bd-d1f2-4c5e-b3c2-c9bc37e5fa76" />
    <UnitTestResult executionId="7acadbfc-10a8-409a-9239-3dafa89ecac9" testId="4ea72d63-2578-1351-20ed-da84c0532de4" testName="HandleAsync_ArgumentException_ReturnsBadRequest(&quot;Classroom&quot;,0.0f,8.0f,10.0f,&quot;Height must be positive and non-zero&quot;,&quot;Height must be positive&quot;)" computerName="648d747864fe" duration="00:00:00.0006830" startTime="2026-09-27T20:42:40.4619227+00:00" endTime="2026-09-27T20:42:40.4626054+00:00" testType="13cdc9d9-ddb5-4fa4-a97d-d965ccfc6d4b" outcome="Passed" testListId="8c84fa94-04c1-424b-9868-57a2d4851a1d" relativeResultsDirectory="7acadbfc-10a8-409a-9239-3dafa89ecac9" />
    <UnitTestResult executionId="f1cfcf3e-a182-4eac-bc3e-d7fcb3f3390d" testId="99420f18-d49c-680d-a581-cff31843a176" testName="HandleAsync_InvalidPropertyFormat_ReturnsBadRequestWithValidationMessage" computerName="648d747864fe" duration="00:00:00.0007700" startTime="2026-09-27T20:42:40.4467722+00:00" endTime="2026-09-27T20:42:40.4475423+00:00" testType="13cdc9d9-ddb5-4fa4-a97d-d965ccfc6d4b" outcome="Passed" testListId="8c84fa94-04c1-424b-9868-57a2d4851a1d" relativeResultsDirectory="f1cfcf3e-a182-4eac-bc3e-d7fcb3f3390d" />
    <UnitTestResult executionId="dd1b82a3-c2fb-4b76-ab64-c4b7298538f0" testId="87325ddf-4dc7-795d-753b-18471d1ad017" testName="Validate_InvalidIdentityNumber_ReturnsValidationError(&quot;&quot;)" computerName="648d747864fe" duration="00:00:00.0000580" startTime="2026-09-27T20:42:40.4890333+00:00" endTime="2026-09-27T20:42:40.4890913+00:00" testType="13cdc9d9-ddb5-4fa4-a97d-d965ccfc6d4b" outcome="Passed" testListId="8c84fa94-04c1-424b-9868-57a2d4851a1d" relativeResultsDirectory="dd1b82a3-c2fb-4b76-ab64-c4b7298538f0" />
    <UnitTestResult executionId="530fdd4c-456f-41b1-a111-1f02cbead99e" testId="abeff047-4376-a3bb-f3d8-0e0fc3343f6a" testName="HandleAsync_NonExistentSpace_ReturnsNotFound" computerName="648d747864fe" duration="00:00:00.0008460" startTime="2026-09-27T20:42:40.5248216+00:00" endTime="2026-09-27T20:42:40.5256672+00:00" testType="13cdc9d9-ddb5-4fa4-a97d-d965ccfc6d4b" outcome="Passed" testListId="8c84fa94-04c1-424b-9868-57a2d4851a1d" relativeResultsDirectory="530fdd4c-456f-41b1-a111-1f02cbead99e" />
    <UnitTestResult executionId="affdb1c5-3585-4f23-9f41-30089612d041" testId="e4992ac7-72aa-bfaf-df04-32a0bd1137bb" testName="HandleAsync_InvalidData_ReturnsBadRequest" computerName="648d747864fe" duration="00:00:00.0006750" startTime="2026-09-27T20:42:40.4560536+00:00" endTime="2026-09-27T20:42:40.4567289+00:00" testType="13cdc9d9-ddb5-4fa4-a97d-d965ccfc6d4b" outcome="Passed" testListId="8c84fa94-04c1-424b-9868-57a2d4851a1d" relativeResultsDirectory="affdb1c5-3585-4f23-9f41-30089612d041" />
    <UnitTestResult executionId="5f46ee20-13e8-4fe7-a1df-1c12ae6909a5" testId="35b0f341-14f5-cccc-88bd-6e2f33c98ef8" testName="HandleAsync_InvalidMarkerColor_ReturnsBadRequest" computerName="648d747864fe" duration="00:00:00.0018830" startTime="2026-09-27T20:42:40.5298114+00:00" endTime="2026-09-27T20:42:40.5316948+00:00" testType="13cdc9d9-ddb5-4fa4-a97d-d965ccfc6d4b" outcome="Passed" testListId="8c84fa94-04c1-424b-9868-57a2d4851a1d" relativeResultsDirectory="5f46ee20-13e8-4fe7-a1df-1c12ae6909a5" />
    <UnitTestResult executionId="43e15ff0-3505-41b5-9d09-ca04e0f1eef9" testId="8a2671a8-2e7f-60f5-fce3-70afed33cc3d" testName="HandleAsync_UnexpectedException_ReturnsInternalServerError" computerName="648d747864fe" duration="00:00:00.0003640" startTime="2026-09-27T20:42:40.5186297+00:00" endTime="2026-09-27T20:42:40.5189937+00:00" testType="13cdc9d9-ddb5-4fa4-a97d-d965ccfc6d4b" outcome="Passed" testListId="8c84fa94-04c1-424b-9868-57a2d4851a1d" relativeResultsDirectory="43e15ff0-3505-41b5-9d09-ca04e0f1eef9" />
    <UnitTestResult executionId="fe9ce0c8-1e56-4baf-b609-7ddb9abf9ecb" testId="b8e1803a-1423-709a-6da0-c41b2f2134cb" testName="Validate_InvalidLastName_ReturnsValidationError(&quot;&quot;)" computerName="648d747864fe" duration="00:00:00.0000540" startTime="2026-09-27T20:42:40.4892335+00:00" endTime="2026-09-27T20:42:40.4892874+00:00" testType="13cdc9d9-ddb5-4fa4-a97d-d965ccfc6d4b" outcome="Passed" testListId="8c84fa94-04c1-424b-9868-57a2d4851a1d" relativeResultsDirectory="fe9ce0c8-1e56-4baf-b609-7ddb9abf9ecb" />
    <UnitTestResult executionId="840ad600-cf1a-4575-8bb9-e388a093f4dc" testId="e987cd9f-9b1d-017c-2718-6ade1be738a4" testName="Validate_InvalidEmail_ReturnsValidationError(null)" computerName="648d747864fe" duration="00:00:00.0044710" startTime="2026-09-27T20:42:40.4837934+00:00" endTime="2026-09-27T20:42:40.4882639+00:00" testType="13cdc9d9-ddb5-4fa4-a97d-d965ccfc6d4b" outcome="Passed" testListId="8c84fa94-04c1-424b-9868-57a2d4851a1d" relativeResultsDirectory="840ad600-cf1a-4575-8bb9-e388a093f4dc" />
    <UnitTestResult executionId="46c3a273-587e-4758-820b-8245c6e13395" testId="81ec9b04-7fc4-ca5a-7685-682abd64e40c" testName="HandleAsync_DuplicateUniversity_ReturnsBadRequestWithErrorMessage" computerName="648d747864fe" duration="00:00:00.0333080" startTime="2026-09-27T20:42:40.4127417+00:00" endTime="2026-09-27T20:42:40.4460203+00:00" testType="13cdc9d9-ddb5-4fa4-a97d-d965ccfc6d4b" outcome="Passed" testListId="8c84fa94-04c1-424b-9868-57a2d4851a1d" relativeResultsDirectory="46c3a273-587e-4758-820b-8245c6e13395" />
    <UnitTestResult executionId="1f103e3b-d528-484e-a5ae-79a0ea33aac6" testId="df1ed283-2d9e-fb1e-cea7-62916c283fe4" testName="HandleAsync_PositionOverlaps_ReturnsBadRequest" computerName="648d747864fe" duration="00:00:00.0003840" startTime="2026-09-27T20:42:40.5322703+00:00" endTime="2026-09-27T20:42:40.5326544+00:00" testType="13cdc9d9-ddb5-4fa4-a97d-d965ccfc6d4b" outcome="Passed" testListId="8c84fa94-04c1-424b-9868-57a2d4851a1d" relativeResultsDirectory="1f103e3b-d528-484e-a5ae-79a0ea33aac6" />
    <UnitTestResult executionId="dce806ed-9829-4fb7-b798-bf186165c3e0" testId="ea100878-ce17-320f-d3a5-9ec17b3af060" testName="Validate_InvalidEmail_ReturnsValidationError(&quot;&quot;)" computerName="648d747864fe" duration="00:00:00.0001910" startTime="2026-09-27T20:42:40.4882852+00:00" endTime="2026-09-27T20:42:40.4884761+00:00" testType="13cdc9d9-ddb5-4fa4-a97d-d965ccfc6d4b" outcome="Passed" testListId="8c84fa94-04c1-424b-9868-57a2d4851a1d" relativeResultsDirectory="dce806ed-9829-4fb7-b798-bf186165c3e0" />
    <UnitTestResult executionId="06df4088-2f8e-42d9-af42-97c7299bd4a7" testId="922aee52-8e5f-e4c1-bc19-b3cbea8d08b7" testName="HandleAsync_ValidIdWithComponents_ReturnsOk" computerName="648d747864fe" duration="00:00:00.0017660" startTime="2026-09-27T20:42:40.5256823+00:00" endTime="2026-09-27T20:42:40.5274486+00:00" testType="13cdc9d9-ddb5-4fa4-a97d-d965ccfc6d4b" outcome="Passed" testListId="8c84fa94-04c1-424b-9868-57a2d4851a1d" relativeResultsDirectory="06df4088-2f8e-42d9-af42-97c7299bd4a7" />
    <UnitTestResult executionId="1358fbff-cc16-48c1-a476-16626b6eb7ef" testId="c480935b-c008-adbf-9e7e-60f104203b8c" testName="HandleAsync_WhiteboardDoesNotFit_ReturnsBadRequest" computerName="648d747864fe" duration="00:00:00.0003800" startTime="2026-09-27T20:42:40.5200363+00:00" endTime="2026-09-27T20:42:40.5204157+00:00" testType="13cdc9d9-ddb5-4fa4-a97d-d965ccfc6d4b" outcome="Passed" testListId="8c84fa94-04c1-424b-9868-57a2d4851a1d" relativeResultsDirectory="1358fbff-cc16-48c1-a476-16626b6eb7ef" />
    <UnitTestResult executionId="34237aa9-a15d-4ead-b6cd-976ce144c155" testId="bfcea73f-35d7-c5a7-e5e8-17ef0b241d8c" testName="HandleAsync_InvalidOrientation_ReturnsBadRequest" computerName="648d747864fe" duration="00:00:00.0020020" startTime="2026-09-27T20:42:40.5159408+00:00" endTime="2026-09-27T20:42:40.5179430+00:00" testType="13cdc9d9-ddb5-4fa4-a97d-d965ccfc6d4b" outcome="Passed" testListId="8c84fa94-04c1-424b-9868-57a2d4851a1d" relativeResultsDirectory="34237aa9-a15d-4ead-b6cd-976ce144c155" />
    <UnitTestResult executionId="59b873bd-f435-4716-87bf-5e3a1769c65b" testId="5256d48e-67b1-ec70-7855-91b9720a9782" testName="HandleAsync_ValidRequest_ReturnsOkWithUpdatedData" computerName="648d747864fe" duration="00:00:00.0004490" startTime="2026-09-27T20:42:40.5326667+00:00" endTime="2026-09-27T20:42:40.5331155+00:00" testType="13cdc9d9-ddb5-4fa4-a97d-d965ccfc6d4b" outcome="Passed" testListId="8c84fa94-04c1-424b-9868-57a2d4851a1d" relativeResultsDirectory="59b873bd-f435-4716-87bf-5e3a1769c65b" />
    <UnitTestResult executionId="7db0435b-7e42-4b45-b3f1-6e021c5ab33f" testId="20a433f0-5351-99e2-0165-b5d5a12bac77" testName="HandleAsync_PositionExceedsBoundaries_ReturnsBadRequest" computerName="648d747864fe" duration="00:00:00.0005480" startTime="2026-09-27T20:42:40.5317094+00:00" endTime="2026-09-27T20:42:40.5322572+00:00" testType="13cdc9d9-ddb5-4fa4-a97d-d965ccfc6d4b" outcome="Passed" testListId="8c84fa94-04c1-424b-9868-57a2d4851a1d" relativeResultsDirectory="7db0435b-7e42-4b45-b3f1-6e021c5ab33f" />
    <UnitTestResult executionId="e0e8ee62-866b-465a-a110-da1e46347ac6" testId="03be9d2e-a565-80b8-efbe-99d9424b8194" testName="HandleAsync_ValidIdWithNoComponents_ReturnsOkWithEmptyList" computerName="648d747864fe" duration="00:00:00.0022790" startTime="2026-09-27T20:42:40.5274664+00:00" endTime="2026-09-27T20:42:40.5297453+00:00" testType="13cdc9d9-ddb5-4fa4-a97d-d965ccfc6d4b" outcome="Passed" testListId="8c84fa94-04c1-424b-9868-57a2d4851a1d" relativeResultsDirectory="e0e8ee62-866b-465a-a110-da1e46347ac6" />
    <UnitTestResult executionId="1723111b-c856-481a-900f-0f51ea4b8d4c" testId="58b540bf-1ddf-3590-70d1-3c33637eec16" testName="HandleAsync_DtoValidationFails_ReturnsBadRequest" computerName="648d747864fe" duration="00:00:00.0005230" startTime="2026-09-27T20:42:40.5147260+00:00" endTime="2026-09-27T20:42:40.5152490+00:00" testType="13cdc9d9-ddb5-4fa4-a97d-d965ccfc6d4b" outcome="Passed" testListId="8c84fa94-04c1-424b-9868-57a2d4851a1d" relativeResultsDirectory="1723111b-c856-481a-900f-0f51ea4b8d4c" />
    <UnitTestResult executionId="1a0f2a99-5a2e-4d88-a5e0-0bde546337a9" testId="3a98bd39-ff71-f002-e46c-b198ee3e9bbd" testName="HandleAsync_ArgumentException_ReturnsBadRequest(&quot;InvalidType&quot;,3.0f,8.0f,10.0f,&quot;Type must be Classroom, Auditorium, or Laboratory&quot;,&quot;Type must be Classroom&quot;)" computerName="648d747864fe" duration="00:00:00.0021860" startTime="2026-09-27T20:42:40.4597151+00:00" endTime="2026-09-27T20:42:40.4619009+00:00" testType="13cdc9d9-ddb5-4fa4-a97d-d965ccfc6d4b" outcome="Passed" testListId="8c84fa94-04c1-424b-9868-57a2d4851a1d" relativeResultsDirectory="1a0f2a99-5a2e-4d88-a5e0-0bde546337a9" />
    <UnitTestResult executionId="4575b6c4-3b52-4457-9d5b-5313aa8201d1" testId="558b1a95-7dda-64f7-9459-9e03d799acbd" testName="HandleAsync_LearningSpaceNotFound_ReturnsNotFound" computerName="648d747864fe" duration="00:00:00.0006579" startTime="2026-09-27T20:42:40.5179595+00:00" endTime="2026-09-27T20:42:40.5186178+00:00" testType="13cdc9d9-ddb5-4fa4-a97d-d965ccfc6d4b" outcome="Passed" testListId="8c84fa94-04c1-424b-9868-57a2d4851a1d" relativeResultsDirectory="4575b6c4-3b52-4457-9d5b-5313aa8201d1" />
    <UnitTestResult executionId="ee82109d-ba6a-4cb8-b571-1e14979a1654" testId="482d52f5-f3d3-285b-4347-39e13a9ca389" testName="MapEndpoint_EndpointMapped_CreatesCorrectRoute" computerName="648d747864fe" duration="00:00:00.0230850" startTime="2026-09-27T20:42:40.4893337+00:00" endTime="2026-09-27T20:42:40.5124188+00:00" testType="13cdc9d9-ddb5-4fa4-a97d-d965ccfc6d4b" outcome="Passed" testListId="8c84fa94-04c1-424b-9868-57a2d4851a1d" relativeResultsDirectory="ee82109d-ba6a-4cb8-b571-1e14979a1654" />
    <UnitTestResult executionId="bdc07b6f-1e24-43e3-a8d8-9657d114b178" testId="7f0aa0d2-9ddc-c6a5-fc49-9e93a8bf7ea9" testName="Constructor_ValidParameters_AllPropertiesSetCorrectly" computerName="648d747864fe" duration="00:00:00.0018820" startTime="2026-09-27T20:42:40.4497378+00:00" endTime="2026-09-27T20:42:40.4516201+00:00" testType="13cdc9d9-ddb5-4fa4-a97d-d965ccfc6d4b" outcome="Passed" testListId="8c84fa94-04c1-424b-9868-57a2d4851a1d" relativeResultsDirectory="bdc07b6f-1e24-43e3-a8d8-9657d114b178" />
    <UnitTestResult executionId="f0cbc836-3f43-4b44-b013-3e2c26847c5b" testId="99559d53-e937-a20d-20ee-c53431996412" testName="HandleAsync_BuildingsExist_ReturnsOkWithBuildings" computerName="648d747864fe" duration="00:00:00.0020830" startTime="2026-09-27T20:42:40.5204654+00:00" endTime="2026-09-27T20:42:40.5225487+00:00" testType="13cdc9d9-ddb5-4fa4-a97d-d965ccfc6d4b" outcome="Passed" testListId="8c84fa94-04c1-424b-9868-57a2d4851a1d" relativeResultsDirectory="f0cbc836-3f43-4b44-b013-3e2c26847c5b" />
    <UnitTestResult executionId="f2ba17b0-dbe0-4034-9cb2-9c442199e024" testId="4446d925-47d4-1758-168c-ac088796b07d" testName="HandleAsync_CreationSucceeds_ReturnsSuccessResponse" computerName="648d747864fe" duration="00:00:00.0022240" startTime="2026-09-27T20:42:40.5124880+00:00" endTime="2026-09-27T20:42:40.5147117+00:00" testType="13cdc9d9-ddb5-4fa4-a97d-d965ccfc6d4b" outcome="Passed" testListId="8c84fa94-04c1-424b-9868-57a2d4851a1d" relativeResultsDirectory="f2ba17b0-dbe0-4034-9cb2-9c442199e024" />
    <UnitTestResult executionId="5341db1f-05ef-4fa8-ba45-4ad8ca757288" testId="edadcd39-105b-b61b-2546-9b37f138cafb" testName="Validate_InvalidIdentityNumber_ReturnsValidationError(null)" computerName="648d747864fe" duration="00:00:00.0001299" startTime="2026-09-27T20:42:40.4888999+00:00" endTime="2026-09-27T20:42:40.4890303+00:00" testType="13cdc9d9-ddb5-4fa4-a97d-d965ccfc6d4b" outcome="Passed" testListId="8c84fa94-04c1-424b-9868-57a2d4851a1d" relativeResultsDirectory="5341db1f-05ef-4fa8-ba45-4ad8ca757288" />
    <UnitTestResult executionId="bea1a5de-f0ac-46d0-a04b-afe4e3408aa0" testId="efc9430b-faf8-d6a3-dcab-5f5f59d082c0" testName="HandleAsync_SuccessfulCreation_ReturnsOkWithSuccessMessage" computerName="648d747864fe" duration="00:00:00.0013270" startTime="2026-09-27T20:42:40.4475671+00:00" endTime="2026-09-27T20:42:40.4488944+00:00" testType="13cdc9d9-ddb5-4fa4-a97d-d965ccfc6d4b" outcome="Passed" testListId="8c84fa94-04c1-424b-9868-57a2d4851a1d" relativeResultsDirectory="bea1a5de-f0ac-46d0-a04b-afe4e3408aa0" />
    <UnitTestResult executionId="c4b52706-dd73-441f-b98c-1b7d716ffa54" testId="e01a69ed-a484-1b78-ec97-82f5aae95052" testName="HandleAsync_InvalidId_ReturnsBadRequest(null)" computerName="648d747864fe" duration="00:00:00.0001210" startTime="2026-09-27T20:42:40.5246912+00:00" endTime="2026-09-27T20:42:40.5248126+00:00" testType="13cdc9d9-ddb5-4fa4-a97d-d965ccfc6d4b" outcome="Passed" testListId="8c84fa94-04c1-424b-9868-57a2d4851a1d" relativeResultsDirectory="c4b52706-dd73-441f-b98c-1b7d716ffa54" />
    <UnitTestResult executionId="dc002535-3665-40bc-91b0-26e197a061be" testId="2699cbc7-7044-852b-4b47-ada014dd6bd8" testName="HandleAsync_WhiteboardNotFound_ReturnsBadRequest" computerName="648d747864fe" duration="00:00:00.0003820" startTime="2026-09-27T20:42:40.5331276+00:00" endTime="2026-09-27T20:42:40.5335093+00:00" testType="13cdc9d9-ddb5-4fa4-a97d-d965ccfc6d4b" outcome="Passed" testListId="8c84fa94-04c1-424b-9868-57a2d4851a1d" relativeResultsDirectory="dc002535-3665-40bc-91b0-26e197a061be" />
    <UnitTestResult executionId="7cc74ecb-fc65-42b6-a19e-9a8a8a1101d1" testId="dbc4bceb-7aba-1e33-2ec6-1d664c5b17de" testName="HandleAsync_PersonAlreadyExists_ReturnsConflict" computerName="648d747864fe" duration="00:00:00.0006130" startTime="2026-09-27T20:42:40.5152628+00:00" endTime="2026-09-27T20:42:40.5158755+00:00" testType="13cdc9d9-ddb5-4fa4-a97d-d965ccfc6d4b" outcome="Passed" testListId="8c84fa94-04c1-424b-9868-57a2d4851a1d" relativeResultsDirectory="7cc74ecb-fc65-42b6-a19e-9a8a8a1101d1" />
    <UnitTestResult executionId="75d646fb-9407-496b-bbd5-aa14aaa726b7" testId="b4d98527-5fc3-0da1-e820-9cfdc6654e73" testName="HandleAsync_NoBuildings_ReturnsOkWithEmptyList" computerName="648d747864fe" duration="00:00:00.0013050" startTime="2026-09-27T20:42:40.5225647+00:00" endTime="2026-09-27T20:42:40.5238695+00:00" testType="13cdc9d9-ddb5-4fa4-a97d-d965ccfc6d4b" outcome="Passed" testListId="8c84fa94-04c1-424b-9868-57a2d4851a1d" relativeResultsDirectory="75d646fb-9407-496b-bbd5-aa14aaa726b7" />
    <UnitTestResult executionId="90ad67c3-ee51-4ccb-9701-c55b69b25c5a" testId="2d0833be-13e5-944e-f76f-2b11f19ee3e8" testName="Validate_InvalidFirstName_ReturnsValidationError(null)" computerName="648d747864fe" duration="00:00:00.0001410" startTime="2026-09-27T20:42:40.4886653+00:00" endTime="2026-09-27T20:42:40.4888064+00:00" testType="13cdc9d9-ddb5-4fa4-a97d-d965ccfc6d4b" outcome="Passed" testListId="8c84fa94-04c1-424b-9868-57a2d4851a1d" relativeResultsDirectory="90ad67c3-ee51-4ccb-9701-c55b69b25c5a" />
    <UnitTestResult executionId="4ccde93b-5f4e-4534-acca-2e93492ce743" testId="2fab3a53-28dd-251e-f6dc-55611736f4ad" testName="Constructor_ValidRequiredFields_AllPropertiesSetCorrectly" computerName="648d747864fe" duration="00:00:00.0013060" startTime="2026-09-27T20:42:40.4644935+00:00" endTime="2026-09-27T20:42:40.4657990+00:00" testType="13cdc9d9-ddb5-4fa4-a97d-d965ccfc6d4b" outcome="Passed" testListId="8c84fa94-04c1-424b-9868-57a2d4851a1d" relativeResultsDirectory="4ccde93b-5f4e-4534-acca-2e93492ce743" />
    <UnitTestResult executionId="7ed2d289-9050-4179-be5e-9bb2607de9b6" testId="92fa5c6f-15cd-2e55-bb69-00cd45db98d4" testName="HandleAsync_ValidInput_ReturnsCreated" computerName="648d747864fe" duration="00:00:00.0006290" startTime="2026-09-27T20:42:40.4638293+00:00" endTime="2026-09-27T20:42:40.4644579+00:00" testType="13cdc9d9-ddb5-4fa4-a97d-d965ccfc6d4b" outcome="Passed" testListId="8c84fa94-04c1-424b-9868-57a2d4851a1d" relativeResultsDirectory="7ed2d289-9050-4179-be5e-9bb2607de9b6" />
    <UnitTestResult executionId="632d475e-b0dc-4993-b8c3-e6a81005d1de" testId="9b09f633-2751-d98f-bafd-580b646437d5" testName="Validate_InvalidLastName_ReturnsValidationError(null)" computerName="648d747864fe" duration="00:00:00.0001270" startTime="2026-09-27T20:42:40.4891030+00:00" endTime="2026-09-27T20:42:40.4892303+00:00" testType="13cdc9d9-ddb5-4fa4-a97d-d965ccfc6d4b" outcome="Passed" testListId="8c84fa94-04c1-424b-9868-57a2d4851a1d" relativeResultsDirectory="632d475e-b0dc-4993-b8c3-e6a81005d1de" />
    <UnitTestResult executionId="5b7252c3-6191-4356-b328-aad0bfa4899e" testId="0038e8fc-1cfd-5d98-6512-abb2418c897b" testName="HandleAsync_DuplicateId_ReturnsConflict" computerName="648d747864fe" duration="00:00:00.0043760" startTime="2026-09-27T20:42:40.4516701+00:00" endTime="2026-09-27T20:42:40.4560465+00:00" testType="13cdc9d9-ddb5-4fa4-a97d-d965ccfc6d4b" outcome="Passed" testListId="8c84fa94-04c1-424b-9868-57a2d4851a1d" relativeResultsDirectory="5b7252c3-6191-4356-b328-aad0bfa4899e" />
    <UnitTestResult executionId="cf3e5366-b348-4ca5-be08-2eceeaa83d6f" testId="e4349b47-27f6-1b6f-8b0c-c2e78f49bade" testName="Constructor_ValidBuildings_AllPropertiesSetCorrectly" computerName="648d747864fe" duration="00:00:00.0001240" startTime="2026-09-27T20:42:40.5239424+00:00" endTime="2026-09-27T20:42:40.5240668+00:00" testType="13cdc9d9-ddb5-4fa4-a97d-d965ccfc6d4b" outcome="Passed" testListId="8c84fa94-04c1-424b-9868-57a2d4851a1d" relativeResultsDirectory="cf3e5366-b348-4ca5-be08-2eceeaa83d6f" />
    <UnitTestResult executionId="b332aade-3802-4ff5-a8a1-abb8e12b48e5" testId="ae69055f-9e68-ff26-b3d1-ead36de4a743" testName="HandleAsync_WithExplicitId_ReturnsProvidedId" computerName="648d747864fe" duration="00:00:00.0021650" startTime="2026-09-27T20:42:40.4567350+00:00" endTime="2026-09-27T20:42:40.4588998+00:00" testType="13cdc9d9-ddb5-4fa4-a97d-d965ccfc6d4b" outcome="Passed" testListId="8c84fa94-04c1-424b-9868-57a2d4851a1d" relativeResultsDirectory="b332aade-3802-4ff5-a8a1-abb8e12b48e5" />
    <UnitTestResult executionId="ff455a66-cf1b-405a-b5ae-c13b255a2593" testId="f03c6187-e80a-db10-befe-0ce6de79b6e5" testName="HandleAsync_InvalidId_ReturnsBadRequest(&quot;&quot;)" computerName="648d747864fe" duration="00:00:00.0005790" startTime="2026-09-27T20:42:40.5241065+00:00" endTime="2026-09-27T20:42:40.5246857+00:00" testType="13cdc9d9-ddb5-4fa4-a97d-d965ccfc6d4b" outcome="Passed" testListId="8c84fa94-04c1-424b-9868-57a2d4851a1d" relativeResultsDirectory="ff455a66-cf1b-405a-b5ae-c13b255a2593" />
    <UnitTestResult executionId="e47a3822-eb50-4e82-a219-c2034add6387" testId="f9d52218-1773-3e5b-e4d7-a097d5a12b98" testName="Validate_InvalidEmailFormat_ReturnsValidationError" computerName="648d747864fe" duration="00:00:00.0001600" startTime="2026-09-27T20:42:40.4884920+00:00" endTime="2026-09-27T20:42:40.4886519+00:00" testType="13cdc9d9-ddb5-4fa4-a97d-d965ccfc6d4b" outcome="Passed" testListId="8c84fa94-04c1-424b-9868-57a2d4851a1d" relativeResultsDirectory="e47a3822-eb50-4e82-a219-c2034add6387" />
    <UnitTestResult executionId="b07e53e2-aa2c-4547-945f-5fd761576d7e" testId="2e630b53-ed12-3508-eff1-0f8ad58c68e4" testName="HandleAsync_ArgumentException_ReturnsBadRequest(&quot;Classroom&quot;,3.0f,-8.0f,10.0f,&quot;Width must be positive and non-zero&quot;,&quot;Width must be positive&quot;)" computerName="648d747864fe" duration="00:00:00.0003520" startTime="2026-09-27T20:42:40.4626123+00:00" endTime="2026-09-27T20:42:40.4629640+00:00" testType="13cdc9d9-ddb5-4fa4-a97d-d965ccfc6d4b" outcome="Passed" testListId="8c84fa94-04c1-424b-9868-57a2d4851a1d" relativeResultsDirectory="b07e53e2-aa2c-4547-945f-5fd761576d7e" />
  </Results>
  <TestDefinitions>
    <UnitTest name="HandleAsync_PositionOverlaps_ReturnsBadRequest" storage="/workspace/backend.presentation.tests.unit/bin/release/net8.0/ucr.ecci.pi.themepark.backend.presentation.tests.unit.dll" id="df1ed283-2d9e-fb1e-cea7-62916c283fe4">
      <Execution id="1f103e3b-d528-484e-a5ae-79a0ea33aac6" />
      <TestMethod codeBase="/workspace/Backend.Presentation.Tests.Unit/bin/Release/net8.0/UCR.ECCI.PI.ThemePark.Backend.Presentation.Tests.Unit.dll" adapterTypeName="executor://nunit3testexecutor/" className="UCR.ECCI.PI.ThemePark.Backend.Presentation.Tests.Unit.UpdateWhiteboardHandlerTests" name="HandleAsync_PositionOverlaps_ReturnsBadRequest" />
    </UnitTest>
    <UnitTest name="Validate_InvalidIdentityNumber_ReturnsValidationError(null)" storage="/workspace/backend.presentation.tests.unit/bin/release/net8.0/ucr.ecci.pi.themepark.backend.presentation.tests.unit.dll" id="edadcd39-105b-b61b-2546-9b37f138cafb">
      <Execution id="5341db1f-05ef-4fa8-ba45-4ad8ca757288" />
      <TestMethod codeBase="/workspace/Backend.Presentation.Tests.Unit/bin/Release/net8.0/UCR.ECCI.PI.ThemePark.Backend.Presentation.Tests.Unit.dll" adapterTypeName="executor://nunit3testexecutor/" className="UCR.ECCI.PI.ThemePark.Backend.Presentation.Tests.Unit.CreatePersonDtoValidatorTests" name="Validate_InvalidIdentityNumber_ReturnsValidationError(null)" />
    </UnitTest>
    <UnitTest name="Constructor_ValidParameters_AllPropertiesSetCorrectly" storage="/workspace/backend.presentation.tests.unit/bin/release/net8.0/ucr.ecci.pi.themepark.backend.presentation.tests.unit.dll" id="7f0aa0d2-9ddc-c6a5-fc49-9e93a8bf7ea9">
      <Execution id="bdc07b6f-1e24-43e3-a8d8-9657d114b178" />
      <TestMethod codeBase="/workspace/Backend.Presentation.Tests.Unit/bin/Release/net8.0/UCR.ECCI.PI.ThemePark.Backend.Presentation.Tests.Unit.dll" adapterTypeName="executor://nunit3testexecutor/" className="UCR.ECCI.PI.ThemePark.Backend.Presentation.Tests.Unit.BuildingDtoTests" name="Constructor_ValidParameters_AllPropertiesSetCorrectly" />
    </UnitTest>
    <UnitTest name="HandleAsync_ValidRequest_ReturnsOkWithWhiteboard" storage="/workspace/backend.presentation.tests.unit/bin/release/net8.0/ucr.ecci.pi.themepark.backend.presentation.tests.unit.dll" id="69d5208b-b562-fb76-53c9-45db7204af40">
      <Execution id="82695a3d-eacd-488f-b7ed-52ffcebfcdf3" />
      <TestMethod codeBase="/workspace/Backend.Presentation.Tests.Unit/bin/Release/net8.0/UCR.ECCI.PI.ThemePark.Backend.Presentation.Tests.Unit.dll" adapterTypeName="executor://nunit3testexecutor/" className="UCR.ECCI.PI.ThemePark.Backend.Presentation.Tests.Unit.CreateWhiteboardHandlerTests" name="HandleAsync_ValidRequest_ReturnsOkWithWhiteboard" />
    </UnitTest>
    <UnitTest name="HandleAsync_InvalidMarkerColor_ReturnsBadRequest" storage="/workspace/backend.presentation.tests.unit/bin/release/net8.0/ucr.ecci.pi.themepark.backend.presentation.tests.unit.dll" id="35b0f341-14f5-cccc-88bd-6e2f33c98ef8">
      <Execution id="5f46ee20-13e8-4fe7-a1df-1c12ae6909a5" />
      <TestMethod codeBase="/workspace/Backend.Presentation.Tests.Unit/bin/Release/net8.0/UCR.ECCI.PI.ThemePark.Backend.Presentation.Tests.Unit.dll" adapterTypeName="executor://nunit3testexecutor/" className="UCR.ECCI.PI.ThemePark.Backend.Presentation.Tests.Unit.UpdateWhiteboardHandlerTests" name="HandleAsync_InvalidMarkerColor_ReturnsBadRequest" />
    </UnitTest>
    <UnitTest name="HandleAsync_UnexpectedException_ReturnsInternalServerError" storage="/workspace/backend.presentation.tests.unit/bin/release/net8.0/ucr.ecci.pi.themepark.backend.presentation.tests.unit.dll" id="8a2671a8-2e7f-60f5-fce3-70afed33cc3d">
      <Execution id="43e15ff0-3505-41b5-9d09-ca04e0f1eef9" />
      <TestMethod codeBase="/workspace/Backend.Presentation.Tests.Unit/bin/Release/net8.0/UCR.ECCI.PI.ThemePark.Backend.Presentation.Tests.Unit.dll" adapterTypeName="executor://nunit3testexecutor/" className="UCR.ECCI.PI.ThemePark.Backend.Presentation.Tests.Unit.CreateWhiteboardHandlerTests" name="HandleAsync_UnexpectedException_ReturnsInternalServerError" />
    </UnitTest>
    <UnitTest name="HandleAsync_InvalidId_ReturnsBadRequest(&quot;&quot;)" storage="/workspace/backend.presentation.tests.unit/bin/release/net8.0/ucr.ecci.pi.themepark.backend.presentation.tests.unit.dll" id="f03c6187-e80a-db10-befe-0ce6de79b6e5">
      <Execution id="ff455a66-cf1b-405a-b5ae-c13b255a2593" />
      <TestMethod codeBase="/workspace/Backend.Presentation.Tests.Unit/bin/Release/net8.0/UCR.ECCI.PI.ThemePark.Backend.Presentation.Tests.Unit.dll" adapterTypeName="executor://nunit3testexecutor/" className="UCR.ECCI.PI.ThemePark.Backend.Presentation.Tests.Unit.GetLearningComponentsHandlerTests" name="HandleAsync_InvalidId_ReturnsBadRequest(&quot;&quot;)" />
    </UnitTest>
    <UnitTest name="HandleAsync_NonExistentSpace_ReturnsNotFound" storage="/workspace/backend.presentation.tests.unit/bin/release/net8.0/ucr.ecci.pi.themepark.backend.presentation.tests.unit.dll" id="abeff047-4376-a3bb-f3d8-0e0fc3343f6a">
      <Execution id="530fdd4c-456f-41b1-a111-1f02cbead99e" />
      <TestMethod codeBase="/workspace/Backend.Presentation.Tests.Unit/bin/Release/net8.0/UCR.ECCI.PI.ThemePark.Backend.Presentation.Tests.Unit.dll" adapterTypeName="executor://nunit3testexecutor/" className="UCR.ECCI.PI.ThemePark.Backend.Presentation.Tests.Unit.GetLearningComponentsHandlerTests" name="HandleAsync_NonExistentSpace_ReturnsNotFound" />
    </UnitTest>
    <UnitTest name="HandleAsync_ValidRequest_ReturnsOkWithUpdatedData" storage="/workspace/backend.presentation.tests.unit/bin/release/net8.0/ucr.ecci.pi.themepark.backend.presentation.tests.unit.dll" id="5256d48e-67b1-ec70-7855-91b9720a9782">
      <Execution id="59b873bd-f435-4716-87bf-5e3a1769c65b" />
      <TestMethod codeBase="/workspace/Backend.Presentation.Tests.Unit/bin/Release/net8.0/UCR.ECCI.PI.ThemePark.Backend.Presentation.Tests.Unit.dll" adapterTypeName="executor://nunit3testexecutor/" className="UCR.ECCI.PI.ThemePark.Backend.Presentation.Tests.Unit.UpdateWhiteboardHandlerTests" name="HandleAsync_ValidRequest_ReturnsOkWithUpdatedData" />
    </UnitTest>
    <UnitTest name="Validate_FutureBirthDate_ReturnsValidationError" storage="/workspace/backend.presentation.tests.unit/bin/release/net8.0/ucr.ecci.pi.themepark.backend.presentation.tests.unit.dll" id="d4665a49-384c-cba1-da02-b99e2da8eb41">
      <Execution id="84c0f571-5a58-4f05-93d7-cb641a5398d2" />
      <TestMethod codeBase="/workspace/Backend.Presentation.Tests.Unit/bin/Release/net8.0/UCR.ECCI.PI.ThemePark.Backend.Presentation.Tests.Unit.dll" adapterTypeName="executor://nunit3testexecutor/" className="UCR.ECCI.PI.ThemePark.Backend.Presentation.Tests.Unit.CreatePersonDtoValidatorTests" name="Validate_FutureBirthDate_ReturnsValidationError" />
    </UnitTest>
    <UnitTest name="Validate_InvalidFirstName_ReturnsValidationError(null)" storage="/workspace/backend.presentation.tests.unit/bin/release/net8.0/ucr.ecci.pi.themepark.backend.presentation.tests.unit.dll" id="2d0833be-13e5-944e-f76f-2b11f19ee3e8">
      <Execution id="90ad67c3-ee51-4ccb-9701-c55b69b25c5a" />
      <TestMethod codeBase="/workspace/Backend.Presentation.Tests.Unit/bin/Release/net8.0/UCR.ECCI.PI.ThemePark.Backend.Presentation.Tests.Unit.dll" adapterTypeName="executor://nunit3testexecutor/" className="UCR.ECCI.PI.ThemePark.Backend.Presentation.Tests.Unit.CreatePersonDtoValidatorTests" name="Validate_InvalidFirstName_ReturnsValidationError(null)" />
    </UnitTest>
    <UnitTest name="HandleAsync_UnexpectedException_ReturnsInternalServerError" storage="/workspace/backend.presentation.tests.unit/bin/release/net8.0/ucr.ecci.pi.themepark.backend.presentation.tests.unit.dll" id="882f5910-a682-2027-e5d6-81f070879206">
      <Execution id="7de4ddef-8ea2-410b-9e09-e1d90a20871b" />
      <TestMethod codeBase="/workspace/Backend.Presentation.Tests.Unit/bin/Release/net8.0/UCR.ECCI.PI.ThemePark.Backend.Presentation.Tests.Unit.dll" adapterTypeName="executor://nunit3testexecutor/" className="UCR.ECCI.PI.ThemePark.Backend.Presentation.Tests.Unit.CreateLearningSpaceHandlerTests" name="HandleAsync_UnexpectedException_ReturnsInternalServerError" />
    </UnitTest>
    <UnitTest name="HandleAsync_WithoutId_ReturnsAutoGeneratedId" storage="/workspace/backend.presentation.tests.unit/bin/release/net8.0/ucr.ecci.pi.themepark.backend.presentation.tests.unit.dll" id="cf509160-105c-40d4-9eeb-31f51fdf3312">
      <Execution id="393915cb-37b2-4b36-b7c8-1e22a8cba22d" />
      <TestMethod codeBase="/workspace/Backend.Presentation.Tests.Unit/bin/Release/net8.0/UCR.ECCI.PI.ThemePark.Backend.Presentation.Tests.Unit.dll" adapterTypeName="executor://nunit3testexecutor/" className="UCR.ECCI.PI.ThemePark.Backend.Presentation.Tests.Unit.CreateLearningComponentHandlerTests" name="HandleAsync_WithoutId_ReturnsAutoGeneratedId" />
    </UnitTest>
    <UnitTest name="MapEndpoint_EndpointMapped_CreatesCorrectRoute" storage="/workspace/backend.presentation.tests.unit/bin/release/net8.0/ucr.ecci.pi.themepark.backend.presentation.tests.unit.dll" id="482d52f5-f3d3-285b-4347-39e13a9ca389">
      <Execution id="ee82109d-ba6a-4cb8-b571-1e14979a1654" />
      <TestMethod codeBase="/workspace/Backend.Presentation.Tests.Unit/bin/Release/net8.0/UCR.ECCI.PI.ThemePark.Backend.Presentation.Tests.Unit.dll" adapterTypeName="executor://nunit3testexecutor/" className="UCR.ECCI.PI.ThemePark.Backend.Presentation.Tests.Unit.CreatePersonEndpointTests" name="MapEndpoint_EndpointMapped_CreatesCorrectRoute" />
    </UnitTest>
    <UnitTest name="HandleAsync_InvalidData_ReturnsBadRequest" storage="/workspace/backend.presentation.tests.unit/bin/release/net8.0/ucr.ecci.pi.themepark.backend.presentation.tests.unit.dll" id="e4992ac7-72aa-bfaf-df04-32a0bd1137bb">
      <Execution id="affdb1c5-3585-4f23-9f41-30089612d041" />
      <TestMethod codeBase="/workspace/Backend.Presentation.Tests.Unit/bin/Release/net8.0/UCR.ECCI.PI.ThemePark.Backend.Presentation.Tests.Unit.dll" adapterTypeName="executor://nunit3testexecutor/" className="UCR.ECCI.PI.ThemePark.Backend.Presentation.Tests.Unit.CreateLearningComponentHandlerTests" name="HandleAsync_InvalidData_ReturnsBadRequest" />
    </UnitTest>
    <UnitTest name="Validate_InvalidFirstName_ReturnsValidationError(&quot;&quot;)" storage="/workspace/backend.presentation.tests.unit/bin/release/net8.0/ucr.ecci.pi.themepark.backend.presentation.tests.unit.dll" id="c3bc545d-e4ee-8556-d6de-8e80184bab70">
      <Execution id="5731d8bd-d1f2-4c5e-b3c2-c9bc37e5fa76" />
      <TestMethod codeBase="/workspace/Backend.Presentation.Tests.Unit/bin/Release/net8.0/UCR.ECCI.PI.ThemePark.Backend.Presentation.Tests.Unit.dll" adapterTypeName="executor://nunit3testexecutor/" className="UCR.ECCI.PI.ThemePark.Backend.Presentation.Tests.Unit.CreatePersonDtoValidatorTests" name="Validate_InvalidFirstName_ReturnsValidationError(&quot;&quot;)" />
    </UnitTest>
    <UnitTest name="HandleAsync_ValidInput_ReturnsCreated" storage="/workspace/backend.presentation.tests.unit/bin/release/net8.0/ucr.ecci.pi.themepark.backend.presentation.tests.unit.dll" id="92fa5c6f-15cd-2e55-bb69-00cd45db98d4">
      <Execution id="7ed2d289-9050-4179-be5e-9bb2607de9b6" />
      <TestMethod codeBase="/workspace/Backend.Presentation.Tests.Unit/bin/Release/net8.0/UCR.ECCI.PI.ThemePark.Backend.Presentation.Tests.Unit.dll" adapterTypeName="executor://nunit3testexecutor/" className="UCR.ECCI.PI.ThemePark.Backend.Presentation.Tests.Unit.CreateLearningSpaceHandlerTests" name="HandleAsync_ValidInput_ReturnsCreated" />
    </UnitTest>
    <UnitTest name="HandleAsync_ArgumentException_ReturnsBadRequest(&quot;InvalidType&quot;,3.0f,8.0f,10.0f,&quot;Type must be Classroom, Auditorium, or Laboratory&quot;,&quot;Type must be Classroom&quot;)" storage="/workspace/backend.presentation.tests.unit/bin/release/net8.0/ucr.ecci.pi.themepark.backend.presentation.tests.unit.dll" id="3a98bd39-ff71-f002-e46c-b198ee3e9bbd">
      <Execution id="1a0f2a99-5a2e-4d88-a5e0-0bde546337a9" />
      <TestMethod codeBase="/workspace/Backend.Presentation.Tests.Unit/bin/Release/net8.0/UCR.ECCI.PI.ThemePark.Backend.Presentation.Tests.Unit.dll" adapterTypeName="executor://nunit3testexecutor/" className="UCR.ECCI.PI.ThemePark.Backend.Presentation.Tests.Unit.CreateLearningSpaceHandlerTests" name="HandleAsync_ArgumentException_ReturnsBadRequest(&quot;InvalidType&quot;,3.0f,8.0f,10.0f,&quot;Type must be Classroom, Auditorium, or Laboratory&quot;,&quot;Type must be Classroom&quot;)" />
    </UnitTest>
    <UnitTest name="HandleAsync_ArgumentException_ReturnsBadRequest(&quot;Classroom&quot;,3.0f,-8.0f,10.0f,&quot;Width must be positive and non-zero&quot;,&quot;Width must be positive&quot;)" storage="/workspace/backend.presentation.tests.unit/bin/release/net8.0/ucr.ecci.pi.themepark.backend.presentation.tests.unit.dll" id="2e630b53-ed12-3508-eff1-0f8ad58c68e4">
      <Execution id="b07e53e2-aa2c-4547-945f-5fd761576d7e" />
      <TestMethod codeBase="/workspace/Backend.Presentation.Tests.Unit/bin/Release/net8.0/UCR.ECCI.PI.ThemePark.Backend.Presentation.Tests.Unit.dll" adapterTypeName="executor://nunit3testexecutor/" className="UCR.ECCI.PI.ThemePark.Backend.Presentation.Tests.Unit.CreateLearningSpaceHandlerTests" name="HandleAsync_ArgumentException_ReturnsBadRequest(&quot;Classroom&quot;,3.0f,-8.0f,10.0f,&quot;Width must be positive and non-zero&quot;,&quot;Width must be positive&quot;)" />
    </UnitTest>
    <UnitTest name="HandleAsync_WhiteboardNotFound_ReturnsBadRequest" storage="/workspace/backend.presentation.tests.unit/bin/release/net8.0/ucr.ecci.pi.themepark.backend.presentation.tests.unit.dll" id="2699cbc7-7044-852b-4b47-ada014dd6bd8">
      <Execution id="dc002535-3665-40bc-91b0-26e197a061be" />
      <TestMethod codeBase="/workspace/Backend.Presentation.Tests.Unit/bin/Release/net8.0/UCR.ECCI.PI.ThemePark.Backend.Presentation.Tests.Unit.dll" adapterTypeName="executor://nunit3testexecutor/" className="UCR.ECCI.PI.ThemePark.Backend.Presentation.Tests.Unit.UpdateWhiteboardHandlerTests" name="HandleAsync_WhiteboardNotFound_ReturnsBadRequest" />
    </UnitTest>
    <UnitTest name="HandleAsync_ValidIdWithNoComponents_ReturnsOkWithEmptyList" storage="/workspace/backend.presentation.tests.unit/bin/release/net8.0/ucr.ecci.pi.themepark.backend.presentation.tests.unit.dll" id="03be9d2e-a565-80b8-efbe-99d9424b8194">
      <Execution id="e0e8ee62-866b-465a-a110-da1e46347ac6" />
      <TestMethod codeBase="/workspace/Backend.Presentation.Tests.Unit/bin/Release/net8.0/UCR.ECCI.PI.ThemePark.Backend.Presentation.Tests.Unit.dll" adapterTypeName="executor://nunit3testexecutor/" className="UCR.ECCI.PI.ThemePark.Backend.Presentation.Tests.Unit.GetLearningComponentsHandlerTests" name="HandleAsync_ValidIdWithNoComponents_ReturnsOkWithEmptyList" />
    </UnitTest>
    <UnitTest name="HandleAsync_ValidIdWithComponents_ReturnsOk" storage="/workspace/backend.presentation.tests.unit/bin/release/net8.0/ucr.ecci.pi.themepark.backend.presentation.tests.unit.dll" id="922aee52-8e5f-e4c1-bc19-b3cbea8d08b7">
      <Execution id="06df4088-2f8e-42d9-af42-97c7299bd4a7" />
      <TestMethod codeBase="/workspace/Backend.Presentation.Tests.Unit/bin/Release/net8.0/UCR.ECCI.PI.ThemePark.Backend.Presentation.Tests.Unit.dll" adapterTypeName="executor://nunit3testexecutor/" className="UCR.ECCI.PI.ThemePark.Backend.Presentation.Tests.Unit.GetLearningComponentsHandlerTests" name="HandleAsync_ValidIdWithComponents_ReturnsOk" />
    </UnitTest>
    <UnitTest name="Validate_InvalidEmailFormat_ReturnsValidationError" storage="/workspace/backend.presentation.tests.unit/bin/release/net8.0/ucr.ecci.pi.themepark.backend.presentation.tests.unit.dll" id="f9d52218-1773-3e5b-e4d7-a097d5a12b98">
      <Execution id="e47a3822-eb50-4e82-a219-c2034add6387" />
      <TestMethod codeBase="/workspace/Backend.Presentation.Tests.Unit/bin/Release/net8.0/UCR.ECCI.PI.ThemePark.Backend.Presentation.Tests.Unit.dll" adapterTypeName="executor://nunit3testexecutor/" className="UCR.ECCI.PI.ThemePark.Backend.Presentation.Tests.Unit.CreatePersonDtoValidatorTests" name="Validate_InvalidEmailFormat_ReturnsValidationError" />
    </UnitTest>
    <UnitTest name="Constructor_ValidBuildings_AllPropertiesSetCorrectly" storage="/workspace/backend.presentation.tests.unit/bin/release/net8.0/ucr.ecci.pi.themepark.backend.presentation.tests.unit.dll" id="e4349b47-27f6-1b6f-8b0c-c2e78f49bade">
      <Execution id="cf3e5366-b348-4ca5-be08-2eceeaa83d6f" />
      <TestMethod codeBase="/workspace/Backend.Presentation.Tests.Unit/bin/Release/net8.0/UCR.ECCI.PI.ThemePark.Backend.Presentation.Tests.Unit.dll" adapterTypeName="executor://nunit3testexecutor/" className="UCR.ECCI.PI.ThemePark.Backend.Presentation.Tests.Unit.GetBuildingListResponseTests" name="Constructor_ValidBuildings_AllPropertiesSetCorrectly" />
    </UnitTest>
    <UnitTest name="HandleAsync_WithExplicitId_ReturnsProvidedId" storage="/workspace/backend.presentation.tests.unit/bin/release/net8.0/ucr.ecci.pi.themepark.backend.presentation.tests.unit.dll" id="ae69055f-9e68-ff26-b3d1-ead36de4a743">
      <Execution id="b332aade-3802-4ff5-a8a1-abb8e12b48e5" />
      <TestMethod codeBase="/workspace/Backend.Presentation.Tests.Unit/bin/Release/net8.0/UCR.ECCI.PI.ThemePark.Backend.Presentation.Tests.Unit.dll" adapterTypeName="executor://nunit3testexecutor/" className="UCR.ECCI.PI.ThemePark.Backend.Presentation.Tests.Unit.CreateLearningComponentHandlerTests" name="HandleAsync_WithExplicitId_ReturnsProvidedId" />
    </UnitTest>
    <UnitTest name="HandleAsync_DuplicateUniversity_ReturnsBadRequestWithErrorMessage" storage="/workspace/backend.presentation.tests.unit/bin/release/net8.0/ucr.ecci.pi.themepark.backend.presentation.tests.unit.dll" id="81ec9b04-7fc4-ca5a-7685-682abd64e40c">
      <Execution id="46c3a273-587e-4758-820b-8245c6e13395" />
      <TestMethod codeBase="/workspace/Backend.Presentation.Tests.Unit/bin/Release/net8.0/UCR.ECCI.PI.ThemePark.Backend.Presentation.Tests.Unit.dll" adapterTypeName="executor://nunit3testexecutor/" className="UCR.ECCI.PI.ThemePark.Backend.Presentation.Tests.Unit.AddUniversityHandlerTests" name="HandleAsync_DuplicateUniversity_ReturnsBadRequestWithErrorMessage" />
    </UnitTest>
    <UnitTest name="HandleAsync_LearningSpaceNotFound_ReturnsNotFound" storage="/workspace/backend.presentation.tests.unit/bin/release/net8.0/ucr.ecci.pi.themepark.backend.presentation.tests.unit.dll" id="558b1a95-7dda-64f7-9459-9e03d799acbd">
      <Execution id="4575b6c4-3b52-4457-9d5b-5313aa8201d1" />
      <TestMethod codeBase="/workspace/Backend.Presentation.Tests.Unit/bin/Release/net8.0/UCR.ECCI.PI.ThemePark.Backend.Presentation.Tests.Unit.dll" adapterTypeName="executor://nunit3testexecutor/" className="UCR.ECCI.PI.ThemePark.Backend.Presentation.Tests.Unit.CreateWhiteboardHandlerTests" name="HandleAsync_LearningSpaceNotFound_ReturnsNotFound" />
    </UnitTest>
    <UnitTest name="HandleAsync_WhiteboardDoesNotFit_ReturnsBadRequest" storage="/workspace/backend.presentation.tests.unit/bin/release/net8.0/ucr.ecci.pi.themepark.backend.presentation.tests.unit.dll" id="c480935b-c008-adbf-9e7e-60f104203b8c">
      <Execution id="1358fbff-cc16-48c1-a476-16626b6eb7ef" />
      <TestMethod codeBase="/workspace/Backend.Presentation.Tests.Unit/bin/Release/net8.0/UCR.ECCI.PI.ThemePark.Backend.Presentation.Tests.Unit.dll" adapterTypeName="executor://nunit3testexecutor/" className="UCR.ECCI.PI.ThemePark.Backend.Presentation.Tests.Unit.CreateWhiteboardHandlerTests" name="HandleAsync_WhiteboardDoesNotFit_ReturnsBadRequest" />
    </UnitTest>
    <UnitTest name="HandleAsync_DtoValidationFails_ReturnsBadRequest" storage="/workspace/backend.presentation.tests.unit/bin/release/net8.0/ucr.ecci.pi.themepark.backend.presentation.tests.unit.dll" id="58b540bf-1ddf-3590-70d1-3c33637eec16">
      <Execution id="1723111b-c856-481a-900f-0f51ea4b8d4c" />
      <TestMethod codeBase="/workspace/Backend.Presentation.Tests.Unit/bin/Release/net8.0/UCR.ECCI.PI.ThemePark.Backend.Presentation.Tests.Unit.dll" adapterTypeName="executor://nunit3testexecutor/" className="UCR.ECCI.PI.ThemePark.Backend.Presentation.Tests.Unit.CreatePersonHandlerTests" name="HandleAsync_DtoValidationFails_ReturnsBadRequest" />
    </UnitTest>
    <UnitTest name="HandleAsync_CreationSucceeds_ReturnsSuccessResponse" storage="/workspace/backend.presentation.tests.unit/bin/release/net8.0/ucr.ecci.pi.themepark.backend.presentation.tests.unit.dll" id="4446d925-47d4-1758-168c-ac088796b07d">
      <Execution id="f2ba17b0-dbe0-4034-9cb2-9c442199e024" />
      <TestMethod codeBase="/workspace/Backend.Presentation.Tests.Unit/bin/Release/net8.0/UCR.ECCI.PI.ThemePark.Backend.Presentation.Tests.Unit.dll" adapterTypeName="executor://nunit3testexecutor/" className="UCR.ECCI.PI.ThemePark.Backend.Presentation.Tests.Unit.CreatePersonHandlerTests" name="HandleAsync_CreationSucceeds_ReturnsSuccessResponse" />
    </UnitTest>
    <UnitTest name="Validate_InvalidEmail_ReturnsValidationError(null)" storage="/workspace/backend.presentation.tests.unit/bin/release/net8.0/ucr.ecci.pi.themepark.backend.presentation.tests.unit.dll" id="e987cd9f-9b1d-017c-2718-6ade1be738a4">
      <Execution id="840ad600-cf1a-4575-8bb9-e388a093f4dc" />
      <TestMethod codeBase="/workspace/Backend.Presentation.Tests.Unit/bin/Release/net8.0/UCR.ECCI.PI.ThemePark.Backend.Presentation.Tests.Unit.dll" adapterTypeName="executor://nunit3testexecutor/" className="UCR.ECCI.PI.ThemePark.Backend.Presentation.Tests.Unit.CreatePersonDtoValidatorTests" name="Validate_InvalidEmail_ReturnsValidationError(null)" />
    </UnitTest>
    <UnitTest name="HandleAsync_PersonAlreadyExists_ReturnsConflict" storage="/workspace/backend.presentation.tests.unit/bin/release/net8.0/ucr.ecci.pi.themepark.backend.presentation.tests.unit.dll" id="dbc4bceb-7aba-1e33-2ec6-1d664c5b17de">
      <Execution id="7cc74ecb-fc65-42b6-a19e-9a8a8a1101d1" />
      <TestMethod codeBase="/workspace/Backend.Presentation.Tests.Unit/bin/Release/net8.0/UCR.ECCI.PI.ThemePark.Backend.Presentation.Tests.Unit.dll" adapterTypeName="executor://nunit3testexecutor/" className="UCR.ECCI.PI.ThemePark.Backend.Presentation.Tests.Unit.CreatePersonHandlerTests" name="HandleAsync_PersonAlreadyExists_ReturnsConflict" />
    </UnitTest>
    <UnitTest name="Validate_InvalidLastName_ReturnsValidationError(&quot;&quot;)" storage="/workspace/backend.presentation.tests.unit/bin/release/net8.0/ucr.ecci.pi.themepark.backend.presentation.tests.unit.dll" id="b8e1803a-1423-709a-6da0-c41b2f2134cb">
      <Execution id="fe9ce0c8-1e56-4baf-b609-7ddb9abf9ecb" />
      <TestMethod codeBase="/workspace/Backend.Presentation.Tests.Unit/bin/Release/net8.0/UCR.ECCI.PI.ThemePark.Backend.Presentation.Tests.Unit.dll" adapterTypeName="executor://nunit3testexecutor/" className="UCR.ECCI.PI.ThemePark.Backend.Presentation.Tests.Unit.CreatePersonDtoValidatorTests" name="Validate_InvalidLastName_ReturnsValidationError(&quot;&quot;)" />
    </UnitTest>
    <UnitTest name="HandleAsync_InvalidPropertyFormat_ReturnsBadRequestWithValidationMessage" storage="/workspace/backend.presentation.tests.unit/bin/release/net8.0/ucr.ecci.pi.themepark.backend.presentation.tests.unit.dll" id="99420f18-d49c-680d-a581-cff31843a176">
      <Execution id="f1cfcf3e-a182-4eac-bc3e-d7fcb3f3390d" />
      <TestMethod codeBase="/workspace/Backend.Presentation.Tests.Unit/bin/Release/net8.0/UCR.ECCI.PI.ThemePark.Backend.Presentation.Tests.Unit.dll" adapterTypeName="executor://nunit3testexecutor/" className="UCR.ECCI.PI.ThemePark.Backend.Presentation.Tests.Unit.AddUniversityHandlerTests" name="HandleAsync_InvalidPropertyFormat_ReturnsBadRequestWithValidationMessage" />
    </UnitTest>
    <UnitTest name="Constructor_ValidRequiredFields_AllPropertiesSetCorrectly" storage="/workspace/backend.presentation.tests.unit/bin/release/net8.0/ucr.ecci.pi.themepark.backend.presentation.tests.unit.dll" id="2fab3a53-28dd-251e-f6dc-55611736f4ad">
      <Execution id="4ccde93b-5f4e-4534-acca-2e93492ce743" />
      <TestMethod codeBase="/workspace/Backend.Presentation.Tests.Unit/bin/Release/net8.0/UCR.ECCI.PI.ThemePark.Backend.Presentation.Tests.Unit.dll" adapterTypeName="executor://nunit3testexecutor/" className="UCR.ECCI.PI.ThemePark.Backend.Presentation.Tests.Unit.CreatePersonDtoTests" name="Constructor_ValidRequiredFields_AllPropertiesSetCorrectly" />
    </UnitTest>
    <UnitTest name="Validate_InvalidLastName_ReturnsValidationError(null)" storage="/workspace/backend.presentation.tests.unit/bin/release/net8.0/ucr.ecci.pi.themepark.backend.presentation.tests.unit.dll" id="9b09f633-2751-d98f-bafd-580b646437d5">
      <Execution id="632d475e-b0dc-4993-b8c3-e6a81005d1de" />
      <TestMethod codeBase="/workspace/Backend.Presentation.Tests.Unit/bin/Release/net8.0/UCR.ECCI.PI.ThemePark.Backend.Presentation.Tests.Unit.dll" adapterTypeName="executor://nunit3testexecutor/" className="UCR.ECCI.PI.ThemePark.Backend.Presentation.Tests.Unit.CreatePersonDtoValidatorTests" name="Validate_InvalidLastName_ReturnsValidationError(null)" />
    </UnitTest>
    <UnitTest name="HandleAsync_BuildingsExist_ReturnsOkWithBuildings" storage="/workspace/backend.presentation.tests.unit/bin/release/net8.0/ucr.ecci.pi.themepark.backend.presentation.tests.unit.dll" id="99559d53-e937-a20d-20ee-c53431996412">
      <Execution id="f0cbc836-3f43-4b44-b013-3e2c26847c5b" />
      <TestMethod codeBase="/workspace/Backend.Presentation.Tests.Unit/bin/Release/net8.0/UCR.ECCI.PI.ThemePark.Backend.Presentation.Tests.Unit.dll" adapterTypeName="executor://nunit3testexecutor/" className="UCR.ECCI.PI.ThemePark.Backend.Presentation.Tests.Unit.GetBuildingListHandlerTests" name="HandleAsync_BuildingsExist_ReturnsOkWithBuildings" />
    </UnitTest>
    <UnitTest name="HandleAsync_SuccessfulCreation_ReturnsOkWithSuccessMessage" storage="/workspace/backend.presentation.tests.unit/bin/release/net8.0/ucr.ecci.pi.themepark.backend.presentation.tests.unit.dll" id="efc9430b-faf8-d6a3-dcab-5f5f59d082c0">
      <Execution id="bea1a5de-f0ac-46d0-a04b-afe4e3408aa0" />
      <TestMethod codeBase="/workspace/Backend.Presentation.Tests.Unit/bin/Release/net8.0/UCR.ECCI.PI.ThemePark.Backend.Presentation.Tests.Unit.dll" adapterTypeName="executor://nunit3testexecutor/" className="UCR.ECCI.PI.ThemePark.Backend.Presentation.Tests.Unit.AddUniversityHandlerTests" name="HandleAsync_SuccessfulCreation_ReturnsOkWithSuccessMessage" />
    </UnitTest>
    <UnitTest name="HandleAsync_InvalidId_ReturnsBadRequest(null)" storage="/workspace/backend.presentation.tests.unit/bin/release/net8.0/ucr.ecci.pi.themepark.backend.presentation.tests.unit.dll" id="e01a69ed-a484-1b78-ec97-82f5aae95052">
      <Execution id="c4b52706-dd73-441f-b98c-1b7d716ffa54" />
      <TestMethod codeBase="/workspace/Backend.Presentation.Tests.Unit/bin/Release/net8.0/UCR.ECCI.PI.ThemePark.Backend.Presentation.Tests.Unit.dll" adapterTypeName="executor://nunit3testexecutor/" className="UCR.ECCI.PI.ThemePark.Backend.Presentation.Tests.Unit.GetLearningComponentsHandlerTests" name="HandleAsync_InvalidId_ReturnsBadRequest(null)" />
    </UnitTest>
    <UnitTest name="HandleAsync_PositionExceedsBoundaries_ReturnsBadRequest" storage="/workspace/backend.presentation.tests.unit/bin/release/net8.0/ucr.ecci.pi.themepark.backend.presentation.tests.unit.dll" id="20a433f0-5351-99e2-0165-b5d5a12bac77">
      <Execution id="7db0435b-7e42-4b45-b3f1-6e021c5ab33f" />
      <TestMethod codeBase="/workspace/Backend.Presentation.Tests.Unit/bin/Release/net8.0/UCR.ECCI.PI.ThemePark.Backend.Presentation.Tests.Unit.dll" adapterTypeName="executor://nunit3testexecutor/" className="UCR.ECCI.PI.ThemePark.Backend.Presentation.Tests.Unit.UpdateWhiteboardHandlerTests" name="HandleAsync_PositionExceedsBoundaries_ReturnsBadRequest" />
    </UnitTest>
    <UnitTest name="HandleAsync_InvalidOrientation_ReturnsBadRequest" storage="/workspace/backend.presentation.tests.unit/bin/release/net8.0/ucr.ecci.pi.themepark.backend.presentation.tests.unit.dll" id="bfcea73f-35d7-c5a7-e5e8-17ef0b241d8c">
      <Execution id="34237aa9-a15d-4ead-b6cd-976ce144c155" />
      <TestMethod codeBase="/workspace/Backend.Presentation.Tests.Unit/bin/Release/net8.0/UCR.ECCI.PI.ThemePark.Backend.Presentation.Tests.Unit.dll" adapterTypeName="executor://nunit3testexecutor/" className="UCR.ECCI.PI.ThemePark.Backend.Presentation.Tests.Unit.CreateWhiteboardHandlerTests" name="HandleAsync_InvalidOrientation_ReturnsBadRequest" />
    </UnitTest>
    <UnitTest name="HandleAsync_NoBuildings_ReturnsOkWithEmptyList" storage="/workspace/backend.presentation.tests.unit/bin/release/net8.0/ucr.ecci.pi.themepark.backend.presentation.tests.unit.dll" id="b4d98527-5fc3-0da1-e820-9cfdc6654e73">
      <Execution id="75d646fb-9407-496b-bbd5-aa14aaa726b7" />
      <TestMethod codeBase="/workspace/Backend.Presentation.Tests.Unit/bin/Release/net8.0/UCR.ECCI.PI.ThemePark.Backend.Presentation.Tests.Unit.dll" adapterTypeName="executor://nunit3testexecutor/" className="UCR.ECCI.PI.ThemePark.Backend.Presentation.Tests.Unit.GetBuildingListHandlerTests" name="HandleAsync_NoBuildings_ReturnsOkWithEmptyList" />
    </UnitTest>
    <UnitTest name="Validate_InvalidEmail_ReturnsValidationError(&quot;&quot;)" storage="/workspace/backend.presentation.tests.unit/bin/release/net8.0/ucr.ecci.pi.themepark.backend.presentation.tests.unit.dll" id="ea100878-ce17-320f-d3a5-9ec17b3af060">
      <Execution id="dce806ed-9829-4fb7-b798-bf186165c3e0" />
      <TestMethod codeBase="/workspace/Backend.Presentation.Tests.Unit/bin/Release/net8.0/UCR.ECCI.PI.ThemePark.Backend.Presentation.Tests.Unit.dll" adapterTypeName="executor://nunit3testexecutor/" className="UCR.ECCI.PI.ThemePark.Backend.Presentation.Tests.Unit.CreatePersonDtoValidatorTests" name="Validate_InvalidEmail_ReturnsValidationError(&quot;&quot;)" />
    </UnitTest>
    <UnitTest name="Validate_InvalidIdentityNumber_ReturnsValidationError(&quot;&quot;)" storage="/workspace/backend.presentation.tests.unit/bin/release/net8.0/ucr.ecci.pi.themepark.backend.presentation.tests.unit.dll" id="87325ddf-4dc7-795d-753b-18471d1ad017">
      <Execution id="dd1b82a3-c2fb-4b76-ab64-c4b7298538f0" />
      <TestMethod codeBase="/workspace/Backend.Presentation.Tests.Unit/bin/Release/net8.0/UCR.ECCI.PI.ThemePark.Backend.Presentation.Tests.Unit.dll" adapterTypeName="executor://nunit3testexecutor/" className="UCR.ECCI.PI.ThemePark.Backend.Presentation.Tests.Unit.CreatePersonDtoValidatorTests" name="Validate_InvalidIdentityNumber_ReturnsValidationError(&quot;&quot;)" />
    </UnitTest>
    <UnitTest name="HandleAsync_DuplicateId_ReturnsConflict" storage="/workspace/backend.presentation.tests.unit/bin/release/net8.0/ucr.ecci.pi.themepark.backend.presentation.tests.unit.dll" id="0038e8fc-1cfd-5d98-6512-abb2418c897b">
      <Execution id="5b7252c3-6191-4356-b328-aad0bfa4899e" />
      <TestMethod codeBase="/workspace/Backend.Presentation.Tests.Unit/bin/Release/net8.0/UCR.ECCI.PI.ThemePark.Backend.Presentation.Tests.Unit.dll" adapterTypeName="executor://nunit3testexecutor/" className="UCR.ECCI.PI.ThemePark.Backend.Presentation.Tests.Unit.CreateLearningComponentHandlerTests" name="HandleAsync_DuplicateId_ReturnsConflict" />
    </UnitTest>
    <UnitTest name="HandleAsync_ArgumentException_ReturnsBadRequest(&quot;Classroom&quot;,0.0f,8.0f,10.0f,&quot;Height must be positive and non-zero&quot;,&quot;Height must be positive&quot;)" storage="/workspace/backend.presentation.tests.unit/bin/release/net8.0/ucr.ecci.pi.themepark.backend.presentation.tests.unit.dll" id="4ea72d63-2578-1351-20ed-da84c0532de4">
      <Execution id="7acadbfc-10a8-409a-9239-3dafa89ecac9" />
      <TestMethod codeBase="/workspace/Backend.Presentation.Tests.Unit/bin/Release/net8.0/UCR.ECCI.PI.ThemePark.Backend.Presentation.Tests.Unit.dll" adapterTypeName="executor://nunit3testexecutor/" className="UCR.ECCI.PI.ThemePark.Backend.Presentation.Tests.Unit.CreateLearningSpaceHandlerTests" name="HandleAsync_ArgumentException_ReturnsBadRequest(&quot;Classroom&quot;,0.0f,8.0f,10.0f,&quot;Height must be positive and non-zero&quot;,&quot;Height must be positive&quot;)" />
    </UnitTest>
  </TestDefinitions>
  <TestEntries>
    <TestEntry testId="69d5208b-b562-fb76-53c9-45db7204af40" executionId="82695a3d-eacd-488f-b7ed-52ffcebfcdf3" testListId="8c84fa94-04c1-424b-9868-57a2d4851a1d" />
    <TestEntry testId="882f5910-a682-2027-e5d6-81f070879206" executionId="7de4ddef-8ea2-410b-9e09-e1d90a20871b" testListId="8c84fa94-04c1-424b-9868-57a2d4851a1d" />
    <TestEntry testId="d4665a49-384c-cba1-da02-b99e2da8eb41" executionId="84c0f571-5a58-4f05-93d7-cb641a5398d2" testListId="8c84fa94-04c1-424b-9868-57a2d4851a1d" />
    <TestEntry testId="cf509160-105c-40d4-9eeb-31f51fdf3312" executionId="393915cb-37b2-4b36-b7c8-1e22a8cba22d" testListId="8c84fa94-04c1-424b-9868-57a2d4851a1d" />
    <TestEntry testId="c3bc545d-e4ee-8556-d6de-8e80184bab70" executionId="5731d8bd-d1f2-4c5e-b3c2-c9bc37e5fa76" testListId="8c84fa94-04c1-424b-9868-57a2d4851a1d" />
    <TestEntry testId="4ea72d63-2578-1351-20ed-da84c0532de4" executionId="7acadbfc-10a8-409a-9239-3dafa89ecac9" testListId="8c84fa94-04c1-424b-9868-57a2d4851a1d" />
    <TestEntry testId="99420f18-d49c-680d-a581-cff31843a176" executionId="f1cfcf3e-a182-4eac-bc3e-d7fcb3f3390d" testListId="8c84fa94-04c1-424b-9868-57a2d4851a1d" />
    <TestEntry testId="87325ddf-4dc7-795d-753b-18471d1ad017" executionId="dd1b82a3-c2fb-4b76-ab64-c4b7298538f0" testListId="8c84fa94-04c1-424b-9868-57a2d4851a1d" />
    <TestEntry testId="abeff047-4376-a3bb-f3d8-0e0fc3343f6a" executionId="530fdd4c-456f-41b1-a111-1f02cbead99e" testListId="8c84fa94-04c1-424b-9868-57a2d4851a1d" />
    <TestEntry testId="e4992ac7-72aa-bfaf-df04-32a0bd1137bb" executionId="affdb1c5-3585-4f23-9f41-30089612d041" testListId="8c84fa94-04c1-424b-9868-57a2d4851a1d" />
    <TestEntry testId="35b0f341-14f5-cccc-88bd-6e2f33c98ef8" executionId="5f46ee20-13e8-4fe7-a1df-1c12ae6909a5" testListId="8c84fa94-04c1-424b-9868-57a2d4851a1d" />
    <TestEntry testId="8a2671a8-2e7f-60f5-fce3-70afed33cc3d" executionId="43e15ff0-3505-41b5-9d09-ca04e0f1eef9" testListId="8c84fa94-04c1-424b-9868-57a2d4851a1d" />
    <TestEntry testId="b8e1803a-1423-709a-6da0-c41b2f2134cb" executionId="fe9ce0c8-1e56-4baf-b609-7ddb9abf9ecb" testListId="8c84fa94-04c1-424b-9868-57a2d4851a1d" />
    <TestEntry testId="e987cd9f-9b1d-017c-2718-6ade1be738a4" executionId="840ad600-cf1a-4575-8bb9-e388a093f4dc" testListId="8c84fa94-04c1-424b-9868-57a2d4851a1d" />
    <TestEntry testId="81ec9b04-7fc4-ca5a-7685-682abd64e40c" executionId="46c3a273-587e-4758-820b-8245c6e13395" testListId="8c84fa94-04c1-424b-9868-57a2d4851a1d" />
    <TestEntry testId="df1ed283-2d9e-fb1e-cea7-62916c283fe4" executionId="1f103e3b-d528-484e-a5ae-79a0ea33aac6" testListId="8c84fa94-04c1-424b-9868-57a2d4851a1d" />
    <TestEntry testId="ea100878-ce17-320f-d3a5-9ec17b3af060" executionId="dce806ed-9829-4fb7-b798-bf186165c3e0" testListId="8c84fa94-04c1-424b-9868-57a2d4851a1d" />
    <TestEntry testId="922aee52-8e5f-e4c1-bc19-b3cbea8d08b7" executionId="06df4088-2f8e-42d9-af42-97c7299bd4a7" testListId="8c84fa94-04c1-424b-9868-57a2d4851a1d" />
    <TestEntry testId="c480935b-c008-adbf-9e7e-60f104203b8c" executionId="1358fbff-cc16-48c1-a476-16626b6eb7ef" testListId="8c84fa94-04c1-424b-9868-57a2d4851a1d" />
    <TestEntry testId="bfcea73f-35d7-c5a7-e5e8-17ef0b241d8c" executionId="34237aa9-a15d-4ead-b6cd-976ce144c155" testListId="8c84fa94-04c1-424b-9868-57a2d4851a1d" />
    <TestEntry testId="5256d48e-67b1-ec70-7855-91b9720a9782" executionId="59b873bd-f435-4716-87bf-5e3a1769c65b" testListId="8c84fa94-04c1-424b-9868-57a2d4851a1d" />
    <TestEntry testId="20a433f0-5351-99e2-0165-b5d5a12bac77" executionId="7db0435b-7e42-4b45-b3f1-6e021c5ab33f" testListId="8c84fa94-04c1-424b-9868-57a2d4851a1d" />
    <TestEntry testId="03be9d2e-a565-80b8-efbe-99d9424b8194" executionId="e0e8ee62-866b-465a-a110-da1e46347ac6" testListId="8c84fa94-04c1-424b-9868-57a2d4851a1d" />
    <TestEntry testId="58b540bf-1ddf-3590-70d1-3c33637eec16" executionId="1723111b-c856-481a-900f-0f51ea4b8d4c" testListId="8c84fa94-04c1-424b-9868-57a2d4851a1d" />
    <TestEntry testId="3a98bd39-ff71-f002-e46c-b198ee3e9bbd" executionId="1a0f2a99-5a2e-4d88-a5e0-0bde546337a9" testListId="8c84fa94-04c1-424b-9868-57a2d4851a1d" />
    <TestEntry testId="558b1a95-7dda-64f7-9459-9e03d799acbd" executionId="4575b6c4-3b52-4457-9d5b-5313aa8201d1" testListId="8c84fa94-04c1-424b-9868-57a2d4851a1d" />
    <TestEntry testId="482d52f5-f3d3-285b-4347-39e13a9ca389" executionId="ee82109d-ba6a-4cb8-b571-1e14979a1654" testListId="8c84fa94-04c1-424b-9868-57a2d4851a1d" />
    <TestEntry testId="7f0aa0d2-9ddc-c6a5-fc49-9e93a8bf7ea9" executionId="bdc07b6f-1e24-43e3-a8d8-9657d114b178" testListId="8c84fa94-04c1-424b-9868-57a2d4851a1d" />
    <TestEntry testId="99559d53-e937-a20d-20ee-c53431996412" executionId="f0cbc836-3f43-4b44-b013-3e2c26847c5b" testListId="8c84fa94-04c1-424b-9868-57a2d4851a1d" />
    <TestEntry testId="4446d925-47d4-1758-168c-ac088796b07d" executionId="f2ba17b0-dbe0-4034-9cb2-9c442199e024" testListId="8c84fa94-04c1-424b-9868-57a2d4851a1d" />
    <TestEntry testId="edadcd39-105b-b61b-2546-9b37f138cafb" executionId="5341db1f-05ef-4fa8-ba45-4ad8ca757288" testListId="8c84fa94-04c1-424b-9868-57a2d4851a1d" />
    <TestEntry testId="efc9430b-faf8-d6a3-dcab-5f5f59d082c0" executionId="bea1a5de-f0ac-46d0-a04b-afe4e3408aa0" testListId="8c84fa94-04c1-424b-9868-57a2d4851a1d" />
    <TestEntry testId="e01a69ed-a484-1b78-ec97-82f5aae95052" executionId="c4b52706-dd73-441f-b98c-1b7d716ffa54" testListId="8c84fa94-04c1-424b-9868-57a2d4851a1d" />
    <TestEntry testId="2699cbc7-7044-852b-4b47-ada014dd6bd8" executionId="dc002535-3665-40bc-91b0-26e197a061be" testListId="8c84fa94-04c1-424b-9868-57a2d4851a1d" />
    <TestEntry testId="dbc4bceb-7aba-1e33-2ec6-1d664c5b17de" executionId="7cc74ecb-fc65-42b6-a19e-9a8a8a1101d1" testListId="8c84fa94-04c1-424b-9868-57a2d4851a1d" />
    <TestEntry testId="b4d98527-5fc3-0da1-e820-9cfdc6654e73" executionId="75d646fb-9407-496b-bbd5-aa14aaa726b7" testListId="8c84fa94-04c1-424b-9868-57a2d4851a1d" />
    <TestEntry testId="2d0833be-13e5-944e-f76f-2b11f19ee3e8" executionId="90ad67c3-ee51-4ccb-9701-c55b69b25c5a" testListId="8c84fa94-04c1-424b-9868-57a2d4851a1d" />
    <TestEntry testId="2fab3a53-28dd-251e-f6dc-55611736f4ad" executionId="4ccde93b-5f4e-4534-acca-2e93492ce743" testListId="8c84fa94-04c1-424b-9868-57a2d4851a1d" />
    <TestEntry testId="92fa5c6f-15cd-2e55-bb69-00cd45db98d4" executionId="7ed2d289-9050-4179-be5e-9bb2607de9b6" testListId="8c84fa94-04c1-424b-9868-57a2d4851a1d" />
    <TestEntry testId="9b09f633-2751-d98f-bafd-580b646437d5" executionId="632d475e-b0dc-4993-b8c3-e6a81005d1de" testListId="8c84fa94-04c1-424b-9868-57a2d4851a1d" />
    <TestEntry testId="0038e8fc-1cfd-5d98-6512-abb2418c897b" executionId="5b7252c3-6191-4356-b328-aad0bfa4899e" testListId="8c84fa94-04c1-424b-9868-57a2d4851a1d" />
    <TestEntry testId="e4349b47-27f6-1b6f-8b0c-c2e78f49bade" executionId="cf3e5366-b348-4ca5-be08-2eceeaa83d6f" testListId="8c84fa94-04c1-424b-9868-57a2d4851a1d" />
    <TestEntry testId="ae69055f-9e68-ff26-b3d1-ead36de4a743" executionId="b332aade-3802-4ff5-a8a1-abb8e12b48e5" testListId="8c84fa94-04c1-424b-9868-57a2d4851a1d" />
    <TestEntry testId="f03c6187-e80a-db10-befe-0ce6de79b6e5" executionId="ff455a66-cf1b-405a-b5ae-c13b255a2593" testListId="8c84fa94-04c1-424b-9868-57a2d4851a1d" />
    <TestEntry testId="f9d52218-1773-3e5b-e4d7-a097d5a12b98" executionId="e47a3822-eb50-4e82-a219-c2034add6387" testListId="8c84fa94-04c1-424b-9868-57a2d4851a1d" />
    <TestEntry testId="2e630b53-ed12-3508-eff1-0f8ad58c68e4" executionId="b07e53e2-aa2c-4547-945f-5fd761576d7e" testListId="8c84fa94-04c1-424b-9868-57a2d4851a1d" />
  </TestEntries>
  <TestLists>
    <TestList name="Results Not in a List" id="8c84fa94-04c1-424b-9868-57a2d4851a1d" />
    <TestList name="All Loaded Results" id="19431567-8539-422a-85d7-44ee4e166bda" />
  </TestLists>
  <ResultSummary outcome="Completed">
    <Counters total="46" executed="46" passed="46" failed="0" error="0" timeout="0" aborted="0" inconclusive="0" passedButRunAborted="0" notRunnable="0" notExecuted="0" disconnected="0" warning="0" completed="0" inProgress="0" pending="0" />
    <Output>
      <StdOut>NUnit Adapter 4.6.0.0: Test execution started
Running all tests in /workspace/Backend.Presentation.Tests.Unit/bin/Release/net8.0/UCR.ECCI.PI.ThemePark.Backend.Presentation.Tests.Unit.dll
   NUnit3TestExecutor discovered 46 of 46 NUnit test cases using Current Discovery mode, Non-Explicit run
NUnit Adapter 4.6.0.0: Test execution complete
</StdOut>
    </Output>
    <CollectorDataEntries>
      <Collector agentName="648d747864fe" uri="datacollector://microsoft/CoverletCodeCoverage/1.0" collectorDisplayName="XPlat code coverage">
        <UriAttachments>
          <UriAttachment>
            <A href="648d747864fe/coverage.cobertura.xml"></A>
          </UriAttachment>
        </UriAttachments>
      </Collector>
    </CollectorDataEntries>
  </ResultSummary>
</TestRun>