<?xml version="1.0" encoding="utf-8"?>
<TestRun id="eb867433-ad43-4efc-bdda-bf3e72ff8bba" name="@7a75a2606567 2026-09-21 03:54:18" xmlns="http://microsoft.com/schemas/VisualStudio/TeamTest/2010">
  <Times creation="2026-09-21T03:54:18.2235640+00:00" queuing="2026-09-21T03:54:18.2235641+00:00" start="2026-09-21T03:54:17.7411874+00:00" finish="2026-09-21T03:54:18.3672287+00:00" />
  <TestSettings name="default" id="7297ab3d-922b-496d-a2d4-8d5846620a86">
    <Deployment runDeploymentRoot="_7a75a2606567_2026-09-21_03_54_18" />
  </TestSettings>
  <Results>
    <UnitTestResult executionId="ca28d9a1-7412-492a-a19e-20df61fcc974" testId="320f2472-612f-1df6-c4d5-e514c9e53c18" testName="AddAsync_ValidWhiteboard_AddsToDbSetAndCallsSaveChanges" computerName="7a75a2606567" duration="00:00:00.0008330" startTime="2026-09-21T03:54:18.2352380+00:00" endTime="2026-09-21T03:54:18.2360707+00:00" testType="13cdc9d9-ddb5-4fa4-a97d-d965ccfc6d4b" outcome="Passed" testListId="8c84fa94-04c1-424b-9868-57a2d4851a1d" relativeResultsDirectory="ca28d9a1-7412-492a-a19e-20df61fcc974" />
    <UnitTestResult executionId="b8c58868-d739-4088-a322-e0cd01ba7f0d" testId="7384165b-9f31-8ea0-4ab2-b928d51873c0" testName="ExistsAsync_ComponentExists_ReturnsTrue" computerName="7a75a2606567" duration="00:00:00.0007000" startTime="2026-09-21T03:54:18.1971120+00:00" endTime="2026-09-21T03:54:18.1978119+00:00" testType="13cdc9d9-ddb5-4fa4-a97d-d965ccfc6d4b" outcome="Passed" testListId="8c84fa94-04c1-424b-9868-57a2d4851a1d" relativeResultsDirectory="b8c58868-d739-4088-a322-e0cd01ba7f0d" />
    <UnitTestResult executionId="4c636b2f-c45b-4d54-8c17-44b9695768f3" testId="03ae0261-f544-d9e0-bfcc-c301017c7897" testName="GetComponentsByLearningSpaceIdAsync_NoMatchingComponents_ReturnsEmptyList(&quot;IF-0103&quot;)" computerName="7a75a2606567" duration="00:00:00.0026710" startTime="2026-09-21T03:54:18.2009364+00:00" endTime="2026-09-21T03:54:18.2036069+00:00" testType="13cdc9d9-ddb5-4fa4-a97d-d965ccfc6d4b" outcome="Passed" testListId="8c84fa94-04c1-424b-9868-57a2d4851a1d" relativeResultsDirectory="4c636b2f-c45b-4d54-8c17-44b9695768f3" />
    <UnitTestResult executionId="5e94e629-e1f9-41f2-bc1e-7e35fe1b43d2" testId="20bce922-6b11-3dd0-7e7c-75e0fa3a35c9" testName="GetComponentsByLearningSpaceIdAsync_ValidIdWithComponents_ReturnsList" computerName="7a75a2606567" duration="00:00:00.0006260" startTime="2026-09-21T03:54:18.2041240+00:00" endTime="2026-09-21T03:54:18.2047502+00:00" testType="13cdc9d9-ddb5-4fa4-a97d-d965ccfc6d4b" outcome="Passed" testListId="8c84fa94-04c1-424b-9868-57a2d4851a1d" relativeResultsDirectory="5e94e629-e1f9-41f2-bc1e-7e35fe1b43d2" />
    <UnitTestResult executionId="8445d6d5-a376-4205-ba83-4b70c8108d55" testId="476012b1-bf9a-e01b-8dea-a7333c9924cc" testName="ExistsByEmailAsync_EmailExists_ReturnsTrue" computerName="7a75a2606567" duration="00:00:00.0006290" startTime="2026-09-21T03:54:18.2287656+00:00" endTime="2026-09-21T03:54:18.2293942+00:00" testType="13cdc9d9-ddb5-4fa4-a97d-d965ccfc6d4b" outcome="Failed" testListId="8c84fa94-04c1-424b-9868-57a2d4851a1d" relativeResultsDirectory="8445d6d5-a376-4205-ba83-4b70c8108d55">
      <Output>
        <ErrorInfo>
          <Message>System.InvalidOperationException : The provider for the source 'IQueryable' doesn't implement 'IAsyncQueryProvider'. Only providers that implement 'IAsyncQueryProvider' can be used for Entity Framework asynchronous operations.</Message>
          <StackTrace>   at Microsoft.EntityFrameworkCore.EntityFrameworkQueryableExtensions.ExecuteAsync[TSource,TResult](MethodInfo operatorMethodInfo, IQueryable`1 source, Expression expression, CancellationToken cancellationToken)
   at Microsoft.EntityFrameworkCore.EntityFrameworkQueryableExtensions.ExecuteAsync[TSource,TResult](MethodInfo operatorMethodInfo, IQueryable`1 source, LambdaExpression expression, CancellationToken cancellationToken)
   at Microsoft.EntityFrameworkCore.EntityFrameworkQueryableExtensions.AnyAsync[TSource](IQueryable`1 source, Expression`1 predicate, CancellationToken cancellationToken)
   at UCR.ECCI.PI.ThemePark.Backend.Infrastructure.Repositories.SqlPersonRepository.ExistsByEmailAsync(String email) in /workspace/Backend.Infrastructure/Repositories/SqlPersonRepository.cs:line 42
   at UCR.ECCI.PI.ThemePark.Backend.Infrastructure.Tests.Unit.SqlPersonRepositoryTests.ExistsByEmailAsync_EmailExists_ReturnsTrue() in /workspace/Backend.Infrastructure.Tests.Unit/SqlPersonRepositoryTests.cs:line 86
   at NUnit.Framework.Internal.TaskAwaitAdapter.GenericAdapter`1.GetResult()
   at NUnit.Framework.Internal.AsyncToSyncAdapter.Await(Func`1 invoke)
   at NUnit.Framework.Internal.Commands.TestMethodCommand.RunTestMethod(TestExecutionContext context)
   at NUnit.Framework.Internal.Commands.TestMethodCommand.Execute(TestExecutionContext context)
   at NUnit.Framework.Internal.Commands.BeforeAndAfterTestCommand.&lt;&gt;c__DisplayClass1_0.&lt;Execute&gt;b__0()
   at NUnit.Framework.Internal.Commands.DelegatingTestCommand.RunTestMethodInThreadAbortSafeZone(TestExecutionContext context, Action action)
</StackTrace>
        </ErrorInfo>
      </Output>
    </UnitTestResult>
    <UnitTestResult executionId="21eb5a4c-162a-4a36-99ca-2eb205a0c47e" testId="66920399-61af-fdad-d641-833ec78aa0b0" testName="AddAsync_SaveChangesFails_PropagatesDbUpdateException" computerName="7a75a2606567" duration="00:00:00.0012400" startTime="2026-09-21T03:54:18.2095829+00:00" endTime="2026-09-21T03:54:18.2108228+00:00" testType="13cdc9d9-ddb5-4fa4-a97d-d965ccfc6d4b" outcome="Passed" testListId="8c84fa94-04c1-424b-9868-57a2d4851a1d" relativeResultsDirectory="21eb5a4c-162a-4a36-99ca-2eb205a0c47e" />
    <UnitTestResult executionId="df2772e4-ad40-4754-97fa-3924b2e67fff" testId="7a2db7ec-a266-8e80-6fd5-45fec7e79c01" testName="AddAsync_SaveChangesFails_ThrowsDatabaseException" computerName="7a75a2606567" duration="00:00:00.0047530" startTime="2026-09-21T03:54:18.2304722+00:00" endTime="2026-09-21T03:54:18.2352252+00:00" testType="13cdc9d9-ddb5-4fa4-a97d-d965ccfc6d4b" outcome="Passed" testListId="8c84fa94-04c1-424b-9868-57a2d4851a1d" relativeResultsDirectory="df2772e4-ad40-4754-97fa-3924b2e67fff" />
    <UnitTestResult executionId="17061074-dc93-428a-9939-d9897bd8931f" testId="b169ece1-f1aa-1008-b7df-3b8b24277612" testName="ExistsByIdentityNumberAsync_IdentityNumberDoesNotExist_ReturnsFalse" computerName="7a75a2606567" duration="00:00:00.0006010" startTime="2026-09-21T03:54:18.2293999+00:00" endTime="2026-09-21T03:54:18.2300013+00:00" testType="13cdc9d9-ddb5-4fa4-a97d-d965ccfc6d4b" outcome="Failed" testListId="8c84fa94-04c1-424b-9868-57a2d4851a1d" relativeResultsDirectory="17061074-dc93-428a-9939-d9897bd8931f">
      <Output>
        <ErrorInfo>
          <Message>System.InvalidOperationException : The provider for the source 'IQueryable' doesn't implement 'IAsyncQueryProvider'. Only providers that implement 'IAsyncQueryProvider' can be used for Entity Framework asynchronous operations.</Message>
          <StackTrace>   at Microsoft.EntityFrameworkCore.EntityFrameworkQueryableExtensions.ExecuteAsync[TSource,TResult](MethodInfo operatorMethodInfo, IQueryable`1 source, Expression expression, CancellationToken cancellationToken)
   at Microsoft.EntityFrameworkCore.EntityFrameworkQueryableExtensions.ExecuteAsync[TSource,TResult](MethodInfo operatorMethodInfo, IQueryable`1 source, LambdaExpression expression, CancellationToken cancellationToken)
   at Microsoft.EntityFrameworkCore.EntityFrameworkQueryableExtensions.AnyAsync[TSource](IQueryable`1 source, Expression`1 predicate, CancellationToken cancellationToken)
   at UCR.ECCI.PI.ThemePark.Backend.Infrastructure.Repositories.SqlPersonRepository.ExistsByIdentityNumberAsync(String identityNumber) in /workspace/Backend.Infrastructure/Repositories/SqlPersonRepository.cs:line 52
   at UCR.ECCI.PI.ThemePark.Backend.Infrastructure.Tests.Unit.SqlPersonRepositoryTests.ExistsByIdentityNumberAsync_IdentityNumberDoesNotExist_ReturnsFalse() in /workspace/Backend.Infrastructure.Tests.Unit/SqlPersonRepositoryTests.cs:line 149
   at NUnit.Framework.Internal.TaskAwaitAdapter.GenericAdapter`1.GetResult()
   at NUnit.Framework.Internal.AsyncToSyncAdapter.Await(Func`1 invoke)
   at NUnit.Framework.Internal.Commands.TestMethodCommand.RunTestMethod(TestExecutionContext context)
   at NUnit.Framework.Internal.Commands.TestMethodCommand.Execute(TestExecutionContext context)
   at NUnit.Framework.Internal.Commands.BeforeAndAfterTestCommand.&lt;&gt;c__DisplayClass1_0.&lt;Execute&gt;b__0()
   at NUnit.Framework.Internal.Commands.DelegatingTestCommand.RunTestMethodInThreadAbortSafeZone(TestExecutionContext context, Action action)
</StackTrace>
        </ErrorInfo>
      </Output>
    </UnitTestResult>
    <UnitTestResult executionId="a064f12a-ace8-4025-9655-6efcd763b9e7" testId="4d10ec4e-db24-54e8-3343-3e47ba9feb8f" testName="GetByIdAsync_ExistingWhiteboard_ReturnsWhiteboard" computerName="7a75a2606567" duration="00:00:00.0018370" startTime="2026-09-21T03:54:18.2361246+00:00" endTime="2026-09-21T03:54:18.2379618+00:00" testType="13cdc9d9-ddb5-4fa4-a97d-d965ccfc6d4b" outcome="Passed" testListId="8c84fa94-04c1-424b-9868-57a2d4851a1d" relativeResultsDirectory="a064f12a-ace8-4025-9655-6efcd763b9e7" />
    <UnitTestResult executionId="79ab76a0-13c3-4eca-bb8d-cf7c2e32a840" testId="80f55917-cdee-a912-df4c-b6f50d8ac45f" testName="AddAsync_MultipleLearningSpaces_CallsAddForEachEntity" computerName="7a75a2606567" duration="00:00:00.0047840" startTime="2026-09-21T03:54:18.2047917+00:00" endTime="2026-09-21T03:54:18.2095757+00:00" testType="13cdc9d9-ddb5-4fa4-a97d-d965ccfc6d4b" outcome="Passed" testListId="8c84fa94-04c1-424b-9868-57a2d4851a1d" relativeResultsDirectory="79ab76a0-13c3-4eca-bb8d-cf7c2e32a840" />
    <UnitTestResult executionId="7ea410ce-07b7-4b94-b4a0-6464911e89cb" testId="5b4b3199-de53-b8d0-0670-582c9b9620bf" testName="GetByLearningSpaceIdAsync_WhiteboardsInSpace_ReturnsList" computerName="7a75a2606567" duration="00:00:00.0110930" startTime="2026-09-21T03:54:18.2385190+00:00" endTime="2026-09-21T03:54:18.2496114+00:00" testType="13cdc9d9-ddb5-4fa4-a97d-d965ccfc6d4b" outcome="Passed" testListId="8c84fa94-04c1-424b-9868-57a2d4851a1d" relativeResultsDirectory="7ea410ce-07b7-4b94-b4a0-6464911e89cb" />
    <UnitTestResult executionId="ee797740-7453-4e56-a800-2de46f274c2d" testId="fa6e0d93-1d6e-7d72-3d50-3ec0708f574c" testName="GetByIdAsync_NonExistentWhiteboard_ReturnsNull" computerName="7a75a2606567" duration="00:00:00.0005270" startTime="2026-09-21T03:54:18.2379780+00:00" endTime="2026-09-21T03:54:18.2385050+00:00" testType="13cdc9d9-ddb5-4fa4-a97d-d965ccfc6d4b" outcome="Passed" testListId="8c84fa94-04c1-424b-9868-57a2d4851a1d" relativeResultsDirectory="ee797740-7453-4e56-a800-2de46f274c2d" />
    <UnitTestResult executionId="8e553ed8-b5c4-48c7-ace2-31aba91575a8" testId="9b3c7b0d-25f2-396c-0ddc-be74763f77ba" testName="ExistsAsync_ComponentDoesNotExist_ReturnsFalse" computerName="7a75a2606567" duration="00:00:00.0077810" startTime="2026-09-21T03:54:18.1893080+00:00" endTime="2026-09-21T03:54:18.1970892+00:00" testType="13cdc9d9-ddb5-4fa4-a97d-d965ccfc6d4b" outcome="Passed" testListId="8c84fa94-04c1-424b-9868-57a2d4851a1d" relativeResultsDirectory="8e553ed8-b5c4-48c7-ace2-31aba91575a8" />
    <UnitTestResult executionId="efa8445c-3bd2-485f-9ced-f36f87014174" testId="cabac07f-0115-2356-1d37-43e0979e24ef" testName="UpdateAsync_ValidWhiteboard_UpdatesAndSaves" computerName="7a75a2606567" duration="00:00:00.0009940" startTime="2026-09-21T03:54:18.2496275+00:00" endTime="2026-09-21T03:54:18.2506212+00:00" testType="13cdc9d9-ddb5-4fa4-a97d-d965ccfc6d4b" outcome="Passed" testListId="8c84fa94-04c1-424b-9868-57a2d4851a1d" relativeResultsDirectory="efa8445c-3bd2-485f-9ced-f36f87014174" />
    <UnitTestResult executionId="5de2ba08-7db8-43c6-bc63-43063b454e46" testId="5144c2e7-fb9a-b687-b456-87a30eb72943" testName="GenerateIdAsync_ReturnsUniqueIdWithCorrectFormat" computerName="7a75a2606567" duration="00:00:00.0006560" startTime="2026-09-21T03:54:18.1298880+00:00" endTime="2026-09-21T03:54:18.1305435+00:00" testType="13cdc9d9-ddb5-4fa4-a97d-d965ccfc6d4b" outcome="Passed" testListId="8c84fa94-04c1-424b-9868-57a2d4851a1d" relativeResultsDirectory="5de2ba08-7db8-43c6-bc63-43063b454e46" />
    <UnitTestResult executionId="873e0de7-21be-4b8f-8ba0-de6965db426a" testId="cfa8760d-306a-18f3-4d50-b8a61b02ee5a" testName="ExistsByEmailAsync_EmailDoesNotExist_ReturnsFalse" computerName="7a75a2606567" duration="00:00:00.0127910" startTime="2026-09-21T03:54:18.2159159+00:00" endTime="2026-09-21T03:54:18.2287071+00:00" testType="13cdc9d9-ddb5-4fa4-a97d-d965ccfc6d4b" outcome="Failed" testListId="8c84fa94-04c1-424b-9868-57a2d4851a1d" relativeResultsDirectory="873e0de7-21be-4b8f-8ba0-de6965db426a">
      <Output>
        <ErrorInfo>
          <Message>System.InvalidOperationException : The provider for the source 'IQueryable' doesn't implement 'IAsyncQueryProvider'. Only providers that implement 'IAsyncQueryProvider' can be used for Entity Framework asynchronous operations.</Message>
          <StackTrace>   at Microsoft.EntityFrameworkCore.EntityFrameworkQueryableExtensions.ExecuteAsync[TSource,TResult](MethodInfo operatorMethodInfo, IQueryable`1 source, Expression expression, CancellationToken cancellationToken)
   at Microsoft.EntityFrameworkCore.EntityFrameworkQueryableExtensions.ExecuteAsync[TSource,TResult](MethodInfo operatorMethodInfo, IQueryable`1 source, LambdaExpression expression, CancellationToken cancellationToken)
   at Microsoft.EntityFrameworkCore.EntityFrameworkQueryableExtensions.AnyAsync[TSource](IQueryable`1 source, Expression`1 predicate, CancellationToken cancellationToken)
   at UCR.ECCI.PI.ThemePark.Backend.Infrastructure.Repositories.SqlPersonRepository.ExistsByEmailAsync(String email) in /workspace/Backend.Infrastructure/Repositories/SqlPersonRepository.cs:line 42
   at UCR.ECCI.PI.ThemePark.Backend.Infrastructure.Tests.Unit.SqlPersonRepositoryTests.ExistsByEmailAsync_EmailDoesNotExist_ReturnsFalse() in /workspace/Backend.Infrastructure.Tests.Unit/SqlPersonRepositoryTests.cs:line 106
   at NUnit.Framework.Internal.TaskAwaitAdapter.GenericAdapter`1.GetResult()
   at NUnit.Framework.Internal.AsyncToSyncAdapter.Await(Func`1 invoke)
   at NUnit.Framework.Internal.Commands.TestMethodCommand.RunTestMethod(TestExecutionContext context)
   at NUnit.Framework.Internal.Commands.TestMethodCommand.Execute(TestExecutionContext context)
   at NUnit.Framework.Internal.Commands.BeforeAndAfterTestCommand.&lt;&gt;c__DisplayClass1_0.&lt;Execute&gt;b__0()
   at NUnit.Framework.Internal.Commands.DelegatingTestCommand.RunTestMethodInThreadAbortSafeZone(TestExecutionContext context, Action action)
</StackTrace>
        </ErrorInfo>
      </Output>
    </UnitTestResult>
    <UnitTestResult executionId="38de73f8-26ba-49f4-8016-39698a2f8822" testId="d17a15e8-7f96-2a39-8928-4a7d1a61ee6b" testName="AddAsync_ValidLearningSpace_AddsToDbSetAndCallsSaveChanges" computerName="7a75a2606567" duration="00:00:00.0006350" startTime="2026-09-21T03:54:18.2108279+00:00" endTime="2026-09-21T03:54:18.2114629+00:00" testType="13cdc9d9-ddb5-4fa4-a97d-d965ccfc6d4b" outcome="Passed" testListId="8c84fa94-04c1-424b-9868-57a2d4851a1d" relativeResultsDirectory="38de73f8-26ba-49f4-8016-39698a2f8822" />
    <UnitTestResult executionId="552ecb7c-0bd7-46af-940c-ca87860264f4" testId="608ed9dd-373a-8bef-8869-015a6b360119" testName="GenerateIdAsync_MultipleCalls_ReturnsDifferentIds" computerName="7a75a2606567" duration="00:00:00.0049220" startTime="2026-09-21T03:54:18.1244840+00:00" endTime="2026-09-21T03:54:18.1293837+00:00" testType="13cdc9d9-ddb5-4fa4-a97d-d965ccfc6d4b" outcome="Passed" testListId="8c84fa94-04c1-424b-9868-57a2d4851a1d" relativeResultsDirectory="552ecb7c-0bd7-46af-940c-ca87860264f4" />
    <UnitTestResult executionId="27ca4654-a8cc-441d-92f4-3c6137b2eb99" testId="6a0027cd-2596-b887-5382-015dfc14571b" testName="AddAsync_UniqueId_CallsAddAndSaveChanges" computerName="7a75a2606567" duration="00:00:00.0032680" startTime="2026-09-21T03:54:18.1860216+00:00" endTime="2026-09-21T03:54:18.1892897+00:00" testType="13cdc9d9-ddb5-4fa4-a97d-d965ccfc6d4b" outcome="Passed" testListId="8c84fa94-04c1-424b-9868-57a2d4851a1d" relativeResultsDirectory="27ca4654-a8cc-441d-92f4-3c6137b2eb99" />
    <UnitTestResult executionId="41048b28-9b70-4c60-8dd8-937d776694f5" testId="f6657235-7387-e229-33cc-1bac7383e9cd" testName="AddAsync_ValidPerson_AddsToDbSetAndCallsSaveChanges" computerName="7a75a2606567" duration="00:00:00.0044010" startTime="2026-09-21T03:54:18.2115020+00:00" endTime="2026-09-21T03:54:18.2159029+00:00" testType="13cdc9d9-ddb5-4fa4-a97d-d965ccfc6d4b" outcome="Passed" testListId="8c84fa94-04c1-424b-9868-57a2d4851a1d" relativeResultsDirectory="41048b28-9b70-4c60-8dd8-937d776694f5" />
    <UnitTestResult executionId="9b2787d9-8f3b-48a9-a950-b1415994cd54" testId="5e6b6ecc-5263-32ca-105b-50e7a1160ff1" testName="AddAsync_DuplicateId_ThrowsDbUpdateException" computerName="7a75a2606567" duration="00:00:00.0547000" startTime="2026-09-21T03:54:18.1312958+00:00" endTime="2026-09-21T03:54:18.1859960+00:00" testType="13cdc9d9-ddb5-4fa4-a97d-d965ccfc6d4b" outcome="Passed" testListId="8c84fa94-04c1-424b-9868-57a2d4851a1d" relativeResultsDirectory="9b2787d9-8f3b-48a9-a950-b1415994cd54" />
    <UnitTestResult executionId="06b67855-8d16-4991-a32a-e05d3e4ee2a1" testId="dc89fba1-ce54-1fb4-bf59-f33697b8d4ff" testName="ExistsByIdentityNumberAsync_IdentityNumberExists_ReturnsTrue" computerName="7a75a2606567" duration="00:00:00.0004060" startTime="2026-09-21T03:54:18.2300152+00:00" endTime="2026-09-21T03:54:18.2304215+00:00" testType="13cdc9d9-ddb5-4fa4-a97d-d965ccfc6d4b" outcome="Failed" testListId="8c84fa94-04c1-424b-9868-57a2d4851a1d" relativeResultsDirectory="06b67855-8d16-4991-a32a-e05d3e4ee2a1">
      <Output>
        <ErrorInfo>
          <Message>System.InvalidOperationException : The provider for the source 'IQueryable' doesn't implement 'IAsyncQueryProvider'. Only providers that implement 'IAsyncQueryProvider' can be used for Entity Framework asynchronous operations.</Message>
          <StackTrace>   at Microsoft.EntityFrameworkCore.EntityFrameworkQueryableExtensions.ExecuteAsync[TSource,TResult](MethodInfo operatorMethodInfo, IQueryable`1 source, Expression expression, CancellationToken cancellationToken)
   at Microsoft.EntityFrameworkCore.EntityFrameworkQueryableExtensions.ExecuteAsync[TSource,TResult](MethodInfo operatorMethodInfo, IQueryable`1 source, LambdaExpression expression, CancellationToken cancellationToken)
   at Microsoft.EntityFrameworkCore.EntityFrameworkQueryableExtensions.AnyAsync[TSource](IQueryable`1 source, Expression`1 predicate, CancellationToken cancellationToken)
   at UCR.ECCI.PI.ThemePark.Backend.Infrastructure.Repositories.SqlPersonRepository.ExistsByIdentityNumberAsync(String identityNumber) in /workspace/Backend.Infrastructure/Repositories/SqlPersonRepository.cs:line 52
   at UCR.ECCI.PI.ThemePark.Backend.Infrastructure.Tests.Unit.SqlPersonRepositoryTests.ExistsByIdentityNumberAsync_IdentityNumberExists_ReturnsTrue() in /workspace/Backend.Infrastructure.Tests.Unit/SqlPersonRepositoryTests.cs:line 129
   at NUnit.Framework.Internal.TaskAwaitAdapter.GenericAdapter`1.GetResult()
   at NUnit.Framework.Internal.AsyncToSyncAdapter.Await(Func`1 invoke)
   at NUnit.Framework.Internal.Commands.TestMethodCommand.RunTestMethod(TestExecutionContext context)
   at NUnit.Framework.Internal.Commands.TestMethodCommand.Execute(TestExecutionContext context)
   at NUnit.Framework.Internal.Commands.BeforeAndAfterTestCommand.&lt;&gt;c__DisplayClass1_0.&lt;Execute&gt;b__0()
   at NUnit.Framework.Internal.Commands.DelegatingTestCommand.RunTestMethodInThreadAbortSafeZone(TestExecutionContext context, Action action)
</StackTrace>
        </ErrorInfo>
      </Output>
    </UnitTestResult>
    <UnitTestResult executionId="fcbb5407-e785-4466-a4f1-bce1d3a3d8fe" testId="5979b915-3030-7596-88a6-06fe246113af" testName="GetComponentsByLearningSpaceIdAsync_NoMatchingComponents_ReturnsEmptyList(&quot;NON-EXISTENT-999&quot;)" computerName="7a75a2606567" duration="00:00:00.0004860" startTime="2026-09-21T03:54:18.2036200+00:00" endTime="2026-09-21T03:54:18.2041058+00:00" testType="13cdc9d9-ddb5-4fa4-a97d-d965ccfc6d4b" outcome="Passed" testListId="8c84fa94-04c1-424b-9868-57a2d4851a1d" relativeResultsDirectory="fcbb5407-e785-4466-a4f1-bce1d3a3d8fe" />
  </Results>
  <TestDefinitions>
    <UnitTest name="AddAsync_ValidLearningSpace_AddsToDbSetAndCallsSaveChanges" storage="/workspace/backend.infrastructure.tests.unit/bin/release/net8.0/ucr.ecci.pi.themepark.backend.infrastructure.tests.unit.dll" id="d17a15e8-7f96-2a39-8928-4a7d1a61ee6b">
      <Execution id="38de73f8-26ba-49f4-8016-39698a2f8822" />
      <TestMethod codeBase="/workspace/Backend.Infrastructure.Tests.Unit/bin/Release/net8.0/UCR.ECCI.PI.ThemePark.Backend.Infrastructure.Tests.Unit.dll" adapterTypeName="executor://nunit3testexecutor/" className="UCR.ECCI.PI.ThemePark.Backend.Infrastructure.Tests.Unit.SqlLearningSpaceRepositoryTests" name="AddAsync_ValidLearningSpace_AddsToDbSetAndCallsSaveChanges" />
    </UnitTest>
    <UnitTest name="GenerateIdAsync_ReturnsUniqueIdWithCorrectFormat" storage="/workspace/backend.infrastructure.tests.unit/bin/release/net8.0/ucr.ecci.pi.themepark.backend.infrastructure.tests.unit.dll" id="5144c2e7-fb9a-b687-b456-87a30eb72943">
      <Execution id="5de2ba08-7db8-43c6-bc63-43063b454e46" />
      <TestMethod codeBase="/workspace/Backend.Infrastructure.Tests.Unit/bin/Release/net8.0/UCR.ECCI.PI.ThemePark.Backend.Infrastructure.Tests.Unit.dll" adapterTypeName="executor://nunit3testexecutor/" className="UCR.ECCI.PI.ThemePark.Backend.Infrastructure.Tests.Unit.ComponentIdGeneratorTests" name="GenerateIdAsync_ReturnsUniqueIdWithCorrectFormat" />
    </UnitTest>
    <UnitTest name="GetByIdAsync_ExistingWhiteboard_ReturnsWhiteboard" storage="/workspace/backend.infrastructure.tests.unit/bin/release/net8.0/ucr.ecci.pi.themepark.backend.infrastructure.tests.unit.dll" id="4d10ec4e-db24-54e8-3343-3e47ba9feb8f">
      <Execution id="a064f12a-ace8-4025-9655-6efcd763b9e7" />
      <TestMethod codeBase="/workspace/Backend.Infrastructure.Tests.Unit/bin/Release/net8.0/UCR.ECCI.PI.ThemePark.Backend.Infrastructure.Tests.Unit.dll" adapterTypeName="executor://nunit3testexecutor/" className="UCR.ECCI.PI.ThemePark.Backend.Infrastructure.Tests.Unit.SqlWhiteboardRepositoryUpdateTests" name="GetByIdAsync_ExistingWhiteboard_ReturnsWhiteboard" />
    </UnitTest>
    <UnitTest name="ExistsByIdentityNumberAsync_IdentityNumberExists_ReturnsTrue" storage="/workspace/backend.infrastructure.tests.unit/bin/release/net8.0/ucr.ecci.pi.themepark.backend.infrastructure.tests.unit.dll" id="dc89fba1-ce54-1fb4-bf59-f33697b8d4ff">
      <Execution id="06b67855-8d16-4991-a32a-e05d3e4ee2a1" />
      <TestMethod codeBase="/workspace/Backend.Infrastructure.Tests.Unit/bin/Release/net8.0/UCR.ECCI.PI.ThemePark.Backend.Infrastructure.Tests.Unit.dll" adapterTypeName="executor://nunit3testexecutor/" className="UCR.ECCI.PI.ThemePark.Backend.Infrastructure.Tests.Unit.SqlPersonRepositoryTests" name="ExistsByIdentityNumberAsync_IdentityNumberExists_ReturnsTrue" />
    </UnitTest>
    <UnitTest name="AddAsync_DuplicateId_ThrowsDbUpdateException" storage="/workspace/backend.infrastructure.tests.unit/bin/release/net8.0/ucr.ecci.pi.themepark.backend.infrastructure.tests.unit.dll" id="5e6b6ecc-5263-32ca-105b-50e7a1160ff1">
      <Execution id="9b2787d9-8f3b-48a9-a950-b1415994cd54" />
      <TestMethod codeBase="/workspace/Backend.Infrastructure.Tests.Unit/bin/Release/net8.0/UCR.ECCI.PI.ThemePark.Backend.Infrastructure.Tests.Unit.dll" adapterTypeName="executor://nunit3testexecutor/" className="UCR.ECCI.PI.ThemePark.Backend.Infrastructure.Tests.Unit.SqlLearningComponentRepositoryCreateTests" name="AddAsync_DuplicateId_ThrowsDbUpdateException" />
    </UnitTest>
    <UnitTest name="AddAsync_UniqueId_CallsAddAndSaveChanges" storage="/workspace/backend.infrastructure.tests.unit/bin/release/net8.0/ucr.ecci.pi.themepark.backend.infrastructure.tests.unit.dll" id="6a0027cd-2596-b887-5382-015dfc14571b">
      <Execution id="27ca4654-a8cc-441d-92f4-3c6137b2eb99" />
      <TestMethod codeBase="/workspace/Backend.Infrastructure.Tests.Unit/bin/Release/net8.0/UCR.ECCI.PI.ThemePark.Backend.Infrastructure.Tests.Unit.dll" adapterTypeName="executor://nunit3testexecutor/" className="UCR.ECCI.PI.ThemePark.Backend.Infrastructure.Tests.Unit.SqlLearningComponentRepositoryCreateTests" name="AddAsync_UniqueId_CallsAddAndSaveChanges" />
    </UnitTest>
    <UnitTest name="GetComponentsByLearningSpaceIdAsync_NoMatchingComponents_ReturnsEmptyList(&quot;NON-EXISTENT-999&quot;)" storage="/workspace/backend.infrastructure.tests.unit/bin/release/net8.0/ucr.ecci.pi.themepark.backend.infrastructure.tests.unit.dll" id="5979b915-3030-7596-88a6-06fe246113af">
      <Execution id="fcbb5407-e785-4466-a4f1-bce1d3a3d8fe" />
      <TestMethod codeBase="/workspace/Backend.Infrastructure.Tests.Unit/bin/Release/net8.0/UCR.ECCI.PI.ThemePark.Backend.Infrastructure.Tests.Unit.dll" adapterTypeName="executor://nunit3testexecutor/" className="UCR.ECCI.PI.ThemePark.Backend.Infrastructure.Tests.Unit.SqlLearningComponentRepositoryTests" name="GetComponentsByLearningSpaceIdAsync_NoMatchingComponents_ReturnsEmptyList(&quot;NON-EXISTENT-999&quot;)" />
    </UnitTest>
    <UnitTest name="ExistsByEmailAsync_EmailExists_ReturnsTrue" storage="/workspace/backend.infrastructure.tests.unit/bin/release/net8.0/ucr.ecci.pi.themepark.backend.infrastructure.tests.unit.dll" id="476012b1-bf9a-e01b-8dea-a7333c9924cc">
      <Execution id="8445d6d5-a376-4205-ba83-4b70c8108d55" />
      <TestMethod codeBase="/workspace/Backend.Infrastructure.Tests.Unit/bin/Release/net8.0/UCR.ECCI.PI.ThemePark.Backend.Infrastructure.Tests.Unit.dll" adapterTypeName="executor://nunit3testexecutor/" className="UCR.ECCI.PI.ThemePark.Backend.Infrastructure.Tests.Unit.SqlPersonRepositoryTests" name="ExistsByEmailAsync_EmailExists_ReturnsTrue" />
    </UnitTest>
    <UnitTest name="ExistsByIdentityNumberAsync_IdentityNumberDoesNotExist_ReturnsFalse" storage="/workspace/backend.infrastructure.tests.unit/bin/release/net8.0/ucr.ecci.pi.themepark.backend.infrastructure.tests.unit.dll" id="b169ece1-f1aa-1008-b7df-3b8b24277612">
      <Execution id="17061074-dc93-428a-9939-d9897bd8931f" />
      <TestMethod codeBase="/workspace/Backend.Infrastructure.Tests.Unit/bin/Release/net8.0/UCR.ECCI.PI.ThemePark.Backend.Infrastructure.Tests.Unit.dll" adapterTypeName="executor://nunit3testexecutor/" className="UCR.ECCI.PI.ThemePark.Backend.Infrastructure.Tests.Unit.SqlPersonRepositoryTests" name="ExistsByIdentityNumberAsync_IdentityNumberDoesNotExist_ReturnsFalse" />
    </UnitTest>
    <UnitTest name="GetComponentsByLearningSpaceIdAsync_NoMatchingComponents_ReturnsEmptyList(&quot;IF-0103&quot;)" storage="/workspace/backend.infrastructure.tests.unit/bin/release/net8.0/ucr.ecci.pi.themepark.backend.infrastructure.tests.unit.dll" id="03ae0261-f544-d9e0-bfcc-c301017c7897">
      <Execution id="4c636b2f-c45b-4d54-8c17-44b9695768f3" />
      <TestMethod codeBase="/workspace/Backend.Infrastructure.Tests.Unit/bin/Release/net8.0/UCR.ECCI.PI.ThemePark.Backend.Infrastructure.Tests.Unit.dll" adapterTypeName="executor://nunit3testexecutor/" className="UCR.ECCI.PI.ThemePark.Backend.Infrastructure.Tests.Unit.SqlLearningComponentRepositoryTests" name="GetComponentsByLearningSpaceIdAsync_NoMatchingComponents_ReturnsEmptyList(&quot;IF-0103&quot;)" />
    </UnitTest>
    <UnitTest name="GetByLearningSpaceIdAsync_WhiteboardsInSpace_ReturnsList" storage="/workspace/backend.infrastructure.tests.unit/bin/release/net8.0/ucr.ecci.pi.themepark.backend.infrastructure.tests.unit.dll" id="5b4b3199-de53-b8d0-0670-582c9b9620bf">
      <Execution id="7ea410ce-07b7-4b94-b4a0-6464911e89cb" />
      <TestMethod codeBase="/workspace/Backend.Infrastructure.Tests.Unit/bin/Release/net8.0/UCR.ECCI.PI.ThemePark.Backend.Infrastructure.Tests.Unit.dll" adapterTypeName="executor://nunit3testexecutor/" className="UCR.ECCI.PI.ThemePark.Backend.Infrastructure.Tests.Unit.SqlWhiteboardRepositoryUpdateTests" name="GetByLearningSpaceIdAsync_WhiteboardsInSpace_ReturnsList" />
    </UnitTest>
    <UnitTest name="AddAsync_ValidWhiteboard_AddsToDbSetAndCallsSaveChanges" storage="/workspace/backend.infrastructure.tests.unit/bin/release/net8.0/ucr.ecci.pi.themepark.backend.infrastructure.tests.unit.dll" id="320f2472-612f-1df6-c4d5-e514c9e53c18">
      <Execution id="ca28d9a1-7412-492a-a19e-20df61fcc974" />
      <TestMethod codeBase="/workspace/Backend.Infrastructure.Tests.Unit/bin/Release/net8.0/UCR.ECCI.PI.ThemePark.Backend.Infrastructure.Tests.Unit.dll" adapterTypeName="executor://nunit3testexecutor/" className="UCR.ECCI.PI.ThemePark.Backend.Infrastructure.Tests.Unit.SqlWhiteboardRepositoryTests" name="AddAsync_ValidWhiteboard_AddsToDbSetAndCallsSaveChanges" />
    </UnitTest>
    <UnitTest name="AddAsync_SaveChangesFails_PropagatesDbUpdateException" storage="/workspace/backend.infrastructure.tests.unit/bin/release/net8.0/ucr.ecci.pi.themepark.backend.infrastructure.tests.unit.dll" id="66920399-61af-fdad-d641-833ec78aa0b0">
      <Execution id="21eb5a4c-162a-4a36-99ca-2eb205a0c47e" />
      <TestMethod codeBase="/workspace/Backend.Infrastructure.Tests.Unit/bin/Release/net8.0/UCR.ECCI.PI.ThemePark.Backend.Infrastructure.Tests.Unit.dll" adapterTypeName="executor://nunit3testexecutor/" className="UCR.ECCI.PI.ThemePark.Backend.Infrastructure.Tests.Unit.SqlLearningSpaceRepositoryTests" name="AddAsync_SaveChangesFails_PropagatesDbUpdateException" />
    </UnitTest>
    <UnitTest name="GenerateIdAsync_MultipleCalls_ReturnsDifferentIds" storage="/workspace/backend.infrastructure.tests.unit/bin/release/net8.0/ucr.ecci.pi.themepark.backend.infrastructure.tests.unit.dll" id="608ed9dd-373a-8bef-8869-015a6b360119">
      <Execution id="552ecb7c-0bd7-46af-940c-ca87860264f4" />
      <TestMethod codeBase="/workspace/Backend.Infrastructure.Tests.Unit/bin/Release/net8.0/UCR.ECCI.PI.ThemePark.Backend.Infrastructure.Tests.Unit.dll" adapterTypeName="executor://nunit3testexecutor/" className="UCR.ECCI.PI.ThemePark.Backend.Infrastructure.Tests.Unit.ComponentIdGeneratorTests" name="GenerateIdAsync_MultipleCalls_ReturnsDifferentIds" />
    </UnitTest>
    <UnitTest name="AddAsync_ValidPerson_AddsToDbSetAndCallsSaveChanges" storage="/workspace/backend.infrastructure.tests.unit/bin/release/net8.0/ucr.ecci.pi.themepark.backend.infrastructure.tests.unit.dll" id="f6657235-7387-e229-33cc-1bac7383e9cd">
      <Execution id="41048b28-9b70-4c60-8dd8-937d776694f5" />
      <TestMethod codeBase="/workspace/Backend.Infrastructure.Tests.Unit/bin/Release/net8.0/UCR.ECCI.PI.ThemePark.Backend.Infrastructure.Tests.Unit.dll" adapterTypeName="executor://nunit3testexecutor/" className="UCR.ECCI.PI.ThemePark.Backend.Infrastructure.Tests.Unit.SqlPersonRepositoryTests" name="AddAsync_ValidPerson_AddsToDbSetAndCallsSaveChanges" />
    </UnitTest>
    <UnitTest name="ExistsByEmailAsync_EmailDoesNotExist_ReturnsFalse" storage="/workspace/backend.infrastructure.tests.unit/bin/release/net8.0/ucr.ecci.pi.themepark.backend.infrastructure.tests.unit.dll" id="cfa8760d-306a-18f3-4d50-b8a61b02ee5a">
      <Execution id="873e0de7-21be-4b8f-8ba0-de6965db426a" />
      <TestMethod codeBase="/workspace/Backend.Infrastructure.Tests.Unit/bin/Release/net8.0/UCR.ECCI.PI.ThemePark.Backend.Infrastructure.Tests.Unit.dll" adapterTypeName="executor://nunit3testexecutor/" className="UCR.ECCI.PI.ThemePark.Backend.Infrastructure.Tests.Unit.SqlPersonRepositoryTests" name="ExistsByEmailAsync_EmailDoesNotExist_ReturnsFalse" />
    </UnitTest>
    <UnitTest name="AddAsync_SaveChangesFails_ThrowsDatabaseException" storage="/workspace/backend.infrastructure.tests.unit/bin/release/net8.0/ucr.ecci.pi.themepark.backend.infrastructure.tests.unit.dll" id="7a2db7ec-a266-8e80-6fd5-45fec7e79c01">
      <Execution id="df2772e4-ad40-4754-97fa-3924b2e67fff" />
      <TestMethod codeBase="/workspace/Backend.Infrastructure.Tests.Unit/bin/Release/net8.0/UCR.ECCI.PI.ThemePark.Backend.Infrastructure.Tests.Unit.dll" adapterTypeName="executor://nunit3testexecutor/" className="UCR.ECCI.PI.ThemePark.Backend.Infrastructure.Tests.Unit.SqlWhiteboardRepositoryTests" name="AddAsync_SaveChangesFails_ThrowsDatabaseException" />
    </UnitTest>
    <UnitTest name="AddAsync_MultipleLearningSpaces_CallsAddForEachEntity" storage="/workspace/backend.infrastructure.tests.unit/bin/release/net8.0/ucr.ecci.pi.themepark.backend.infrastructure.tests.unit.dll" id="80f55917-cdee-a912-df4c-b6f50d8ac45f">
      <Execution id="79ab76a0-13c3-4eca-bb8d-cf7c2e32a840" />
      <TestMethod codeBase="/workspace/Backend.Infrastructure.Tests.Unit/bin/Release/net8.0/UCR.ECCI.PI.ThemePark.Backend.Infrastructure.Tests.Unit.dll" adapterTypeName="executor://nunit3testexecutor/" className="UCR.ECCI.PI.ThemePark.Backend.Infrastructure.Tests.Unit.SqlLearningSpaceRepositoryTests" name="AddAsync_MultipleLearningSpaces_CallsAddForEachEntity" />
    </UnitTest>
    <UnitTest name="ExistsAsync_ComponentExists_ReturnsTrue" storage="/workspace/backend.infrastructure.tests.unit/bin/release/net8.0/ucr.ecci.pi.themepark.backend.infrastructure.tests.unit.dll" id="7384165b-9f31-8ea0-4ab2-b928d51873c0">
      <Execution id="b8c58868-d739-4088-a322-e0cd01ba7f0d" />
      <TestMethod codeBase="/workspace/Backend.Infrastructure.Tests.Unit/bin/Release/net8.0/UCR.ECCI.PI.ThemePark.Backend.Infrastructure.Tests.Unit.dll" adapterTypeName="executor://nunit3testexecutor/" className="UCR.ECCI.PI.ThemePark.Backend.Infrastructure.Tests.Unit.SqlLearningComponentRepositoryCreateTests" name="ExistsAsync_ComponentExists_ReturnsTrue" />
    </UnitTest>
    <UnitTest name="GetByIdAsync_NonExistentWhiteboard_ReturnsNull" storage="/workspace/backend.infrastructure.tests.unit/bin/release/net8.0/ucr.ecci.pi.themepark.backend.infrastructure.tests.unit.dll" id="fa6e0d93-1d6e-7d72-3d50-3ec0708f574c">
      <Execution id="ee797740-7453-4e56-a800-2de46f274c2d" />
      <TestMethod codeBase="/workspace/Backend.Infrastructure.Tests.Unit/bin/Release/net8.0/UCR.ECCI.PI.ThemePark.Backend.Infrastructure.Tests.Unit.dll" adapterTypeName="executor://nunit3testexecutor/" className="UCR.ECCI.PI.ThemePark.Backend.Infrastructure.Tests.Unit.SqlWhiteboardRepositoryUpdateTests" name="GetByIdAsync_NonExistentWhiteboard_ReturnsNull" />
    </UnitTest>
    <UnitTest name="UpdateAsync_ValidWhiteboard_UpdatesAndSaves" storage="/workspace/backend.infrastructure.tests.unit/bin/release/net8.0/ucr.ecci.pi.themepark.backend.infrastructure.tests.unit.dll" id="cabac07f-0115-2356-1d37-43e0979e24ef">
      <Execution id="efa8445c-3bd2-485f-9ced-f36f87014174" />
      <TestMethod codeBase="/workspace/Backend.Infrastructure.Tests.Unit/bin/Release/net8.0/UCR.ECCI.PI.ThemePark.Backend.Infrastructure.Tests.Unit.dll" adapterTypeName="executor://nunit3testexecutor/" className="UCR.ECCI.PI.ThemePark.Backend.Infrastructure.Tests.Unit.SqlWhiteboardRepositoryUpdateTests" name="UpdateAsync_ValidWhiteboard_UpdatesAndSaves" />
    </UnitTest>
    <UnitTest name="GetComponentsByLearningSpaceIdAsync_ValidIdWithComponents_ReturnsList" storage="/workspace/backend.infrastructure.tests.unit/bin/release/net8.0/ucr.ecci.pi.themepark.backend.infrastructure.tests.unit.dll" id="20bce922-6b11-3dd0-7e7c-75e0fa3a35c9">
      <Execution id="5e94e629-e1f9-41f2-bc1e-7e35fe1b43d2" />
      <TestMethod codeBase="/workspace/Backend.Infrastructure.Tests.Unit/bin/Release/net8.0/UCR.ECCI.PI.ThemePark.Backend.Infrastructure.Tests.Unit.dll" adapterTypeName="executor://nunit3testexecutor/" className="UCR.ECCI.PI.ThemePark.Backend.Infrastructure.Tests.Unit.SqlLearningComponentRepositoryTests" name="GetComponentsByLearningSpaceIdAsync_ValidIdWithComponents_ReturnsList" />
    </UnitTest>
    <UnitTest name="ExistsAsync_ComponentDoesNotExist_ReturnsFalse" storage="/workspace/backend.infrastructure.tests.unit/bin/release/net8.0/ucr.ecci.pi.themepark.backend.infrastructure.tests.unit.dll" id="9b3c7b0d-25f2-396c-0ddc-be74763f77ba">
      <Execution id="8e553ed8-b5c4-48c7-ace2-31aba91575a8" />
      <TestMethod codeBase="/workspace/Backend.Infrastructure.Tests.Unit/bin/Release/net8.0/UCR.ECCI.PI.ThemePark.Backend.Infrastructure.Tests.Unit.dll" adapterTypeName="executor://nunit3testexecutor/" className="UCR.ECCI.PI.ThemePark.Backend.Infrastructure.Tests.Unit.SqlLearningComponentRepositoryCreateTests" name="ExistsAsync_ComponentDoesNotExist_ReturnsFalse" />
    </UnitTest>
  </TestDefinitions>
  <TestEntries>
    <TestEntry testId="320f2472-612f-1df6-c4d5-e514c9e53c18" executionId="ca28d9a1-7412-492a-a19e-20df61fcc974" testListId="8c84fa94-04c1-424b-9868-57a2d4851a1d" />
    <TestEntry testId="7384165b-9f31-8ea0-4ab2-b928d51873c0" executionId="b8c58868-d739-4088-a322-e0cd01ba7f0d" testListId="8c84fa94-04c1-424b-9868-57a2d4851a1d" />
    <TestEntry testId="03ae0261-f544-d9e0-bfcc-c301017c7897" executionId="4c636b2f-c45b-4d54-8c17-44b9695768f3" testListId="8c84fa94-04c1-424b-9868-57a2d4851a1d" />
    <TestEntry testId="20bce922-6b11-3dd0-7e7c-75e0fa3a35c9" executionId="5e94e629-e1f9-41f2-bc1e-7e35fe1b43d2" testListId="8c84fa94-04c1-424b-9868-57a2d4851a1d" />
    <TestEntry testId="476012b1-bf9a-e01b-8dea-a7333c9924cc" executionId="8445d6d5-a376-4205-ba83-4b70c8108d55" testListId="8c84fa94-04c1-424b-9868-57a2d4851a1d" />
    <TestEntry testId="66920399-61af-fdad-d641-833ec78aa0b0" executionId="21eb5a4c-162a-4a36-99ca-2eb205a0c47e" testListId="8c84fa94-04c1-424b-9868-57a2d4851a1d" />
    <TestEntry testId="7a2db7ec-a266-8e80-6fd5-45fec7e79c01" executionId="df2772e4-ad40-4754-97fa-3924b2e67fff" testListId="8c84fa94-04c1-424b-9868-57a2d4851a1d" />
    <TestEntry testId="b169ece1-f1aa-1008-b7df-3b8b24277612" executionId="17061074-dc93-428a-9939-d9897bd8931f" testListId="8c84fa94-04c1-424b-9868-57a2d4851a1d" />
    <TestEntry testId="4d10ec4e-db24-54e8-3343-3e47ba9feb8f" executionId="a064f12a-ace8-4025-9655-6efcd763b9e7" testListId="8c84fa94-04c1-424b-9868-57a2d4851a1d" />
    <TestEntry testId="80f55917-cdee-a912-df4c-b6f50d8ac45f" executionId="79ab76a0-13c3-4eca-bb8d-cf7c2e32a840" testListId="8c84fa94-04c1-424b-9868-57a2d4851a1d" />
    <TestEntry testId="5b4b3199-de53-b8d0-0670-582c9b9620bf" executionId="7ea410ce-07b7-4b94-b4a0-6464911e89cb" testListId="8c84fa94-04c1-424b-9868-57a2d4851a1d" />
    <TestEntry testId="fa6e0d93-1d6e-7d72-3d50-3ec0708f574c" executionId="ee797740-7453-4e56-a800-2de46f274c2d" testListId="8c84fa94-04c1-424b-9868-57a2d4851a1d" />
    <TestEntry testId="9b3c7b0d-25f2-396c-0ddc-be74763f77ba" executionId="8e553ed8-b5c4-48c7-ace2-31aba91575a8" testListId="8c84fa94-04c1-424b-9868-57a2d4851a1d" />
    <TestEntry testId="cabac07f-0115-2356-1d37-43e0979e24ef" executionId="efa8445c-3bd2-485f-9ced-f36f87014174" testListId="8c84fa94-04c1-424b-9868-57a2d4851a1d" />
    <TestEntry testId="5144c2e7-fb9a-b687-b456-87a30eb72943" executionId="5de2ba08-7db8-43c6-bc63-43063b454e46" testListId="8c84fa94-04c1-424b-9868-57a2d4851a1d" />
    <TestEntry testId="cfa8760d-306a-18f3-4d50-b8a61b02ee5a" executionId="873e0de7-21be-4b8f-8ba0-de6965db426a" testListId="8c84fa94-04c1-424b-9868-57a2d4851a1d" />
    <TestEntry testId="d17a15e8-7f96-2a39-8928-4a7d1a61ee6b" executionId="38de73f8-26ba-49f4-8016-39698a2f8822" testListId="8c84fa94-04c1-424b-9868-57a2d4851a1d" />
    <TestEntry testId="608ed9dd-373a-8bef-8869-015a6b360119" executionId="552ecb7c-0bd7-46af-940c-ca87860264f4" testListId="8c84fa94-04c1-424b-9868-57a2d4851a1d" />
    <TestEntry testId="6a0027cd-2596-b887-5382-015dfc14571b" executionId="27ca4654-a8cc-441d-92f4-3c6137b2eb99" testListId="8c84fa94-04c1-424b-9868-57a2d4851a1d" />
    <TestEntry testId="f6657235-7387-e229-33cc-1bac7383e9cd" executionId="41048b28-9b70-4c60-8dd8-937d776694f5" testListId="8c84fa94-04c1-424b-9868-57a2d4851a1d" />
    <TestEntry testId="5e6b6ecc-5263-32ca-105b-50e7a1160ff1" executionId="9b2787d9-8f3b-48a9-a950-b1415994cd54" testListId="8c84fa94-04c1-424b-9868-57a2d4851a1d" />
    <TestEntry testId="dc89fba1-ce54-1fb4-bf59-f33697b8d4ff" executionId="06b67855-8d16-4991-a32a-e05d3e4ee2a1" testListId="8c84fa94-04c1-424b-9868-57a2d4851a1d" />
    <TestEntry testId="5979b915-3030-7596-88a6-06fe246113af" executionId="fcbb5407-e785-4466-a4f1-bce1d3a3d8fe" testListId="8c84fa94-04c1-424b-9868-57a2d4851a1d" />
  </TestEntries>
  <TestLists>
    <TestList name="Results Not in a List" id="8c84fa94-04c1-424b-9868-57a2d4851a1d" />
    <TestList name="All Loaded Results" id="19431567-8539-422a-85d7-44ee4e166bda" />
  </TestLists>
  <ResultSummary outcome="Failed">
    <Counters total="23" executed="23" passed="19" failed="4" error="0" timeout="0" aborted="0" inconclusive="0" passedButRunAborted="0" notRunnable="0" notExecuted="0" disconnected="0" warning="0" completed="0" inProgress="0" pending="0" />
    <Output>
      <StdOut>NUnit Adapter 4.6.0.0: Test execution started
Running all tests in /workspace/Backend.Infrastructure.Tests.Unit/bin/Release/net8.0/UCR.ECCI.PI.ThemePark.Backend.Infrastructure.Tests.Unit.dll
   NUnit3TestExecutor discovered 23 of 23 NUnit test cases using Current Discovery mode, Non-Explicit run
NUnit Adapter 4.6.0.0: Test execution complete
</StdOut>
    </Output>
    <CollectorDataEntries>
      <Collector agentName="7a75a2606567" uri="datacollector://microsoft/CoverletCodeCoverage/1.0" collectorDisplayName="XPlat code coverage">
        <UriAttachments>
          <UriAttachment>
            <A href="7a75a2606567/coverage.cobertura.xml"></A>
          </UriAttachment>
        </UriAttachments>
      </Collector>
    </CollectorDataEntries>
  </ResultSummary>
</TestRun>