<?xml version="1.0" encoding="utf-8"?>
<TestRun id="0daf37c6-aa5b-4e00-a6a7-18b1e5e033b5" name="@0c346f158733 2026-06-01 01:52:05" xmlns="http://microsoft.com/schemas/VisualStudio/TeamTest/2010">
  <Times creation="2026-06-01T01:52:05.8993128+00:00" queuing="2026-06-01T01:52:05.8993128+00:00" start="2026-06-01T01:52:05.3474013+00:00" finish="2026-06-01T01:52:06.0139663+00:00" />
  <TestSettings name="default" id="84bc794f-5b20-48ea-be57-c14f670080e5">
    <Deployment runDeploymentRoot="_0c346f158733_2026-06-01_01_52_05" />
  </TestSettings>
  <Results>
    <UnitTestResult executionId="42af6705-8b48-4e73-8d7a-9614e47edbe2" testId="170b0e11-d0e9-46b1-e973-b1f0e67701df" testName="Constructor_ValidOrientations_ShouldCreateEntityWithCorrectOrientation(&quot;South&quot;)" computerName="0c346f158733" duration="00:00:00.0000530" startTime="2026-06-01T01:52:05.8531337+00:00" endTime="2026-06-01T01:52:05.8531862+00:00" testType="13cdc9d9-ddb5-4fa4-a97d-d965ccfc6d4b" outcome="Passed" testListId="8c84fa94-04c1-424b-9868-57a2d4851a1d" relativeResultsDirectory="42af6705-8b48-4e73-8d7a-9614e47edbe2" />
    <UnitTestResult executionId="05a47602-6d5c-4eda-9327-62a5f590e9c2" testId="5fb60071-06e3-861b-da94-7a9cf052583a" testName="Constructor_NegativeHeight_ShouldThrowArgumentException" computerName="0c346f158733" duration="00:00:00.0000900" startTime="2026-06-01T01:52:05.8526160+00:00" endTime="2026-06-01T01:52:05.8527058+00:00" testType="13cdc9d9-ddb5-4fa4-a97d-d965ccfc6d4b" outcome="Passed" testListId="8c84fa94-04c1-424b-9868-57a2d4851a1d" relativeResultsDirectory="05a47602-6d5c-4eda-9327-62a5f590e9c2" />
    <UnitTestResult executionId="4e7c422e-aa42-426d-87a6-aa24a2bd6fbd" testId="a45c7f95-3cd1-544a-ffa1-4a0f2bc34424" testName="Constructor_ValidOrientations_ShouldCreateEntityWithCorrectOrientation(&quot;North&quot;)" computerName="0c346f158733" duration="00:00:00.0000450" startTime="2026-06-01T01:52:05.8530864+00:00" endTime="2026-06-01T01:52:05.8531311+00:00" testType="13cdc9d9-ddb5-4fa4-a97d-d965ccfc6d4b" outcome="Passed" testListId="8c84fa94-04c1-424b-9868-57a2d4851a1d" relativeResultsDirectory="4e7c422e-aa42-426d-87a6-aa24a2bd6fbd" />
    <UnitTestResult executionId="61729909-7871-4974-80c5-3a1e2c6fe27e" testId="b011c789-32f2-c4f5-9be5-b4cdf295e377" testName="Constructor_NegativeWidth_ShouldThrowArgumentException" computerName="0c346f158733" duration="00:00:00.0001070" startTime="2026-06-01T01:52:05.8527090+00:00" endTime="2026-06-01T01:52:05.8528160+00:00" testType="13cdc9d9-ddb5-4fa4-a97d-d965ccfc6d4b" outcome="Passed" testListId="8c84fa94-04c1-424b-9868-57a2d4851a1d" relativeResultsDirectory="61729909-7871-4974-80c5-3a1e2c6fe27e" />
    <UnitTestResult executionId="1bda5627-33c4-436c-b724-d2d1771bfe64" testId="079fa4fe-cf69-1875-7b1a-651b5eada9ff" testName="Constructor_ZeroValuesForDimensionsAndCoordinates_ShouldCreateEntityWithZeroValues" computerName="0c346f158733" duration="00:00:00.0001240" startTime="2026-06-01T01:52:05.8560762+00:00" endTime="2026-06-01T01:52:05.8562003+00:00" testType="13cdc9d9-ddb5-4fa4-a97d-d965ccfc6d4b" outcome="Passed" testListId="8c84fa94-04c1-424b-9868-57a2d4851a1d" relativeResultsDirectory="1bda5627-33c4-436c-b724-d2d1771bfe64" />
    <UnitTestResult executionId="89870816-3b5d-4cf8-b44c-1a01445b4b3c" testId="15ea7b9d-1795-26db-8747-3e176c5991f9" testName="Constructor_ValidOrientations_ShouldCreateEntityWithCorrectOrientation(&quot;West&quot;)" computerName="0c346f158733" duration="00:00:00.0000020" startTime="2026-06-01T01:52:05.8531932+00:00" endTime="2026-06-01T01:52:05.8531954+00:00" testType="13cdc9d9-ddb5-4fa4-a97d-d965ccfc6d4b" outcome="Passed" testListId="8c84fa94-04c1-424b-9868-57a2d4851a1d" relativeResultsDirectory="89870816-3b5d-4cf8-b44c-1a01445b4b3c" />
    <UnitTestResult executionId="0ea5d07d-f1db-4072-a1af-4efaebf5e0a1" testId="fdb9390b-95df-10a4-2d76-2e295a5da612" testName="Constructor_InvalidOrientation_ShouldThrowArgumentException" computerName="0c346f158733" duration="00:00:00.0053830" startTime="2026-06-01T01:52:05.8464519+00:00" endTime="2026-06-01T01:52:05.8517741+00:00" testType="13cdc9d9-ddb5-4fa4-a97d-d965ccfc6d4b" outcome="Passed" testListId="8c84fa94-04c1-424b-9868-57a2d4851a1d" relativeResultsDirectory="0ea5d07d-f1db-4072-a1af-4efaebf5e0a1" />
    <UnitTestResult executionId="38599883-f1b6-44f9-a4f9-c8e1b56ad461" testId="c576da8f-2576-400f-91eb-b27acc0e0afe" testName="Constructor_NegativeYCoordinate_ShouldThrowArgumentException" computerName="0c346f158733" duration="00:00:00.0000770" startTime="2026-06-01T01:52:05.8529020+00:00" endTime="2026-06-01T01:52:05.8529790+00:00" testType="13cdc9d9-ddb5-4fa4-a97d-d965ccfc6d4b" outcome="Passed" testListId="8c84fa94-04c1-424b-9868-57a2d4851a1d" relativeResultsDirectory="38599883-f1b6-44f9-a4f9-c8e1b56ad461" />
    <UnitTestResult executionId="7e92f089-3b49-4f67-ad4f-e3ea5cebb1ff" testId="e3c5a60d-7bfc-8381-d434-b1258f2167f7" testName="Constructor_NegativeDepth_ShouldThrowArgumentException" computerName="0c346f158733" duration="00:00:00.0001399" startTime="2026-06-01T01:52:05.8524683+00:00" endTime="2026-06-01T01:52:05.8526086+00:00" testType="13cdc9d9-ddb5-4fa4-a97d-d965ccfc6d4b" outcome="Passed" testListId="8c84fa94-04c1-424b-9868-57a2d4851a1d" relativeResultsDirectory="7e92f089-3b49-4f67-ad4f-e3ea5cebb1ff" />
    <UnitTestResult executionId="c2c9d970-fde7-4d9b-a909-49b5e6550eef" testId="c8d70fc6-d715-555a-064e-ecaf2aec00b6" testName="Constructor_NegativeXCoordinate_ShouldThrowArgumentException" computerName="0c346f158733" duration="00:00:00.0000810" startTime="2026-06-01T01:52:05.8528189+00:00" endTime="2026-06-01T01:52:05.8528995+00:00" testType="13cdc9d9-ddb5-4fa4-a97d-d965ccfc6d4b" outcome="Passed" testListId="8c84fa94-04c1-424b-9868-57a2d4851a1d" relativeResultsDirectory="c2c9d970-fde7-4d9b-a909-49b5e6550eef" />
    <UnitTestResult executionId="2fce64f5-6ae5-4750-8c22-95ca1670ac56" testId="14d964e4-ac28-9841-55f7-88f293546d88" testName="Constructor_NegativeZCoordinate_ShouldThrowArgumentException" computerName="0c346f158733" duration="00:00:00.0000930" startTime="2026-06-01T01:52:05.8529813+00:00" endTime="2026-06-01T01:52:05.8530738+00:00" testType="13cdc9d9-ddb5-4fa4-a97d-d965ccfc6d4b" outcome="Passed" testListId="8c84fa94-04c1-424b-9868-57a2d4851a1d" relativeResultsDirectory="2fce64f5-6ae5-4750-8c22-95ca1670ac56" />
    <UnitTestResult executionId="7d65e7b6-d1c3-46ff-9050-633e30f9d7b4" testId="dfffdb58-2f6e-2f2b-a779-c2e941199442" testName="Constructor_ValidParameters_ShouldCreateEntityWithCorrectProperties" computerName="0c346f158733" duration="00:00:00.0023300" startTime="2026-06-01T01:52:05.8537412+00:00" endTime="2026-06-01T01:52:05.8560715+00:00" testType="13cdc9d9-ddb5-4fa4-a97d-d965ccfc6d4b" outcome="Passed" testListId="8c84fa94-04c1-424b-9868-57a2d4851a1d" relativeResultsDirectory="7d65e7b6-d1c3-46ff-9050-633e30f9d7b4" />
    <UnitTestResult executionId="651db584-d86b-4248-b3e2-007af19abb23" testId="b30f2ccb-bb17-1e95-965c-c92565a432c4" testName="Constructor_ValidOrientations_ShouldCreateEntityWithCorrectOrientation(&quot;East&quot;)" computerName="0c346f158733" duration="00:00:00.0000030" startTime="2026-06-01T01:52:05.8531886+00:00" endTime="2026-06-01T01:52:05.8531916+00:00" testType="13cdc9d9-ddb5-4fa4-a97d-d965ccfc6d4b" outcome="Passed" testListId="8c84fa94-04c1-424b-9868-57a2d4851a1d" relativeResultsDirectory="651db584-d86b-4248-b3e2-007af19abb23" />
  </Results>
  <TestDefinitions>
    <UnitTest name="Constructor_NegativeDepth_ShouldThrowArgumentException" storage="/workspace/backend.domain.tests.unit/bin/release/net8.0/ucr.ecci.pi.themepark.backend.domain.tests.unit.dll" id="e3c5a60d-7bfc-8381-d434-b1258f2167f7">
      <Execution id="7e92f089-3b49-4f67-ad4f-e3ea5cebb1ff" />
      <TestMethod codeBase="/workspace/Backend.Domain.Tests.Unit/bin/Release/net8.0/UCR.ECCI.PI.ThemePark.Backend.Domain.Tests.Unit.dll" adapterTypeName="executor://nunit3testexecutor/" className="UCR.ECCI.PI.ThemePark.Backend.Domain.Tests.Unit.LearningComponentTests" name="Constructor_NegativeDepth_ShouldThrowArgumentException" />
    </UnitTest>
    <UnitTest name="Constructor_ZeroValuesForDimensionsAndCoordinates_ShouldCreateEntityWithZeroValues" storage="/workspace/backend.domain.tests.unit/bin/release/net8.0/ucr.ecci.pi.themepark.backend.domain.tests.unit.dll" id="079fa4fe-cf69-1875-7b1a-651b5eada9ff">
      <Execution id="1bda5627-33c4-436c-b724-d2d1771bfe64" />
      <TestMethod codeBase="/workspace/Backend.Domain.Tests.Unit/bin/Release/net8.0/UCR.ECCI.PI.ThemePark.Backend.Domain.Tests.Unit.dll" adapterTypeName="executor://nunit3testexecutor/" className="UCR.ECCI.PI.ThemePark.Backend.Domain.Tests.Unit.LearningComponentTests" name="Constructor_ZeroValuesForDimensionsAndCoordinates_ShouldCreateEntityWithZeroValues" />
    </UnitTest>
    <UnitTest name="Constructor_ValidOrientations_ShouldCreateEntityWithCorrectOrientation(&quot;West&quot;)" storage="/workspace/backend.domain.tests.unit/bin/release/net8.0/ucr.ecci.pi.themepark.backend.domain.tests.unit.dll" id="15ea7b9d-1795-26db-8747-3e176c5991f9">
      <Execution id="89870816-3b5d-4cf8-b44c-1a01445b4b3c" />
      <TestMethod codeBase="/workspace/Backend.Domain.Tests.Unit/bin/Release/net8.0/UCR.ECCI.PI.ThemePark.Backend.Domain.Tests.Unit.dll" adapterTypeName="executor://nunit3testexecutor/" className="UCR.ECCI.PI.ThemePark.Backend.Domain.Tests.Unit.LearningComponentTests" name="Constructor_ValidOrientations_ShouldCreateEntityWithCorrectOrientation(&quot;West&quot;)" />
    </UnitTest>
    <UnitTest name="Constructor_ValidOrientations_ShouldCreateEntityWithCorrectOrientation(&quot;North&quot;)" storage="/workspace/backend.domain.tests.unit/bin/release/net8.0/ucr.ecci.pi.themepark.backend.domain.tests.unit.dll" id="a45c7f95-3cd1-544a-ffa1-4a0f2bc34424">
      <Execution id="4e7c422e-aa42-426d-87a6-aa24a2bd6fbd" />
      <TestMethod codeBase="/workspace/Backend.Domain.Tests.Unit/bin/Release/net8.0/UCR.ECCI.PI.ThemePark.Backend.Domain.Tests.Unit.dll" adapterTypeName="executor://nunit3testexecutor/" className="UCR.ECCI.PI.ThemePark.Backend.Domain.Tests.Unit.LearningComponentTests" name="Constructor_ValidOrientations_ShouldCreateEntityWithCorrectOrientation(&quot;North&quot;)" />
    </UnitTest>
    <UnitTest name="Constructor_NegativeXCoordinate_ShouldThrowArgumentException" storage="/workspace/backend.domain.tests.unit/bin/release/net8.0/ucr.ecci.pi.themepark.backend.domain.tests.unit.dll" id="c8d70fc6-d715-555a-064e-ecaf2aec00b6">
      <Execution id="c2c9d970-fde7-4d9b-a909-49b5e6550eef" />
      <TestMethod codeBase="/workspace/Backend.Domain.Tests.Unit/bin/Release/net8.0/UCR.ECCI.PI.ThemePark.Backend.Domain.Tests.Unit.dll" adapterTypeName="executor://nunit3testexecutor/" className="UCR.ECCI.PI.ThemePark.Backend.Domain.Tests.Unit.LearningComponentTests" name="Constructor_NegativeXCoordinate_ShouldThrowArgumentException" />
    </UnitTest>
    <UnitTest name="Constructor_ValidOrientations_ShouldCreateEntityWithCorrectOrientation(&quot;East&quot;)" storage="/workspace/backend.domain.tests.unit/bin/release/net8.0/ucr.ecci.pi.themepark.backend.domain.tests.unit.dll" id="b30f2ccb-bb17-1e95-965c-c92565a432c4">
      <Execution id="651db584-d86b-4248-b3e2-007af19abb23" />
      <TestMethod codeBase="/workspace/Backend.Domain.Tests.Unit/bin/Release/net8.0/UCR.ECCI.PI.ThemePark.Backend.Domain.Tests.Unit.dll" adapterTypeName="executor://nunit3testexecutor/" className="UCR.ECCI.PI.ThemePark.Backend.Domain.Tests.Unit.LearningComponentTests" name="Constructor_ValidOrientations_ShouldCreateEntityWithCorrectOrientation(&quot;East&quot;)" />
    </UnitTest>
    <UnitTest name="Constructor_ValidOrientations_ShouldCreateEntityWithCorrectOrientation(&quot;South&quot;)" storage="/workspace/backend.domain.tests.unit/bin/release/net8.0/ucr.ecci.pi.themepark.backend.domain.tests.unit.dll" id="170b0e11-d0e9-46b1-e973-b1f0e67701df">
      <Execution id="42af6705-8b48-4e73-8d7a-9614e47edbe2" />
      <TestMethod codeBase="/workspace/Backend.Domain.Tests.Unit/bin/Release/net8.0/UCR.ECCI.PI.ThemePark.Backend.Domain.Tests.Unit.dll" adapterTypeName="executor://nunit3testexecutor/" className="UCR.ECCI.PI.ThemePark.Backend.Domain.Tests.Unit.LearningComponentTests" name="Constructor_ValidOrientations_ShouldCreateEntityWithCorrectOrientation(&quot;South&quot;)" />
    </UnitTest>
    <UnitTest name="Constructor_NegativeZCoordinate_ShouldThrowArgumentException" storage="/workspace/backend.domain.tests.unit/bin/release/net8.0/ucr.ecci.pi.themepark.backend.domain.tests.unit.dll" id="14d964e4-ac28-9841-55f7-88f293546d88">
      <Execution id="2fce64f5-6ae5-4750-8c22-95ca1670ac56" />
      <TestMethod codeBase="/workspace/Backend.Domain.Tests.Unit/bin/Release/net8.0/UCR.ECCI.PI.ThemePark.Backend.Domain.Tests.Unit.dll" adapterTypeName="executor://nunit3testexecutor/" className="UCR.ECCI.PI.ThemePark.Backend.Domain.Tests.Unit.LearningComponentTests" name="Constructor_NegativeZCoordinate_ShouldThrowArgumentException" />
    </UnitTest>
    <UnitTest name="Constructor_NegativeHeight_ShouldThrowArgumentException" storage="/workspace/backend.domain.tests.unit/bin/release/net8.0/ucr.ecci.pi.themepark.backend.domain.tests.unit.dll" id="5fb60071-06e3-861b-da94-7a9cf052583a">
      <Execution id="05a47602-6d5c-4eda-9327-62a5f590e9c2" />
      <TestMethod codeBase="/workspace/Backend.Domain.Tests.Unit/bin/Release/net8.0/UCR.ECCI.PI.ThemePark.Backend.Domain.Tests.Unit.dll" adapterTypeName="executor://nunit3testexecutor/" className="UCR.ECCI.PI.ThemePark.Backend.Domain.Tests.Unit.LearningComponentTests" name="Constructor_NegativeHeight_ShouldThrowArgumentException" />
    </UnitTest>
    <UnitTest name="Constructor_NegativeYCoordinate_ShouldThrowArgumentException" storage="/workspace/backend.domain.tests.unit/bin/release/net8.0/ucr.ecci.pi.themepark.backend.domain.tests.unit.dll" id="c576da8f-2576-400f-91eb-b27acc0e0afe">
      <Execution id="38599883-f1b6-44f9-a4f9-c8e1b56ad461" />
      <TestMethod codeBase="/workspace/Backend.Domain.Tests.Unit/bin/Release/net8.0/UCR.ECCI.PI.ThemePark.Backend.Domain.Tests.Unit.dll" adapterTypeName="executor://nunit3testexecutor/" className="UCR.ECCI.PI.ThemePark.Backend.Domain.Tests.Unit.LearningComponentTests" name="Constructor_NegativeYCoordinate_ShouldThrowArgumentException" />
    </UnitTest>
    <UnitTest name="Constructor_InvalidOrientation_ShouldThrowArgumentException" storage="/workspace/backend.domain.tests.unit/bin/release/net8.0/ucr.ecci.pi.themepark.backend.domain.tests.unit.dll" id="fdb9390b-95df-10a4-2d76-2e295a5da612">
      <Execution id="0ea5d07d-f1db-4072-a1af-4efaebf5e0a1" />
      <TestMethod codeBase="/workspace/Backend.Domain.Tests.Unit/bin/Release/net8.0/UCR.ECCI.PI.ThemePark.Backend.Domain.Tests.Unit.dll" adapterTypeName="executor://nunit3testexecutor/" className="UCR.ECCI.PI.ThemePark.Backend.Domain.Tests.Unit.LearningComponentTests" name="Constructor_InvalidOrientation_ShouldThrowArgumentException" />
    </UnitTest>
    <UnitTest name="Constructor_ValidParameters_ShouldCreateEntityWithCorrectProperties" storage="/workspace/backend.domain.tests.unit/bin/release/net8.0/ucr.ecci.pi.themepark.backend.domain.tests.unit.dll" id="dfffdb58-2f6e-2f2b-a779-c2e941199442">
      <Execution id="7d65e7b6-d1c3-46ff-9050-633e30f9d7b4" />
      <TestMethod codeBase="/workspace/Backend.Domain.Tests.Unit/bin/Release/net8.0/UCR.ECCI.PI.ThemePark.Backend.Domain.Tests.Unit.dll" adapterTypeName="executor://nunit3testexecutor/" className="UCR.ECCI.PI.ThemePark.Backend.Domain.Tests.Unit.LearningComponentTests" name="Constructor_ValidParameters_ShouldCreateEntityWithCorrectProperties" />
    </UnitTest>
    <UnitTest name="Constructor_NegativeWidth_ShouldThrowArgumentException" storage="/workspace/backend.domain.tests.unit/bin/release/net8.0/ucr.ecci.pi.themepark.backend.domain.tests.unit.dll" id="b011c789-32f2-c4f5-9be5-b4cdf295e377">
      <Execution id="61729909-7871-4974-80c5-3a1e2c6fe27e" />
      <TestMethod codeBase="/workspace/Backend.Domain.Tests.Unit/bin/Release/net8.0/UCR.ECCI.PI.ThemePark.Backend.Domain.Tests.Unit.dll" adapterTypeName="executor://nunit3testexecutor/" className="UCR.ECCI.PI.ThemePark.Backend.Domain.Tests.Unit.LearningComponentTests" name="Constructor_NegativeWidth_ShouldThrowArgumentException" />
    </UnitTest>
  </TestDefinitions>
  <TestEntries>
    <TestEntry testId="170b0e11-d0e9-46b1-e973-b1f0e67701df" executionId="42af6705-8b48-4e73-8d7a-9614e47edbe2" testListId="8c84fa94-04c1-424b-9868-57a2d4851a1d" />
    <TestEntry testId="5fb60071-06e3-861b-da94-7a9cf052583a" executionId="05a47602-6d5c-4eda-9327-62a5f590e9c2" testListId="8c84fa94-04c1-424b-9868-57a2d4851a1d" />
    <TestEntry testId="a45c7f95-3cd1-544a-ffa1-4a0f2bc34424" executionId="4e7c422e-aa42-426d-87a6-aa24a2bd6fbd" testListId="8c84fa94-04c1-424b-9868-57a2d4851a1d" />
    <TestEntry testId="b011c789-32f2-c4f5-9be5-b4cdf295e377" executionId="61729909-7871-4974-80c5-3a1e2c6fe27e" testListId="8c84fa94-04c1-424b-9868-57a2d4851a1d" />
    <TestEntry testId="079fa4fe-cf69-1875-7b1a-651b5eada9ff" executionId="1bda5627-33c4-436c-b724-d2d1771bfe64" testListId="8c84fa94-04c1-424b-9868-57a2d4851a1d" />
    <TestEntry testId="15ea7b9d-1795-26db-8747-3e176c5991f9" executionId="89870816-3b5d-4cf8-b44c-1a01445b4b3c" testListId="8c84fa94-04c1-424b-9868-57a2d4851a1d" />
    <TestEntry testId="fdb9390b-95df-10a4-2d76-2e295a5da612" executionId="0ea5d07d-f1db-4072-a1af-4efaebf5e0a1" testListId="8c84fa94-04c1-424b-9868-57a2d4851a1d" />
    <TestEntry testId="c576da8f-2576-400f-91eb-b27acc0e0afe" executionId="38599883-f1b6-44f9-a4f9-c8e1b56ad461" testListId="8c84fa94-04c1-424b-9868-57a2d4851a1d" />
    <TestEntry testId="e3c5a60d-7bfc-8381-d434-b1258f2167f7" executionId="7e92f089-3b49-4f67-ad4f-e3ea5cebb1ff" testListId="8c84fa94-04c1-424b-9868-57a2d4851a1d" />
    <TestEntry testId="c8d70fc6-d715-555a-064e-ecaf2aec00b6" executionId="c2c9d970-fde7-4d9b-a909-49b5e6550eef" testListId="8c84fa94-04c1-424b-9868-57a2d4851a1d" />
    <TestEntry testId="14d964e4-ac28-9841-55f7-88f293546d88" executionId="2fce64f5-6ae5-4750-8c22-95ca1670ac56" testListId="8c84fa94-04c1-424b-9868-57a2d4851a1d" />
    <TestEntry testId="dfffdb58-2f6e-2f2b-a779-c2e941199442" executionId="7d65e7b6-d1c3-46ff-9050-633e30f9d7b4" testListId="8c84fa94-04c1-424b-9868-57a2d4851a1d" />
    <TestEntry testId="b30f2ccb-bb17-1e95-965c-c92565a432c4" executionId="651db584-d86b-4248-b3e2-007af19abb23" testListId="8c84fa94-04c1-424b-9868-57a2d4851a1d" />
  </TestEntries>
  <TestLists>
    <TestList name="Results Not in a List" id="8c84fa94-04c1-424b-9868-57a2d4851a1d" />
    <TestList name="All Loaded Results" id="19431567-8539-422a-85d7-44ee4e166bda" />
  </TestLists>
  <ResultSummary outcome="Completed">
    <Counters total="13" executed="13" passed="13" failed="0" error="0" timeout="0" aborted="0" inconclusive="0" passedButRunAborted="0" notRunnable="0" notExecuted="0" disconnected="0" warning="0" completed="0" inProgress="0" pending="0" />
    <Output>
      <StdOut>NUnit Adapter 4.6.0.0: Test execution started
Running all tests in /workspace/Backend.Domain.Tests.Unit/bin/Release/net8.0/UCR.ECCI.PI.ThemePark.Backend.Domain.Tests.Unit.dll
   NUnit3TestExecutor discovered 13 of 13 NUnit test cases using Current Discovery mode, Non-Explicit run
NUnit Adapter 4.6.0.0: Test execution complete
</StdOut>
    </Output>
    <CollectorDataEntries>
      <Collector agentName="0c346f158733" uri="datacollector://microsoft/CoverletCodeCoverage/1.0" collectorDisplayName="XPlat code coverage">
        <UriAttachments>
          <UriAttachment>
            <A href="0c346f158733/coverage.cobertura.xml"></A>
          </UriAttachment>
        </UriAttachments>
      </Collector>
    </CollectorDataEntries>
  </ResultSummary>
</TestRun>