<?xml version="1.0" encoding="utf-8"?>
<TestRun id="dceaa912-afc4-4592-87f6-2e53f7dec8fa" name="@0f89ad315409 2026-10-04 19:31:56" xmlns="http://microsoft.com/schemas/VisualStudio/TeamTest/2010">
  <Times creation="2026-10-04T19:31:56.5773436+00:00" queuing="2026-10-04T19:31:56.5773436+00:00" start="2026-10-04T19:31:56.1392723+00:00" finish="2026-10-04T19:31:56.6858300+00:00" />
  <TestSettings name="default" id="ed3b566f-bf74-47b1-b9db-f3dcaacc2422">
    <Deployment runDeploymentRoot="_0f89ad315409_2026-10-04_19_31_56" />
  </TestSettings>
  <Results>
    <UnitTestResult executionId="4bbc9cc3-31af-4c48-b00d-817a3f52cace" testId="da5b7d07-1d09-5025-84d3-a52d897345a5" testName="Constructor_NegativeDimensionOrCoordinate_ThrowsArgumentException(2.5f,1.5f,0.5f,-1.0f,20.0f,0.0f,&quot;x&quot;)" computerName="0f89ad315409" duration="00:00:00.0000130" startTime="2026-10-04T19:31:56.5357462+00:00" endTime="2026-10-04T19:31:56.5357588+00:00" testType="13cdc9d9-ddb5-4fa4-a97d-d965ccfc6d4b" outcome="Passed" testListId="8c84fa94-04c1-424b-9868-57a2d4851a1d" relativeResultsDirectory="4bbc9cc3-31af-4c48-b00d-817a3f52cace" />
    <UnitTestResult executionId="32d6143c-5f1c-4270-bd78-47133df29e54" testId="df494683-a776-afac-512f-e11fafeb550e" testName="Constructor_ValidParameters_AllPropertiesSetCorrectly" computerName="0f89ad315409" duration="00:00:00.0002650" startTime="2026-10-04T19:31:56.5416845+00:00" endTime="2026-10-04T19:31:56.5419498+00:00" testType="13cdc9d9-ddb5-4fa4-a97d-d965ccfc6d4b" outcome="Passed" testListId="8c84fa94-04c1-424b-9868-57a2d4851a1d" relativeResultsDirectory="32d6143c-5f1c-4270-bd78-47133df29e54" />
    <UnitTestResult executionId="9d9fe8a3-5fb4-477b-a255-a9911da5a924" testId="37a23d08-b33a-f05c-59d4-2d08ee23ebaf" testName="Constructor_InvalidType_ThrowsArgumentException" computerName="0f89ad315409" duration="00:00:00.0004990" startTime="2026-10-04T19:31:56.5387245+00:00" endTime="2026-10-04T19:31:56.5392230+00:00" testType="13cdc9d9-ddb5-4fa4-a97d-d965ccfc6d4b" outcome="Passed" testListId="8c84fa94-04c1-424b-9868-57a2d4851a1d" relativeResultsDirectory="9d9fe8a3-5fb4-477b-a255-a9911da5a924" />
    <UnitTestResult executionId="3662a43c-3997-4863-8125-989d5ffcb68d" testId="cece3570-7ee0-be1c-36ed-7fe330bdcd18" testName="FitsInSpace_YPositionPlusHeightExceedsSpaceHeight_ReturnsFalse" computerName="0f89ad315409" duration="00:00:00.0000210" startTime="2026-10-04T19:31:56.5426019+00:00" endTime="2026-10-04T19:31:56.5426231+00:00" testType="13cdc9d9-ddb5-4fa4-a97d-d965ccfc6d4b" outcome="Passed" testListId="8c84fa94-04c1-424b-9868-57a2d4851a1d" relativeResultsDirectory="3662a43c-3997-4863-8125-989d5ffcb68d" />
    <UnitTestResult executionId="a65a4d2e-6f57-4a7e-af73-7c419e912475" testId="efa130e3-2015-c669-d4b4-5a4df6f86f81" testName="Constructor_InvalidOrientation_ThrowsArgumentException(&quot;Up&quot;)" computerName="0f89ad315409" duration="00:00:00.0000110" startTime="2026-10-04T19:31:56.5408660+00:00" endTime="2026-10-04T19:31:56.5408771+00:00" testType="13cdc9d9-ddb5-4fa4-a97d-d965ccfc6d4b" outcome="Passed" testListId="8c84fa94-04c1-424b-9868-57a2d4851a1d" relativeResultsDirectory="a65a4d2e-6f57-4a7e-af73-7c419e912475" />
    <UnitTestResult executionId="74d3af47-751c-4d1e-a9d3-ddcf110c218b" testId="10b68c74-6ee1-c8ba-af5d-089c989c6b18" testName="Constructor_ZeroPositionCoordinates_AllPositionPropertiesAreZero" computerName="0f89ad315409" duration="00:00:00.0000760" startTime="2026-10-04T19:31:56.5419606+00:00" endTime="2026-10-04T19:31:56.5420370+00:00" testType="13cdc9d9-ddb5-4fa4-a97d-d965ccfc6d4b" outcome="Passed" testListId="8c84fa94-04c1-424b-9868-57a2d4851a1d" relativeResultsDirectory="74d3af47-751c-4d1e-a9d3-ddcf110c218b" />
    <UnitTestResult executionId="0810e4cf-0b76-4d73-8667-f4b6e171b906" testId="5c6358ca-c6dd-194c-d238-d7b69dce7292" testName="Constructor_NegativeDimensionOrCoordinate_ThrowsArgumentException(-1.0f,1.5f,0.1f,1.0f,1.0f,0.0f,&quot;width&quot;)" computerName="0f89ad315409" duration="00:00:00.0003950" startTime="2026-10-04T19:31:56.5408953+00:00" endTime="2026-10-04T19:31:56.5412902+00:00" testType="13cdc9d9-ddb5-4fa4-a97d-d965ccfc6d4b" outcome="Passed" testListId="8c84fa94-04c1-424b-9868-57a2d4851a1d" relativeResultsDirectory="0810e4cf-0b76-4d73-8667-f4b6e171b906" />
    <UnitTestResult executionId="4337541e-7092-4492-a7b5-3fdb8f5ad90b" testId="6905e008-8360-aa94-6076-33a0ad7c8d40" testName="Constructor_NegativeDimensionOrCoordinate_ThrowsArgumentException(2.5f,-1.0f,0.1f,1.0f,1.0f,0.0f,&quot;height&quot;)" computerName="0f89ad315409" duration="00:00:00.0001000" startTime="2026-10-04T19:31:56.5412926+00:00" endTime="2026-10-04T19:31:56.5413925+00:00" testType="13cdc9d9-ddb5-4fa4-a97d-d965ccfc6d4b" outcome="Passed" testListId="8c84fa94-04c1-424b-9868-57a2d4851a1d" relativeResultsDirectory="4337541e-7092-4492-a7b5-3fdb8f5ad90b" />
    <UnitTestResult executionId="289cfb8a-887e-4e47-b7f9-9b2989e59d0a" testId="cf2bf95d-77dc-6b33-02e4-a371ccd138b4" testName="Constructor_NullOrEmptyMarkerColor_ThrowsArgumentException(null)" computerName="0f89ad315409" duration="00:00:00.0001140" startTime="2026-10-04T19:31:56.5414554+00:00" endTime="2026-10-04T19:31:56.5415694+00:00" testType="13cdc9d9-ddb5-4fa4-a97d-d965ccfc6d4b" outcome="Passed" testListId="8c84fa94-04c1-424b-9868-57a2d4851a1d" relativeResultsDirectory="289cfb8a-887e-4e47-b7f9-9b2989e59d0a" />
    <UnitTestResult executionId="2fb5233d-1ad4-4746-a66c-34cf0ed67495" testId="80b278b3-74f6-ad6a-e531-02fd274d6b10" testName="Constructor_WithoutId_NegativeValue_ThrowsArgumentException(1.5f,1.0f,0.5f,-10.0f,5.0f,0.0f,&quot;x&quot;)" computerName="0f89ad315409" duration="00:00:00.0000110" startTime="2026-10-04T19:31:56.5380467+00:00" endTime="2026-10-04T19:31:56.5380580+00:00" testType="13cdc9d9-ddb5-4fa4-a97d-d965ccfc6d4b" outcome="Passed" testListId="8c84fa94-04c1-424b-9868-57a2d4851a1d" relativeResultsDirectory="2fb5233d-1ad4-4746-a66c-34cf0ed67495" />
    <UnitTestResult executionId="fafa6509-44ab-471b-a951-a855066bca25" testId="b37ce8be-5879-21ed-fe83-9d61cb902a19" testName="Constructor_InvalidOrientation_ThrowsArgumentException(&quot;&quot;)" computerName="0f89ad315409" duration="00:00:00.0000090" startTime="2026-10-04T19:31:56.5408787+00:00" endTime="2026-10-04T19:31:56.5408877+00:00" testType="13cdc9d9-ddb5-4fa4-a97d-d965ccfc6d4b" outcome="Passed" testListId="8c84fa94-04c1-424b-9868-57a2d4851a1d" relativeResultsDirectory="fafa6509-44ab-471b-a951-a855066bca25" />
    <UnitTestResult executionId="c0c675b4-acc3-49bf-81b5-78a2c4ed057b" testId="4523bdb5-8513-3aad-2b22-b907b05c774d" testName="Constructor_ValidParameters_AllPropertiesSetCorrectly(&quot;Classroom&quot;,3.0f,8.0f,10.0f)" computerName="0f89ad315409" duration="00:00:00.0008220" startTime="2026-10-04T19:31:56.5393722+00:00" endTime="2026-10-04T19:31:56.5401940+00:00" testType="13cdc9d9-ddb5-4fa4-a97d-d965ccfc6d4b" outcome="Passed" testListId="8c84fa94-04c1-424b-9868-57a2d4851a1d" relativeResultsDirectory="c0c675b4-acc3-49bf-81b5-78a2c4ed057b" />
    <UnitTestResult executionId="84f92c2a-e5a1-45fa-bd7e-151972a383e6" testId="c4ffcdba-79e2-6601-cf2f-6964fe04249c" testName="Constructor_ValidParameters_AllPropertiesSetCorrectly(&quot;Laboratory&quot;,3.5f,12.0f,15.0f)" computerName="0f89ad315409" duration="00:00:00.0000070" startTime="2026-10-04T19:31:56.5402959+00:00" endTime="2026-10-04T19:31:56.5403033+00:00" testType="13cdc9d9-ddb5-4fa4-a97d-d965ccfc6d4b" outcome="Passed" testListId="8c84fa94-04c1-424b-9868-57a2d4851a1d" relativeResultsDirectory="84f92c2a-e5a1-45fa-bd7e-151972a383e6" />
    <UnitTestResult executionId="50cb36e7-590e-4f91-b708-98fb5ab44f53" testId="b35df834-15d1-73ec-3951-976e8865d306" testName="Constructor_NullOrEmptyType_ThrowsArgumentException(&quot;&quot;)" computerName="0f89ad315409" duration="00:00:00.0000500" startTime="2026-10-04T19:31:56.5393132+00:00" endTime="2026-10-04T19:31:56.5393635+00:00" testType="13cdc9d9-ddb5-4fa4-a97d-d965ccfc6d4b" outcome="Passed" testListId="8c84fa94-04c1-424b-9868-57a2d4851a1d" relativeResultsDirectory="50cb36e7-590e-4f91-b708-98fb5ab44f53" />
    <UnitTestResult executionId="36ce7578-85c3-4b15-9c80-c7419d9a1d3d" testId="66e20d4f-da87-34dc-f9b3-f9c8ab20213c" testName="Constructor_ValidOrientation_Succeeds(&quot;South&quot;)" computerName="0f89ad315409" duration="00:00:00.0000360" startTime="2026-10-04T19:31:56.5358734+00:00" endTime="2026-10-04T19:31:56.5359090+00:00" testType="13cdc9d9-ddb5-4fa4-a97d-d965ccfc6d4b" outcome="Passed" testListId="8c84fa94-04c1-424b-9868-57a2d4851a1d" relativeResultsDirectory="36ce7578-85c3-4b15-9c80-c7419d9a1d3d" />
    <UnitTestResult executionId="917a4c5e-92c6-44ce-9f12-1fe8783075c3" testId="bf35cbad-6450-575c-8d8e-e3af31520c7b" testName="Constructor_ZeroValues_AllPropertiesSetCorrectly" computerName="0f89ad315409" duration="00:00:00.0001210" startTime="2026-10-04T19:31:56.5382608+00:00" endTime="2026-10-04T19:31:56.5383814+00:00" testType="13cdc9d9-ddb5-4fa4-a97d-d965ccfc6d4b" outcome="Passed" testListId="8c84fa94-04c1-424b-9868-57a2d4851a1d" relativeResultsDirectory="917a4c5e-92c6-44ce-9f12-1fe8783075c3" />
    <UnitTestResult executionId="0220261d-2fa6-466d-a806-181b605b73ab" testId="bc90e103-b1a6-584e-f9be-1dd51192d743" testName="Constructor_WithoutId_ZeroWidth_ThrowsArgumentException" computerName="0f89ad315409" duration="00:00:00.0000740" startTime="2026-10-04T19:31:56.5381828+00:00" endTime="2026-10-04T19:31:56.5382572+00:00" testType="13cdc9d9-ddb5-4fa4-a97d-d965ccfc6d4b" outcome="Passed" testListId="8c84fa94-04c1-424b-9868-57a2d4851a1d" relativeResultsDirectory="0220261d-2fa6-466d-a806-181b605b73ab" />
    <UnitTestResult executionId="e56bf29d-b267-42fa-9267-a5ce5ca87db5" testId="f7ca179b-8c57-2b04-4768-509874206162" testName="Constructor_ZeroOrNegativeDimension_ThrowsArgumentException(3.0f,-8.0f,10.0f,&quot;Width must be positive and non-zero&quot;)" computerName="0f89ad315409" duration="00:00:00.0000090" startTime="2026-10-04T19:31:56.5404975+00:00" endTime="2026-10-04T19:31:56.5405062+00:00" testType="13cdc9d9-ddb5-4fa4-a97d-d965ccfc6d4b" outcome="Passed" testListId="8c84fa94-04c1-424b-9868-57a2d4851a1d" relativeResultsDirectory="e56bf29d-b267-42fa-9267-a5ce5ca87db5" />
    <UnitTestResult executionId="8af07b57-8e6e-4e6c-a588-e578ae21dc43" testId="ced4b161-f5e4-e06a-bc9c-dafefd396267" testName="Constructor_NegativeDimensionOrCoordinate_ThrowsArgumentException(2.5f,1.5f,-1.0f,1.0f,1.0f,0.0f,&quot;depth&quot;)" computerName="0f89ad315409" duration="00:00:00.0000120" startTime="2026-10-04T19:31:56.5413948+00:00" endTime="2026-10-04T19:31:56.5414063+00:00" testType="13cdc9d9-ddb5-4fa4-a97d-d965ccfc6d4b" outcome="Passed" testListId="8c84fa94-04c1-424b-9868-57a2d4851a1d" relativeResultsDirectory="8af07b57-8e6e-4e6c-a588-e578ae21dc43" />
    <UnitTestResult executionId="0f00e45f-ac73-4f56-85ec-c61f3b6f6916" testId="fe949ad2-8f6d-f471-19f2-2ce372e80dfd" testName="FitsInSpace_HeightExceedsSpaceHeight_ReturnsFalse" computerName="0f89ad315409" duration="00:00:00.0000240" startTime="2026-10-04T19:31:56.5425060+00:00" endTime="2026-10-04T19:31:56.5425300+00:00" testType="13cdc9d9-ddb5-4fa4-a97d-d965ccfc6d4b" outcome="Passed" testListId="8c84fa94-04c1-424b-9868-57a2d4851a1d" relativeResultsDirectory="0f00e45f-ac73-4f56-85ec-c61f3b6f6916" />
    <UnitTestResult executionId="c5967cdb-98bd-483b-8d13-c4c7c96310a0" testId="89db0363-23cc-7e8d-5232-d48f13d267c9" testName="Constructor_ZeroOrNegativeDimension_ThrowsArgumentException(0.0f,8.0f,10.0f,&quot;Height must be positive and non-zero&quot;)" computerName="0f89ad315409" duration="00:00:00.0000940" startTime="2026-10-04T19:31:56.5403127+00:00" endTime="2026-10-04T19:31:56.5404066+00:00" testType="13cdc9d9-ddb5-4fa4-a97d-d965ccfc6d4b" outcome="Passed" testListId="8c84fa94-04c1-424b-9868-57a2d4851a1d" relativeResultsDirectory="c5967cdb-98bd-483b-8d13-c4c7c96310a0" />
    <UnitTestResult executionId="d0188f3c-7fa3-4c00-b041-6a5601277893" testId="ef76fe1d-a64d-3b24-c1e0-9229c61ba659" testName="Constructor_InvalidOrientation_ThrowsArgumentException(&quot;&quot;)" computerName="0f89ad315409" duration="00:00:00.0000160" startTime="2026-10-04T19:31:56.5342345+00:00" endTime="2026-10-04T19:31:56.5342500+00:00" testType="13cdc9d9-ddb5-4fa4-a97d-d965ccfc6d4b" outcome="Passed" testListId="8c84fa94-04c1-424b-9868-57a2d4851a1d" relativeResultsDirectory="d0188f3c-7fa3-4c00-b041-6a5601277893" />
    <UnitTestResult executionId="8991d930-f85f-4c17-a523-d4a8f50c0aff" testId="6cc3e60d-1430-305e-6738-45df4e458412" testName="Constructor_NullOrEmptyType_ThrowsArgumentException(null)" computerName="0f89ad315409" duration="00:00:00.0000770" startTime="2026-10-04T19:31:56.5392344+00:00" endTime="2026-10-04T19:31:56.5393110+00:00" testType="13cdc9d9-ddb5-4fa4-a97d-d965ccfc6d4b" outcome="Passed" testListId="8c84fa94-04c1-424b-9868-57a2d4851a1d" relativeResultsDirectory="8991d930-f85f-4c17-a523-d4a8f50c0aff" />
    <UnitTestResult executionId="487ebf86-7f25-4f08-8ba5-367564a66697" testId="dcb3609b-e444-dcef-6a93-71f2446b5d10" testName="Constructor_ValidOrientation_Succeeds(&quot;West&quot;)" computerName="0f89ad315409" duration="00:00:00.0000020" startTime="2026-10-04T19:31:56.5359148+00:00" endTime="2026-10-04T19:31:56.5359165+00:00" testType="13cdc9d9-ddb5-4fa4-a97d-d965ccfc6d4b" outcome="Passed" testListId="8c84fa94-04c1-424b-9868-57a2d4851a1d" relativeResultsDirectory="487ebf86-7f25-4f08-8ba5-367564a66697" />
    <UnitTestResult executionId="54818e9a-919a-4618-beac-f5dc0260d0c8" testId="da948d43-585e-38f3-0288-6555d4613c30" testName="Constructor_WithoutId_NegativeValue_ThrowsArgumentException(-1.5f,1.0f,0.5f,10.0f,5.0f,0.0f,&quot;width&quot;)" computerName="0f89ad315409" duration="00:00:00.0001050" startTime="2026-10-04T19:31:56.5377770+00:00" endTime="2026-10-04T19:31:56.5378817+00:00" testType="13cdc9d9-ddb5-4fa4-a97d-d965ccfc6d4b" outcome="Passed" testListId="8c84fa94-04c1-424b-9868-57a2d4851a1d" relativeResultsDirectory="54818e9a-919a-4618-beac-f5dc0260d0c8" />
    <UnitTestResult executionId="8246db15-8939-48f8-ac6d-74f5c58ea395" testId="93393633-8f0e-aafa-a978-0f4ca5c45f3f" testName="Constructor_NullOrEmptyMarkerColor_ThrowsArgumentException(&quot;&quot;)" computerName="0f89ad315409" duration="00:00:00.0000370" startTime="2026-10-04T19:31:56.5415716+00:00" endTime="2026-10-04T19:31:56.5416088+00:00" testType="13cdc9d9-ddb5-4fa4-a97d-d965ccfc6d4b" outcome="Passed" testListId="8c84fa94-04c1-424b-9868-57a2d4851a1d" relativeResultsDirectory="8246db15-8939-48f8-ac6d-74f5c58ea395" />
    <UnitTestResult executionId="e8365b36-dbae-4154-8b35-08626cdc959c" testId="2b17bd6e-6b44-c523-71aa-1953336458f3" testName="Constructor_ZeroOrNegativeDimension_ThrowsArgumentException(-3.0f,8.0f,10.0f,&quot;Height must be positive and non-zero&quot;)" computerName="0f89ad315409" duration="00:00:00.0000090" startTime="2026-10-04T19:31:56.5404868+00:00" endTime="2026-10-04T19:31:56.5404959+00:00" testType="13cdc9d9-ddb5-4fa4-a97d-d965ccfc6d4b" outcome="Passed" testListId="8c84fa94-04c1-424b-9868-57a2d4851a1d" relativeResultsDirectory="e8365b36-dbae-4154-8b35-08626cdc959c" />
    <UnitTestResult executionId="eb92a167-8be1-48ae-9568-43df1deec35b" testId="045fd388-162e-f2da-1be3-d0a138f184d2" testName="Constructor_WithoutId_ValidOrientation_Succeeds(&quot;North&quot;)" computerName="0f89ad315409" duration="00:00:00.0000320" startTime="2026-10-04T19:31:56.5381051+00:00" endTime="2026-10-04T19:31:56.5381368+00:00" testType="13cdc9d9-ddb5-4fa4-a97d-d965ccfc6d4b" outcome="Passed" testListId="8c84fa94-04c1-424b-9868-57a2d4851a1d" relativeResultsDirectory="eb92a167-8be1-48ae-9568-43df1deec35b" />
    <UnitTestResult executionId="f22c8572-76f1-4cc1-a810-1c4dacaa2822" testId="782a8177-2d44-02d6-ad5b-591b251d9e55" testName="FitsInSpace_WidthExceedsSpaceWidth_ReturnsFalse" computerName="0f89ad315409" duration="00:00:00.0000210" startTime="2026-10-04T19:31:56.5425790+00:00" endTime="2026-10-04T19:31:56.5426002+00:00" testType="13cdc9d9-ddb5-4fa4-a97d-d965ccfc6d4b" outcome="Passed" testListId="8c84fa94-04c1-424b-9868-57a2d4851a1d" relativeResultsDirectory="f22c8572-76f1-4cc1-a810-1c4dacaa2822" />
    <UnitTestResult executionId="adf01caa-2da7-4162-8c6c-ab6d6d5b5037" testId="193ae1b7-65f4-7a15-d450-b2778719e2c5" testName="Constructor_NegativeDimensionOrCoordinate_ThrowsArgumentException(2.5f,1.5f,0.1f,-1.0f,1.0f,0.0f,&quot;x&quot;)" computerName="0f89ad315409" duration="00:00:00.0000110" startTime="2026-10-04T19:31:56.5414081+00:00" endTime="2026-10-04T19:31:56.5414195+00:00" testType="13cdc9d9-ddb5-4fa4-a97d-d965ccfc6d4b" outcome="Passed" testListId="8c84fa94-04c1-424b-9868-57a2d4851a1d" relativeResultsDirectory="adf01caa-2da7-4162-8c6c-ab6d6d5b5037" />
    <UnitTestResult executionId="a8b49156-5df4-440d-9760-606cca367a1f" testId="fc828bd8-cdc2-a952-f0ad-12bb16788655" testName="Constructor_NegativeDimensionOrCoordinate_ThrowsArgumentException(2.5f,1.5f,0.1f,1.0f,1.0f,-1.0f,&quot;z&quot;)" computerName="0f89ad315409" duration="00:00:00.0000150" startTime="2026-10-04T19:31:56.5414329+00:00" endTime="2026-10-04T19:31:56.5414474+00:00" testType="13cdc9d9-ddb5-4fa4-a97d-d965ccfc6d4b" outcome="Passed" testListId="8c84fa94-04c1-424b-9868-57a2d4851a1d" relativeResultsDirectory="a8b49156-5df4-440d-9760-606cca367a1f" />
    <UnitTestResult executionId="7d980eed-54e0-49d6-a19f-aa5f284804b8" testId="0d596c92-bca4-e6b2-6d5b-5f31519a15d7" testName="Constructor_InvalidOrientation_ThrowsArgumentException(&quot;Northeast&quot;)" computerName="0f89ad315409" duration="00:00:00.0000430" startTime="2026-10-04T19:31:56.5408208+00:00" endTime="2026-10-04T19:31:56.5408640+00:00" testType="13cdc9d9-ddb5-4fa4-a97d-d965ccfc6d4b" outcome="Passed" testListId="8c84fa94-04c1-424b-9868-57a2d4851a1d" relativeResultsDirectory="7d980eed-54e0-49d6-a19f-aa5f284804b8" />
    <UnitTestResult executionId="144c6363-a63c-4e48-9011-e1bf5bebc534" testId="93d82a5b-0a0d-2a04-6e26-77b1e60103da" testName="Constructor_NegativeDimensionOrCoordinate_ThrowsArgumentException(2.5f,-1.0f,0.5f,10.0f,20.0f,0.0f,&quot;height&quot;)" computerName="0f89ad315409" duration="00:00:00.0001450" startTime="2026-10-04T19:31:56.5355824+00:00" endTime="2026-10-04T19:31:56.5357276+00:00" testType="13cdc9d9-ddb5-4fa4-a97d-d965ccfc6d4b" outcome="Passed" testListId="8c84fa94-04c1-424b-9868-57a2d4851a1d" relativeResultsDirectory="144c6363-a63c-4e48-9011-e1bf5bebc534" />
    <UnitTestResult executionId="4c083198-110f-4346-8702-8578e36ce800" testId="b6fcc57f-4ea0-224e-9e96-e9ca21c9558a" testName="FitsInSpace_PositionPlusWidthExceedsSpaceWidth_ReturnsFalse" computerName="0f89ad315409" duration="00:00:00.0000210" startTime="2026-10-04T19:31:56.5425566+00:00" endTime="2026-10-04T19:31:56.5425772+00:00" testType="13cdc9d9-ddb5-4fa4-a97d-d965ccfc6d4b" outcome="Passed" testListId="8c84fa94-04c1-424b-9868-57a2d4851a1d" relativeResultsDirectory="4c083198-110f-4346-8702-8578e36ce800" />
    <UnitTestResult executionId="ebded453-43c2-41d6-9af4-46c0692cce5a" testId="f4aa2b97-bcd6-a23c-e4c9-814f09ef5553" testName="Constructor_WithExplicitComponentId_UsesProvidedId" computerName="0f89ad315409" duration="00:00:00.0000450" startTime="2026-10-04T19:31:56.5371718+00:00" endTime="2026-10-04T19:31:56.5372167+00:00" testType="13cdc9d9-ddb5-4fa4-a97d-d965ccfc6d4b" outcome="Passed" testListId="8c84fa94-04c1-424b-9868-57a2d4851a1d" relativeResultsDirectory="ebded453-43c2-41d6-9af4-46c0692cce5a" />
    <UnitTestResult executionId="6d4c195f-f96f-4c8d-b27b-1630936cb7ab" testId="7d132995-c2f5-c5ac-aa5b-c31eaac5dd1a" testName="FitsInSpace_PositionPlusDepthExceedsSpaceLength_ReturnsFalse" computerName="0f89ad315409" duration="00:00:00.0000220" startTime="2026-10-04T19:31:56.5425322+00:00" endTime="2026-10-04T19:31:56.5425545+00:00" testType="13cdc9d9-ddb5-4fa4-a97d-d965ccfc6d4b" outcome="Passed" testListId="8c84fa94-04c1-424b-9868-57a2d4851a1d" relativeResultsDirectory="6d4c195f-f96f-4c8d-b27b-1630936cb7ab" />
    <UnitTestResult executionId="540e2e2d-a168-4c83-b9d3-2b388a4a6e39" testId="af45f8eb-cd13-2ac7-39f1-13dc9e8836e4" testName="Constructor_ZeroOrNegativeDimension_ThrowsArgumentException(3.0f,8.0f,0.0f,&quot;Length must be positive and non-zero&quot;)" computerName="0f89ad315409" duration="00:00:00.0000120" startTime="2026-10-04T19:31:56.5404727+00:00" endTime="2026-10-04T19:31:56.5404851+00:00" testType="13cdc9d9-ddb5-4fa4-a97d-d965ccfc6d4b" outcome="Passed" testListId="8c84fa94-04c1-424b-9868-57a2d4851a1d" relativeResultsDirectory="540e2e2d-a168-4c83-b9d3-2b388a4a6e39" />
    <UnitTestResult executionId="061c5e34-5564-4903-9108-1e6ae87f9ae5" testId="79f862c8-a8ec-809a-1471-a877243ff451" testName="Constructor_ValidOrientation_Succeeds(&quot;West&quot;)" computerName="0f89ad315409" duration="00:00:00.0000040" startTime="2026-10-04T19:31:56.5416775+00:00" endTime="2026-10-04T19:31:56.5416810+00:00" testType="13cdc9d9-ddb5-4fa4-a97d-d965ccfc6d4b" outcome="Passed" testListId="8c84fa94-04c1-424b-9868-57a2d4851a1d" relativeResultsDirectory="061c5e34-5564-4903-9108-1e6ae87f9ae5" />
    <UnitTestResult executionId="e3fd59e1-edf4-462b-9aa6-92f29ce7c60d" testId="eeaeae93-b0fc-cef0-680a-08324043fed9" testName="Constructor_NegativeDimensionOrCoordinate_ThrowsArgumentException(-1.0f,1.5f,0.5f,10.0f,20.0f,0.0f,&quot;width&quot;)" computerName="0f89ad315409" duration="00:00:00.0008690" startTime="2026-10-04T19:31:56.5347062+00:00" endTime="2026-10-04T19:31:56.5355747+00:00" testType="13cdc9d9-ddb5-4fa4-a97d-d965ccfc6d4b" outcome="Passed" testListId="8c84fa94-04c1-424b-9868-57a2d4851a1d" relativeResultsDirectory="e3fd59e1-edf4-462b-9aa6-92f29ce7c60d" />
    <UnitTestResult executionId="e6ee53ce-c10c-4c0e-b527-857b83c8cfed" testId="87215b1f-52a0-15c6-8688-1ddc9237e386" testName="Constructor_ZeroOrNegativeDimension_ThrowsArgumentException(3.0f,0.0f,10.0f,&quot;Width must be positive and non-zero&quot;)" computerName="0f89ad315409" duration="00:00:00.0000620" startTime="2026-10-04T19:31:56.5404090+00:00" endTime="2026-10-04T19:31:56.5404707+00:00" testType="13cdc9d9-ddb5-4fa4-a97d-d965ccfc6d4b" outcome="Passed" testListId="8c84fa94-04c1-424b-9868-57a2d4851a1d" relativeResultsDirectory="e6ee53ce-c10c-4c0e-b527-857b83c8cfed" />
    <UnitTestResult executionId="f53c9a63-20f4-4835-befa-33a9b2b8225e" testId="24f44a7f-7169-241f-3402-3db52cb2ffca" testName="Constructor_ValidParameters_AllPropertiesSetCorrectly(&quot;Auditorium&quot;,5.0f,15.0f,20.0f)" computerName="0f89ad315409" duration="00:00:00.0000970" startTime="2026-10-04T19:31:56.5401973+00:00" endTime="2026-10-04T19:31:56.5402937+00:00" testType="13cdc9d9-ddb5-4fa4-a97d-d965ccfc6d4b" outcome="Passed" testListId="8c84fa94-04c1-424b-9868-57a2d4851a1d" relativeResultsDirectory="f53c9a63-20f4-4835-befa-33a9b2b8225e" />
    <UnitTestResult executionId="f5021bcc-0111-45c6-8d48-1d76cd64600c" testId="db67830a-82fd-edee-085e-26d9c3d55477" testName="Constructor_WithoutId_NegativeValue_ThrowsArgumentException(1.5f,1.0f,0.5f,10.0f,-5.0f,0.0f,&quot;y&quot;)" computerName="0f89ad315409" duration="00:00:00.0000150" startTime="2026-10-04T19:31:56.5380598+00:00" endTime="2026-10-04T19:31:56.5380745+00:00" testType="13cdc9d9-ddb5-4fa4-a97d-d965ccfc6d4b" outcome="Passed" testListId="8c84fa94-04c1-424b-9868-57a2d4851a1d" relativeResultsDirectory="f5021bcc-0111-45c6-8d48-1d76cd64600c" />
    <UnitTestResult executionId="ff10cb90-a982-4382-bfed-70d630df6540" testId="49d10133-db9b-f2a2-48a0-540fc97566ce" testName="Constructor_WithoutId_NegativeValue_ThrowsArgumentException(1.5f,1.0f,-0.5f,10.0f,5.0f,0.0f,&quot;depth&quot;)" computerName="0f89ad315409" duration="00:00:00.0000160" startTime="2026-10-04T19:31:56.5380285+00:00" endTime="2026-10-04T19:31:56.5380447+00:00" testType="13cdc9d9-ddb5-4fa4-a97d-d965ccfc6d4b" outcome="Passed" testListId="8c84fa94-04c1-424b-9868-57a2d4851a1d" relativeResultsDirectory="ff10cb90-a982-4382-bfed-70d630df6540" />
    <UnitTestResult executionId="d66a0b4a-86cf-45ea-979b-05c03a6a5c58" testId="4ad50ae9-dc0e-095b-4edf-7906424b5cd9" testName="Constructor_InvalidOrientation_ThrowsArgumentException(&quot;North&quot;)" computerName="0f89ad315409" duration="00:00:00.0002520" startTime="2026-10-04T19:31:56.5405662+00:00" endTime="2026-10-04T19:31:56.5408184+00:00" testType="13cdc9d9-ddb5-4fa4-a97d-d965ccfc6d4b" outcome="Passed" testListId="8c84fa94-04c1-424b-9868-57a2d4851a1d" relativeResultsDirectory="d66a0b4a-86cf-45ea-979b-05c03a6a5c58" />
    <UnitTestResult executionId="b1d89d9e-6a6a-46df-9103-7ecf63e2bd2e" testId="773a7674-cea4-ce95-4553-307ee2975b58" testName="Constructor_ZeroOrNegativeDimension_ThrowsArgumentException(3.0f,8.0f,-10.0f,&quot;Length must be positive and non-zero&quot;)" computerName="0f89ad315409" duration="00:00:00.0000090" startTime="2026-10-04T19:31:56.5405096+00:00" endTime="2026-10-04T19:31:56.5405182+00:00" testType="13cdc9d9-ddb5-4fa4-a97d-d965ccfc6d4b" outcome="Passed" testListId="8c84fa94-04c1-424b-9868-57a2d4851a1d" relativeResultsDirectory="b1d89d9e-6a6a-46df-9103-7ecf63e2bd2e" />
    <UnitTestResult executionId="ef6f63b3-a1e7-43df-b8c5-e0e85aa770a4" testId="8014a743-d0e0-a94b-6695-8195b596b639" testName="Constructor_NegativeDimensionOrCoordinate_ThrowsArgumentException(2.5f,1.5f,-1.0f,10.0f,20.0f,0.0f,&quot;depth&quot;)" computerName="0f89ad315409" duration="00:00:00.0000130" startTime="2026-10-04T19:31:56.5357305+00:00" endTime="2026-10-04T19:31:56.5357436+00:00" testType="13cdc9d9-ddb5-4fa4-a97d-d965ccfc6d4b" outcome="Passed" testListId="8c84fa94-04c1-424b-9868-57a2d4851a1d" relativeResultsDirectory="ef6f63b3-a1e7-43df-b8c5-e0e85aa770a4" />
    <UnitTestResult executionId="fb666fc1-59e6-4d77-b521-8cacd5ee8137" testId="38d3adce-f08d-8ad7-ec9e-2bded96b3bec" testName="Constructor_ValidOrientation_Succeeds(&quot;South&quot;)" computerName="0f89ad315409" duration="00:00:00.0000290" startTime="2026-10-04T19:31:56.5416177+00:00" endTime="2026-10-04T19:31:56.5416465+00:00" testType="13cdc9d9-ddb5-4fa4-a97d-d965ccfc6d4b" outcome="Passed" testListId="8c84fa94-04c1-424b-9868-57a2d4851a1d" relativeResultsDirectory="fb666fc1-59e6-4d77-b521-8cacd5ee8137" />
    <UnitTestResult executionId="15101aff-cf34-4bda-871b-026644f9b8df" testId="0b73bda6-e64e-af5d-bb00-2f6fee0375c6" testName="Constructor_ValidOrientation_Succeeds(&quot;East&quot;)" computerName="0f89ad315409" duration="00:00:00.0000030" startTime="2026-10-04T19:31:56.5359108+00:00" endTime="2026-10-04T19:31:56.5359133+00:00" testType="13cdc9d9-ddb5-4fa4-a97d-d965ccfc6d4b" outcome="Passed" testListId="8c84fa94-04c1-424b-9868-57a2d4851a1d" relativeResultsDirectory="15101aff-cf34-4bda-871b-026644f9b8df" />
    <UnitTestResult executionId="c68cb0dc-1fbb-40ef-b1df-4dcfb48a69e7" testId="49e6f4bf-eddc-46d7-9159-124249aa29fb" testName="Constructor_ValidParameters_AllPropertiesSetCorrectly" computerName="0f89ad315409" duration="00:00:00.0012320" startTime="2026-10-04T19:31:56.5359233+00:00" endTime="2026-10-04T19:31:56.5371550+00:00" testType="13cdc9d9-ddb5-4fa4-a97d-d965ccfc6d4b" outcome="Passed" testListId="8c84fa94-04c1-424b-9868-57a2d4851a1d" relativeResultsDirectory="c68cb0dc-1fbb-40ef-b1df-4dcfb48a69e7" />
    <UnitTestResult executionId="5684e660-ebc5-44ae-8a4f-80b640e1bb8f" testId="85194ad9-a4f9-9ec1-a440-f11eeac70c2d" testName="FitsInSpace_DepthExceedsSpaceLength_ReturnsFalse" computerName="0f89ad315409" duration="00:00:00.0002860" startTime="2026-10-04T19:31:56.5420394+00:00" endTime="2026-10-04T19:31:56.5423252+00:00" testType="13cdc9d9-ddb5-4fa4-a97d-d965ccfc6d4b" outcome="Passed" testListId="8c84fa94-04c1-424b-9868-57a2d4851a1d" relativeResultsDirectory="5684e660-ebc5-44ae-8a4f-80b640e1bb8f" />
    <UnitTestResult executionId="d92f5263-ac3d-454c-8a63-60be5c1c31f2" testId="5faa153a-5c85-e022-a01f-0f81d9428cf0" testName="Constructor_WithoutComponentId_AutoGeneratesNonEmptyId" computerName="0f89ad315409" duration="00:00:00.0004300" startTime="2026-10-04T19:31:56.5372197+00:00" endTime="2026-10-04T19:31:56.5376496+00:00" testType="13cdc9d9-ddb5-4fa4-a97d-d965ccfc6d4b" outcome="Passed" testListId="8c84fa94-04c1-424b-9868-57a2d4851a1d" relativeResultsDirectory="d92f5263-ac3d-454c-8a63-60be5c1c31f2" />
    <UnitTestResult executionId="2c1236de-f20c-4075-97d6-b170031d7feb" testId="712e75c1-4f44-d03d-3bd6-74588a0ec907" testName="Constructor_ValidOrientation_Succeeds(&quot;North&quot;)" computerName="0f89ad315409" duration="00:00:00.0000450" startTime="2026-10-04T19:31:56.5358260+00:00" endTime="2026-10-04T19:31:56.5358715+00:00" testType="13cdc9d9-ddb5-4fa4-a97d-d965ccfc6d4b" outcome="Passed" testListId="8c84fa94-04c1-424b-9868-57a2d4851a1d" relativeResultsDirectory="2c1236de-f20c-4075-97d6-b170031d7feb" />
    <UnitTestResult executionId="c94d9e46-d4f3-4f24-aef0-cef1ca26ec52" testId="f4d287aa-3470-6747-e5b8-8b09d16e3d1e" testName="Constructor_InvalidOrientation_ThrowsArgumentException(&quot;Up&quot;)" computerName="0f89ad315409" duration="00:00:00.0001350" startTime="2026-10-04T19:31:56.5340925+00:00" endTime="2026-10-04T19:31:56.5342273+00:00" testType="13cdc9d9-ddb5-4fa4-a97d-d965ccfc6d4b" outcome="Passed" testListId="8c84fa94-04c1-424b-9868-57a2d4851a1d" relativeResultsDirectory="c94d9e46-d4f3-4f24-aef0-cef1ca26ec52" />
    <UnitTestResult executionId="0b8f1b65-6b0e-4e09-bf89-1dbc1e2e9b6a" testId="b1ff01ca-dd50-79c1-1fba-bdf521308631" testName="Constructor_ValidOrientation_Succeeds(&quot;East&quot;)" computerName="0f89ad315409" duration="00:00:00.0000280" startTime="2026-10-04T19:31:56.5416481+00:00" endTime="2026-10-04T19:31:56.5416759+00:00" testType="13cdc9d9-ddb5-4fa4-a97d-d965ccfc6d4b" outcome="Passed" testListId="8c84fa94-04c1-424b-9868-57a2d4851a1d" relativeResultsDirectory="0b8f1b65-6b0e-4e09-bf89-1dbc1e2e9b6a" />
    <UnitTestResult executionId="8548091d-0ae8-499c-9b12-633b1fdf8429" testId="f5e5df1f-3714-b981-7805-2dacbb6a4e49" testName="Constructor_WithoutId_NegativeValue_ThrowsArgumentException(1.5f,-1.0f,0.5f,10.0f,5.0f,0.0f,&quot;height&quot;)" computerName="0f89ad315409" duration="00:00:00.0001420" startTime="2026-10-04T19:31:56.5378844+00:00" endTime="2026-10-04T19:31:56.5380258+00:00" testType="13cdc9d9-ddb5-4fa4-a97d-d965ccfc6d4b" outcome="Passed" testListId="8c84fa94-04c1-424b-9868-57a2d4851a1d" relativeResultsDirectory="8548091d-0ae8-499c-9b12-633b1fdf8429" />
    <UnitTestResult executionId="739c3f7f-36fa-4907-9b8c-1933929869f6" testId="21889978-3419-fd82-a584-f4195baf544b" testName="FitsInSpace_DimensionsFitWithinSpace_ReturnsTrue" computerName="0f89ad315409" duration="00:00:00.0000330" startTime="2026-10-04T19:31:56.5424702+00:00" endTime="2026-10-04T19:31:56.5425036+00:00" testType="13cdc9d9-ddb5-4fa4-a97d-d965ccfc6d4b" outcome="Passed" testListId="8c84fa94-04c1-424b-9868-57a2d4851a1d" relativeResultsDirectory="739c3f7f-36fa-4907-9b8c-1933929869f6" />
    <UnitTestResult executionId="0b6a446c-0112-41f7-8f41-ea458bd0160a" testId="9ff1b0c0-9467-5a74-d038-39671ca6eb6d" testName="Constructor_NegativeDimensionOrCoordinate_ThrowsArgumentException(2.5f,1.5f,0.5f,10.0f,-1.0f,0.0f,&quot;y&quot;)" computerName="0f89ad315409" duration="00:00:00.0000100" startTime="2026-10-04T19:31:56.5357607+00:00" endTime="2026-10-04T19:31:56.5357702+00:00" testType="13cdc9d9-ddb5-4fa4-a97d-d965ccfc6d4b" outcome="Passed" testListId="8c84fa94-04c1-424b-9868-57a2d4851a1d" relativeResultsDirectory="0b6a446c-0112-41f7-8f41-ea458bd0160a" />
    <UnitTestResult executionId="dce78b1e-ff71-45a6-921c-4883963a84d1" testId="fe561de2-37ce-e7c4-3f17-a606bcddcf56" testName="Constructor_WithoutId_InvalidOrientation_ThrowsArgumentException" computerName="0f89ad315409" duration="00:00:00.0001100" startTime="2026-10-04T19:31:56.5376536+00:00" endTime="2026-10-04T19:31:56.5377635+00:00" testType="13cdc9d9-ddb5-4fa4-a97d-d965ccfc6d4b" outcome="Passed" testListId="8c84fa94-04c1-424b-9868-57a2d4851a1d" relativeResultsDirectory="dce78b1e-ff71-45a6-921c-4883963a84d1" />
    <UnitTestResult executionId="fd30420a-d357-4caf-b8bf-00d8715052ac" testId="371423d9-378e-3e9e-ae84-d2f1dc4fd399" testName="Constructor_WithoutId_NegativeValue_ThrowsArgumentException(1.5f,1.0f,0.5f,10.0f,5.0f,-1.0f,&quot;z&quot;)" computerName="0f89ad315409" duration="00:00:00.0000100" startTime="2026-10-04T19:31:56.5380763+00:00" endTime="2026-10-04T19:31:56.5380866+00:00" testType="13cdc9d9-ddb5-4fa4-a97d-d965ccfc6d4b" outcome="Passed" testListId="8c84fa94-04c1-424b-9868-57a2d4851a1d" relativeResultsDirectory="fd30420a-d357-4caf-b8bf-00d8715052ac" />
    <UnitTestResult executionId="3dbf00c3-571d-4225-9de7-61c8381665b2" testId="df6dc8d8-0503-30fc-53ce-21e3af9e68b9" testName="FitsInSpace_DimensionsExactlyMatchSpace_ReturnsTrue" computerName="0f89ad315409" duration="00:00:00.0001310" startTime="2026-10-04T19:31:56.5423352+00:00" endTime="2026-10-04T19:31:56.5424663+00:00" testType="13cdc9d9-ddb5-4fa4-a97d-d965ccfc6d4b" outcome="Passed" testListId="8c84fa94-04c1-424b-9868-57a2d4851a1d" relativeResultsDirectory="3dbf00c3-571d-4225-9de7-61c8381665b2" />
    <UnitTestResult executionId="4020a226-d3e9-4c58-a20a-a8d076b0cc9e" testId="189d631a-f57b-d321-a594-eaa138350283" testName="Constructor_WithoutId_ValidOrientation_Succeeds(&quot;South&quot;)" computerName="0f89ad315409" duration="00:00:00.0000300" startTime="2026-10-04T19:31:56.5381387+00:00" endTime="2026-10-04T19:31:56.5381684+00:00" testType="13cdc9d9-ddb5-4fa4-a97d-d965ccfc6d4b" outcome="Passed" testListId="8c84fa94-04c1-424b-9868-57a2d4851a1d" relativeResultsDirectory="4020a226-d3e9-4c58-a20a-a8d076b0cc9e" />
    <UnitTestResult executionId="c6c50294-5001-448f-bdc8-9cccfcab1d6c" testId="3ebaf196-971e-5e86-e7d7-5b6a237895a3" testName="Constructor_WithoutId_ValidOrientation_Succeeds(&quot;West&quot;)" computerName="0f89ad315409" duration="00:00:00.0000020" startTime="2026-10-04T19:31:56.5381758+00:00" endTime="2026-10-04T19:31:56.5381780+00:00" testType="13cdc9d9-ddb5-4fa4-a97d-d965ccfc6d4b" outcome="Passed" testListId="8c84fa94-04c1-424b-9868-57a2d4851a1d" relativeResultsDirectory="c6c50294-5001-448f-bdc8-9cccfcab1d6c" />
    <UnitTestResult executionId="a816ec22-1350-4943-ac96-57eefbff48d3" testId="71255277-a179-6996-5fa5-0ce822a9b649" testName="Constructor_NegativeDimensionOrCoordinate_ThrowsArgumentException(2.5f,1.5f,0.1f,1.0f,-1.0f,0.0f,&quot;y&quot;)" computerName="0f89ad315409" duration="00:00:00.0000100" startTime="2026-10-04T19:31:56.5414211+00:00" endTime="2026-10-04T19:31:56.5414313+00:00" testType="13cdc9d9-ddb5-4fa4-a97d-d965ccfc6d4b" outcome="Passed" testListId="8c84fa94-04c1-424b-9868-57a2d4851a1d" relativeResultsDirectory="a816ec22-1350-4943-ac96-57eefbff48d3" />
    <UnitTestResult executionId="8b39face-da04-4bc3-8fbf-b717d787f3f2" testId="17c4050b-65da-be31-39cb-a1d573f09cae" testName="Constructor_NegativeDimensionOrCoordinate_ThrowsArgumentException(2.5f,1.5f,0.5f,10.0f,20.0f,-1.0f,&quot;z&quot;)" computerName="0f89ad315409" duration="00:00:00.0000110" startTime="2026-10-04T19:31:56.5357718+00:00" endTime="2026-10-04T19:31:56.5357827+00:00" testType="13cdc9d9-ddb5-4fa4-a97d-d965ccfc6d4b" outcome="Passed" testListId="8c84fa94-04c1-424b-9868-57a2d4851a1d" relativeResultsDirectory="8b39face-da04-4bc3-8fbf-b717d787f3f2" />
    <UnitTestResult executionId="1f36d8ce-4471-43b4-954a-5bd8c9f25f93" testId="5c1f4304-575c-f17a-5da4-a2438aa453fb" testName="Constructor_InvalidOrientation_ThrowsArgumentException(&quot;Northeast&quot;)" computerName="0f89ad315409" duration="00:00:00.0041110" startTime="2026-10-04T19:31:56.5294256+00:00" endTime="2026-10-04T19:31:56.5335113+00:00" testType="13cdc9d9-ddb5-4fa4-a97d-d965ccfc6d4b" outcome="Passed" testListId="8c84fa94-04c1-424b-9868-57a2d4851a1d" relativeResultsDirectory="1f36d8ce-4471-43b4-954a-5bd8c9f25f93" />
    <UnitTestResult executionId="4d6ba93e-3fb9-4bce-8b66-7eb3f636057f" testId="9b2f698b-cedb-6de3-f50d-f1382d9df2f8" testName="Constructor_WithoutId_ValidOrientation_Succeeds(&quot;East&quot;)" computerName="0f89ad315409" duration="00:00:00.0000040" startTime="2026-10-04T19:31:56.5381701+00:00" endTime="2026-10-04T19:31:56.5381743+00:00" testType="13cdc9d9-ddb5-4fa4-a97d-d965ccfc6d4b" outcome="Passed" testListId="8c84fa94-04c1-424b-9868-57a2d4851a1d" relativeResultsDirectory="4d6ba93e-3fb9-4bce-8b66-7eb3f636057f" />
  </Results>
  <TestDefinitions>
    <UnitTest name="Constructor_NegativeDimensionOrCoordinate_ThrowsArgumentException(-1.0f,1.5f,0.5f,10.0f,20.0f,0.0f,&quot;width&quot;)" storage="/workspace/backend.domain.tests.unit/bin/release/net8.0/ucr.ecci.pi.themepark.backend.domain.tests.unit.dll" id="eeaeae93-b0fc-cef0-680a-08324043fed9">
      <Execution id="e3fd59e1-edf4-462b-9aa6-92f29ce7c60d" />
      <TestMethod codeBase="/workspace/Backend.Domain.Tests.Unit/bin/Release/net8.0/UCR.ECCI.PI.ThemePark.Backend.Domain.Tests.Unit.dll" adapterTypeName="executor://nunit3testexecutor/" className="UCR.ECCI.PI.ThemePark.Backend.Domain.Tests.Unit.LearningComponentTests" name="Constructor_NegativeDimensionOrCoordinate_ThrowsArgumentException(-1.0f,1.5f,0.5f,10.0f,20.0f,0.0f,&quot;width&quot;)" />
    </UnitTest>
    <UnitTest name="Constructor_WithoutId_NegativeValue_ThrowsArgumentException(-1.5f,1.0f,0.5f,10.0f,5.0f,0.0f,&quot;width&quot;)" storage="/workspace/backend.domain.tests.unit/bin/release/net8.0/ucr.ecci.pi.themepark.backend.domain.tests.unit.dll" id="da948d43-585e-38f3-0288-6555d4613c30">
      <Execution id="54818e9a-919a-4618-beac-f5dc0260d0c8" />
      <TestMethod codeBase="/workspace/Backend.Domain.Tests.Unit/bin/Release/net8.0/UCR.ECCI.PI.ThemePark.Backend.Domain.Tests.Unit.dll" adapterTypeName="executor://nunit3testexecutor/" className="UCR.ECCI.PI.ThemePark.Backend.Domain.Tests.Unit.LearningComponentTests" name="Constructor_WithoutId_NegativeValue_ThrowsArgumentException(-1.5f,1.0f,0.5f,10.0f,5.0f,0.0f,&quot;width&quot;)" />
    </UnitTest>
    <UnitTest name="FitsInSpace_PositionPlusWidthExceedsSpaceWidth_ReturnsFalse" storage="/workspace/backend.domain.tests.unit/bin/release/net8.0/ucr.ecci.pi.themepark.backend.domain.tests.unit.dll" id="b6fcc57f-4ea0-224e-9e96-e9ca21c9558a">
      <Execution id="4c083198-110f-4346-8702-8578e36ce800" />
      <TestMethod codeBase="/workspace/Backend.Domain.Tests.Unit/bin/Release/net8.0/UCR.ECCI.PI.ThemePark.Backend.Domain.Tests.Unit.dll" adapterTypeName="executor://nunit3testexecutor/" className="UCR.ECCI.PI.ThemePark.Backend.Domain.Tests.Unit.WhiteboardTests" name="FitsInSpace_PositionPlusWidthExceedsSpaceWidth_ReturnsFalse" />
    </UnitTest>
    <UnitTest name="Constructor_WithoutId_NegativeValue_ThrowsArgumentException(1.5f,1.0f,0.5f,10.0f,5.0f,-1.0f,&quot;z&quot;)" storage="/workspace/backend.domain.tests.unit/bin/release/net8.0/ucr.ecci.pi.themepark.backend.domain.tests.unit.dll" id="371423d9-378e-3e9e-ae84-d2f1dc4fd399">
      <Execution id="fd30420a-d357-4caf-b8bf-00d8715052ac" />
      <TestMethod codeBase="/workspace/Backend.Domain.Tests.Unit/bin/Release/net8.0/UCR.ECCI.PI.ThemePark.Backend.Domain.Tests.Unit.dll" adapterTypeName="executor://nunit3testexecutor/" className="UCR.ECCI.PI.ThemePark.Backend.Domain.Tests.Unit.LearningComponentTests" name="Constructor_WithoutId_NegativeValue_ThrowsArgumentException(1.5f,1.0f,0.5f,10.0f,5.0f,-1.0f,&quot;z&quot;)" />
    </UnitTest>
    <UnitTest name="Constructor_WithoutId_ZeroWidth_ThrowsArgumentException" storage="/workspace/backend.domain.tests.unit/bin/release/net8.0/ucr.ecci.pi.themepark.backend.domain.tests.unit.dll" id="bc90e103-b1a6-584e-f9be-1dd51192d743">
      <Execution id="0220261d-2fa6-466d-a806-181b605b73ab" />
      <TestMethod codeBase="/workspace/Backend.Domain.Tests.Unit/bin/Release/net8.0/UCR.ECCI.PI.ThemePark.Backend.Domain.Tests.Unit.dll" adapterTypeName="executor://nunit3testexecutor/" className="UCR.ECCI.PI.ThemePark.Backend.Domain.Tests.Unit.LearningComponentTests" name="Constructor_WithoutId_ZeroWidth_ThrowsArgumentException" />
    </UnitTest>
    <UnitTest name="Constructor_WithoutId_InvalidOrientation_ThrowsArgumentException" storage="/workspace/backend.domain.tests.unit/bin/release/net8.0/ucr.ecci.pi.themepark.backend.domain.tests.unit.dll" id="fe561de2-37ce-e7c4-3f17-a606bcddcf56">
      <Execution id="dce78b1e-ff71-45a6-921c-4883963a84d1" />
      <TestMethod codeBase="/workspace/Backend.Domain.Tests.Unit/bin/Release/net8.0/UCR.ECCI.PI.ThemePark.Backend.Domain.Tests.Unit.dll" adapterTypeName="executor://nunit3testexecutor/" className="UCR.ECCI.PI.ThemePark.Backend.Domain.Tests.Unit.LearningComponentTests" name="Constructor_WithoutId_InvalidOrientation_ThrowsArgumentException" />
    </UnitTest>
    <UnitTest name="Constructor_InvalidOrientation_ThrowsArgumentException(&quot;North&quot;)" storage="/workspace/backend.domain.tests.unit/bin/release/net8.0/ucr.ecci.pi.themepark.backend.domain.tests.unit.dll" id="4ad50ae9-dc0e-095b-4edf-7906424b5cd9">
      <Execution id="d66a0b4a-86cf-45ea-979b-05c03a6a5c58" />
      <TestMethod codeBase="/workspace/Backend.Domain.Tests.Unit/bin/Release/net8.0/UCR.ECCI.PI.ThemePark.Backend.Domain.Tests.Unit.dll" adapterTypeName="executor://nunit3testexecutor/" className="UCR.ECCI.PI.ThemePark.Backend.Domain.Tests.Unit.WhiteboardTests" name="Constructor_InvalidOrientation_ThrowsArgumentException(&quot;North&quot;)" />
    </UnitTest>
    <UnitTest name="Constructor_WithExplicitComponentId_UsesProvidedId" storage="/workspace/backend.domain.tests.unit/bin/release/net8.0/ucr.ecci.pi.themepark.backend.domain.tests.unit.dll" id="f4aa2b97-bcd6-a23c-e4c9-814f09ef5553">
      <Execution id="ebded453-43c2-41d6-9af4-46c0692cce5a" />
      <TestMethod codeBase="/workspace/Backend.Domain.Tests.Unit/bin/Release/net8.0/UCR.ECCI.PI.ThemePark.Backend.Domain.Tests.Unit.dll" adapterTypeName="executor://nunit3testexecutor/" className="UCR.ECCI.PI.ThemePark.Backend.Domain.Tests.Unit.LearningComponentTests" name="Constructor_WithExplicitComponentId_UsesProvidedId" />
    </UnitTest>
    <UnitTest name="Constructor_NullOrEmptyType_ThrowsArgumentException(null)" storage="/workspace/backend.domain.tests.unit/bin/release/net8.0/ucr.ecci.pi.themepark.backend.domain.tests.unit.dll" id="6cc3e60d-1430-305e-6738-45df4e458412">
      <Execution id="8991d930-f85f-4c17-a523-d4a8f50c0aff" />
      <TestMethod codeBase="/workspace/Backend.Domain.Tests.Unit/bin/Release/net8.0/UCR.ECCI.PI.ThemePark.Backend.Domain.Tests.Unit.dll" adapterTypeName="executor://nunit3testexecutor/" className="UCR.ECCI.PI.ThemePark.Backend.Domain.Tests.Unit.LearningSpaceTests" name="Constructor_NullOrEmptyType_ThrowsArgumentException(null)" />
    </UnitTest>
    <UnitTest name="Constructor_ValidOrientation_Succeeds(&quot;West&quot;)" storage="/workspace/backend.domain.tests.unit/bin/release/net8.0/ucr.ecci.pi.themepark.backend.domain.tests.unit.dll" id="dcb3609b-e444-dcef-6a93-71f2446b5d10">
      <Execution id="487ebf86-7f25-4f08-8ba5-367564a66697" />
      <TestMethod codeBase="/workspace/Backend.Domain.Tests.Unit/bin/Release/net8.0/UCR.ECCI.PI.ThemePark.Backend.Domain.Tests.Unit.dll" adapterTypeName="executor://nunit3testexecutor/" className="UCR.ECCI.PI.ThemePark.Backend.Domain.Tests.Unit.LearningComponentTests" name="Constructor_ValidOrientation_Succeeds(&quot;West&quot;)" />
    </UnitTest>
    <UnitTest name="Constructor_NegativeDimensionOrCoordinate_ThrowsArgumentException(2.5f,1.5f,-1.0f,1.0f,1.0f,0.0f,&quot;depth&quot;)" storage="/workspace/backend.domain.tests.unit/bin/release/net8.0/ucr.ecci.pi.themepark.backend.domain.tests.unit.dll" id="ced4b161-f5e4-e06a-bc9c-dafefd396267">
      <Execution id="8af07b57-8e6e-4e6c-a588-e578ae21dc43" />
      <TestMethod codeBase="/workspace/Backend.Domain.Tests.Unit/bin/Release/net8.0/UCR.ECCI.PI.ThemePark.Backend.Domain.Tests.Unit.dll" adapterTypeName="executor://nunit3testexecutor/" className="UCR.ECCI.PI.ThemePark.Backend.Domain.Tests.Unit.WhiteboardTests" name="Constructor_NegativeDimensionOrCoordinate_ThrowsArgumentException(2.5f,1.5f,-1.0f,1.0f,1.0f,0.0f,&quot;depth&quot;)" />
    </UnitTest>
    <UnitTest name="Constructor_NegativeDimensionOrCoordinate_ThrowsArgumentException(2.5f,1.5f,0.5f,10.0f,20.0f,-1.0f,&quot;z&quot;)" storage="/workspace/backend.domain.tests.unit/bin/release/net8.0/ucr.ecci.pi.themepark.backend.domain.tests.unit.dll" id="17c4050b-65da-be31-39cb-a1d573f09cae">
      <Execution id="8b39face-da04-4bc3-8fbf-b717d787f3f2" />
      <TestMethod codeBase="/workspace/Backend.Domain.Tests.Unit/bin/Release/net8.0/UCR.ECCI.PI.ThemePark.Backend.Domain.Tests.Unit.dll" adapterTypeName="executor://nunit3testexecutor/" className="UCR.ECCI.PI.ThemePark.Backend.Domain.Tests.Unit.LearningComponentTests" name="Constructor_NegativeDimensionOrCoordinate_ThrowsArgumentException(2.5f,1.5f,0.5f,10.0f,20.0f,-1.0f,&quot;z&quot;)" />
    </UnitTest>
    <UnitTest name="Constructor_NullOrEmptyMarkerColor_ThrowsArgumentException(&quot;&quot;)" storage="/workspace/backend.domain.tests.unit/bin/release/net8.0/ucr.ecci.pi.themepark.backend.domain.tests.unit.dll" id="93393633-8f0e-aafa-a978-0f4ca5c45f3f">
      <Execution id="8246db15-8939-48f8-ac6d-74f5c58ea395" />
      <TestMethod codeBase="/workspace/Backend.Domain.Tests.Unit/bin/Release/net8.0/UCR.ECCI.PI.ThemePark.Backend.Domain.Tests.Unit.dll" adapterTypeName="executor://nunit3testexecutor/" className="UCR.ECCI.PI.ThemePark.Backend.Domain.Tests.Unit.WhiteboardTests" name="Constructor_NullOrEmptyMarkerColor_ThrowsArgumentException(&quot;&quot;)" />
    </UnitTest>
    <UnitTest name="Constructor_WithoutId_ValidOrientation_Succeeds(&quot;West&quot;)" storage="/workspace/backend.domain.tests.unit/bin/release/net8.0/ucr.ecci.pi.themepark.backend.domain.tests.unit.dll" id="3ebaf196-971e-5e86-e7d7-5b6a237895a3">
      <Execution id="c6c50294-5001-448f-bdc8-9cccfcab1d6c" />
      <TestMethod codeBase="/workspace/Backend.Domain.Tests.Unit/bin/Release/net8.0/UCR.ECCI.PI.ThemePark.Backend.Domain.Tests.Unit.dll" adapterTypeName="executor://nunit3testexecutor/" className="UCR.ECCI.PI.ThemePark.Backend.Domain.Tests.Unit.LearningComponentTests" name="Constructor_WithoutId_ValidOrientation_Succeeds(&quot;West&quot;)" />
    </UnitTest>
    <UnitTest name="Constructor_WithoutId_NegativeValue_ThrowsArgumentException(1.5f,-1.0f,0.5f,10.0f,5.0f,0.0f,&quot;height&quot;)" storage="/workspace/backend.domain.tests.unit/bin/release/net8.0/ucr.ecci.pi.themepark.backend.domain.tests.unit.dll" id="f5e5df1f-3714-b981-7805-2dacbb6a4e49">
      <Execution id="8548091d-0ae8-499c-9b12-633b1fdf8429" />
      <TestMethod codeBase="/workspace/Backend.Domain.Tests.Unit/bin/Release/net8.0/UCR.ECCI.PI.ThemePark.Backend.Domain.Tests.Unit.dll" adapterTypeName="executor://nunit3testexecutor/" className="UCR.ECCI.PI.ThemePark.Backend.Domain.Tests.Unit.LearningComponentTests" name="Constructor_WithoutId_NegativeValue_ThrowsArgumentException(1.5f,-1.0f,0.5f,10.0f,5.0f,0.0f,&quot;height&quot;)" />
    </UnitTest>
    <UnitTest name="Constructor_InvalidOrientation_ThrowsArgumentException(&quot;Up&quot;)" storage="/workspace/backend.domain.tests.unit/bin/release/net8.0/ucr.ecci.pi.themepark.backend.domain.tests.unit.dll" id="f4d287aa-3470-6747-e5b8-8b09d16e3d1e">
      <Execution id="c94d9e46-d4f3-4f24-aef0-cef1ca26ec52" />
      <TestMethod codeBase="/workspace/Backend.Domain.Tests.Unit/bin/Release/net8.0/UCR.ECCI.PI.ThemePark.Backend.Domain.Tests.Unit.dll" adapterTypeName="executor://nunit3testexecutor/" className="UCR.ECCI.PI.ThemePark.Backend.Domain.Tests.Unit.LearningComponentTests" name="Constructor_InvalidOrientation_ThrowsArgumentException(&quot;Up&quot;)" />
    </UnitTest>
    <UnitTest name="FitsInSpace_YPositionPlusHeightExceedsSpaceHeight_ReturnsFalse" storage="/workspace/backend.domain.tests.unit/bin/release/net8.0/ucr.ecci.pi.themepark.backend.domain.tests.unit.dll" id="cece3570-7ee0-be1c-36ed-7fe330bdcd18">
      <Execution id="3662a43c-3997-4863-8125-989d5ffcb68d" />
      <TestMethod codeBase="/workspace/Backend.Domain.Tests.Unit/bin/Release/net8.0/UCR.ECCI.PI.ThemePark.Backend.Domain.Tests.Unit.dll" adapterTypeName="executor://nunit3testexecutor/" className="UCR.ECCI.PI.ThemePark.Backend.Domain.Tests.Unit.WhiteboardTests" name="FitsInSpace_YPositionPlusHeightExceedsSpaceHeight_ReturnsFalse" />
    </UnitTest>
    <UnitTest name="Constructor_NegativeDimensionOrCoordinate_ThrowsArgumentException(2.5f,1.5f,0.1f,-1.0f,1.0f,0.0f,&quot;x&quot;)" storage="/workspace/backend.domain.tests.unit/bin/release/net8.0/ucr.ecci.pi.themepark.backend.domain.tests.unit.dll" id="193ae1b7-65f4-7a15-d450-b2778719e2c5">
      <Execution id="adf01caa-2da7-4162-8c6c-ab6d6d5b5037" />
      <TestMethod codeBase="/workspace/Backend.Domain.Tests.Unit/bin/Release/net8.0/UCR.ECCI.PI.ThemePark.Backend.Domain.Tests.Unit.dll" adapterTypeName="executor://nunit3testexecutor/" className="UCR.ECCI.PI.ThemePark.Backend.Domain.Tests.Unit.WhiteboardTests" name="Constructor_NegativeDimensionOrCoordinate_ThrowsArgumentException(2.5f,1.5f,0.1f,-1.0f,1.0f,0.0f,&quot;x&quot;)" />
    </UnitTest>
    <UnitTest name="Constructor_InvalidOrientation_ThrowsArgumentException(&quot;&quot;)" storage="/workspace/backend.domain.tests.unit/bin/release/net8.0/ucr.ecci.pi.themepark.backend.domain.tests.unit.dll" id="b37ce8be-5879-21ed-fe83-9d61cb902a19">
      <Execution id="fafa6509-44ab-471b-a951-a855066bca25" />
      <TestMethod codeBase="/workspace/Backend.Domain.Tests.Unit/bin/Release/net8.0/UCR.ECCI.PI.ThemePark.Backend.Domain.Tests.Unit.dll" adapterTypeName="executor://nunit3testexecutor/" className="UCR.ECCI.PI.ThemePark.Backend.Domain.Tests.Unit.WhiteboardTests" name="Constructor_InvalidOrientation_ThrowsArgumentException(&quot;&quot;)" />
    </UnitTest>
    <UnitTest name="Constructor_ZeroValues_AllPropertiesSetCorrectly" storage="/workspace/backend.domain.tests.unit/bin/release/net8.0/ucr.ecci.pi.themepark.backend.domain.tests.unit.dll" id="bf35cbad-6450-575c-8d8e-e3af31520c7b">
      <Execution id="917a4c5e-92c6-44ce-9f12-1fe8783075c3" />
      <TestMethod codeBase="/workspace/Backend.Domain.Tests.Unit/bin/Release/net8.0/UCR.ECCI.PI.ThemePark.Backend.Domain.Tests.Unit.dll" adapterTypeName="executor://nunit3testexecutor/" className="UCR.ECCI.PI.ThemePark.Backend.Domain.Tests.Unit.LearningComponentTests" name="Constructor_ZeroValues_AllPropertiesSetCorrectly" />
    </UnitTest>
    <UnitTest name="Constructor_ValidParameters_AllPropertiesSetCorrectly" storage="/workspace/backend.domain.tests.unit/bin/release/net8.0/ucr.ecci.pi.themepark.backend.domain.tests.unit.dll" id="df494683-a776-afac-512f-e11fafeb550e">
      <Execution id="32d6143c-5f1c-4270-bd78-47133df29e54" />
      <TestMethod codeBase="/workspace/Backend.Domain.Tests.Unit/bin/Release/net8.0/UCR.ECCI.PI.ThemePark.Backend.Domain.Tests.Unit.dll" adapterTypeName="executor://nunit3testexecutor/" className="UCR.ECCI.PI.ThemePark.Backend.Domain.Tests.Unit.WhiteboardTests" name="Constructor_ValidParameters_AllPropertiesSetCorrectly" />
    </UnitTest>
    <UnitTest name="Constructor_ValidParameters_AllPropertiesSetCorrectly(&quot;Auditorium&quot;,5.0f,15.0f,20.0f)" storage="/workspace/backend.domain.tests.unit/bin/release/net8.0/ucr.ecci.pi.themepark.backend.domain.tests.unit.dll" id="24f44a7f-7169-241f-3402-3db52cb2ffca">
      <Execution id="f53c9a63-20f4-4835-befa-33a9b2b8225e" />
      <TestMethod codeBase="/workspace/Backend.Domain.Tests.Unit/bin/Release/net8.0/UCR.ECCI.PI.ThemePark.Backend.Domain.Tests.Unit.dll" adapterTypeName="executor://nunit3testexecutor/" className="UCR.ECCI.PI.ThemePark.Backend.Domain.Tests.Unit.LearningSpaceTests" name="Constructor_ValidParameters_AllPropertiesSetCorrectly(&quot;Auditorium&quot;,5.0f,15.0f,20.0f)" />
    </UnitTest>
    <UnitTest name="Constructor_WithoutId_ValidOrientation_Succeeds(&quot;East&quot;)" storage="/workspace/backend.domain.tests.unit/bin/release/net8.0/ucr.ecci.pi.themepark.backend.domain.tests.unit.dll" id="9b2f698b-cedb-6de3-f50d-f1382d9df2f8">
      <Execution id="4d6ba93e-3fb9-4bce-8b66-7eb3f636057f" />
      <TestMethod codeBase="/workspace/Backend.Domain.Tests.Unit/bin/Release/net8.0/UCR.ECCI.PI.ThemePark.Backend.Domain.Tests.Unit.dll" adapterTypeName="executor://nunit3testexecutor/" className="UCR.ECCI.PI.ThemePark.Backend.Domain.Tests.Unit.LearningComponentTests" name="Constructor_WithoutId_ValidOrientation_Succeeds(&quot;East&quot;)" />
    </UnitTest>
    <UnitTest name="Constructor_NegativeDimensionOrCoordinate_ThrowsArgumentException(2.5f,-1.0f,0.1f,1.0f,1.0f,0.0f,&quot;height&quot;)" storage="/workspace/backend.domain.tests.unit/bin/release/net8.0/ucr.ecci.pi.themepark.backend.domain.tests.unit.dll" id="6905e008-8360-aa94-6076-33a0ad7c8d40">
      <Execution id="4337541e-7092-4492-a7b5-3fdb8f5ad90b" />
      <TestMethod codeBase="/workspace/Backend.Domain.Tests.Unit/bin/Release/net8.0/UCR.ECCI.PI.ThemePark.Backend.Domain.Tests.Unit.dll" adapterTypeName="executor://nunit3testexecutor/" className="UCR.ECCI.PI.ThemePark.Backend.Domain.Tests.Unit.WhiteboardTests" name="Constructor_NegativeDimensionOrCoordinate_ThrowsArgumentException(2.5f,-1.0f,0.1f,1.0f,1.0f,0.0f,&quot;height&quot;)" />
    </UnitTest>
    <UnitTest name="Constructor_NullOrEmptyMarkerColor_ThrowsArgumentException(null)" storage="/workspace/backend.domain.tests.unit/bin/release/net8.0/ucr.ecci.pi.themepark.backend.domain.tests.unit.dll" id="cf2bf95d-77dc-6b33-02e4-a371ccd138b4">
      <Execution id="289cfb8a-887e-4e47-b7f9-9b2989e59d0a" />
      <TestMethod codeBase="/workspace/Backend.Domain.Tests.Unit/bin/Release/net8.0/UCR.ECCI.PI.ThemePark.Backend.Domain.Tests.Unit.dll" adapterTypeName="executor://nunit3testexecutor/" className="UCR.ECCI.PI.ThemePark.Backend.Domain.Tests.Unit.WhiteboardTests" name="Constructor_NullOrEmptyMarkerColor_ThrowsArgumentException(null)" />
    </UnitTest>
    <UnitTest name="Constructor_NegativeDimensionOrCoordinate_ThrowsArgumentException(2.5f,1.5f,0.5f,-1.0f,20.0f,0.0f,&quot;x&quot;)" storage="/workspace/backend.domain.tests.unit/bin/release/net8.0/ucr.ecci.pi.themepark.backend.domain.tests.unit.dll" id="da5b7d07-1d09-5025-84d3-a52d897345a5">
      <Execution id="4bbc9cc3-31af-4c48-b00d-817a3f52cace" />
      <TestMethod codeBase="/workspace/Backend.Domain.Tests.Unit/bin/Release/net8.0/UCR.ECCI.PI.ThemePark.Backend.Domain.Tests.Unit.dll" adapterTypeName="executor://nunit3testexecutor/" className="UCR.ECCI.PI.ThemePark.Backend.Domain.Tests.Unit.LearningComponentTests" name="Constructor_NegativeDimensionOrCoordinate_ThrowsArgumentException(2.5f,1.5f,0.5f,-1.0f,20.0f,0.0f,&quot;x&quot;)" />
    </UnitTest>
    <UnitTest name="Constructor_WithoutId_ValidOrientation_Succeeds(&quot;South&quot;)" storage="/workspace/backend.domain.tests.unit/bin/release/net8.0/ucr.ecci.pi.themepark.backend.domain.tests.unit.dll" id="189d631a-f57b-d321-a594-eaa138350283">
      <Execution id="4020a226-d3e9-4c58-a20a-a8d076b0cc9e" />
      <TestMethod codeBase="/workspace/Backend.Domain.Tests.Unit/bin/Release/net8.0/UCR.ECCI.PI.ThemePark.Backend.Domain.Tests.Unit.dll" adapterTypeName="executor://nunit3testexecutor/" className="UCR.ECCI.PI.ThemePark.Backend.Domain.Tests.Unit.LearningComponentTests" name="Constructor_WithoutId_ValidOrientation_Succeeds(&quot;South&quot;)" />
    </UnitTest>
    <UnitTest name="Constructor_NegativeDimensionOrCoordinate_ThrowsArgumentException(2.5f,1.5f,0.5f,10.0f,-1.0f,0.0f,&quot;y&quot;)" storage="/workspace/backend.domain.tests.unit/bin/release/net8.0/ucr.ecci.pi.themepark.backend.domain.tests.unit.dll" id="9ff1b0c0-9467-5a74-d038-39671ca6eb6d">
      <Execution id="0b6a446c-0112-41f7-8f41-ea458bd0160a" />
      <TestMethod codeBase="/workspace/Backend.Domain.Tests.Unit/bin/Release/net8.0/UCR.ECCI.PI.ThemePark.Backend.Domain.Tests.Unit.dll" adapterTypeName="executor://nunit3testexecutor/" className="UCR.ECCI.PI.ThemePark.Backend.Domain.Tests.Unit.LearningComponentTests" name="Constructor_NegativeDimensionOrCoordinate_ThrowsArgumentException(2.5f,1.5f,0.5f,10.0f,-1.0f,0.0f,&quot;y&quot;)" />
    </UnitTest>
    <UnitTest name="Constructor_InvalidOrientation_ThrowsArgumentException(&quot;Northeast&quot;)" storage="/workspace/backend.domain.tests.unit/bin/release/net8.0/ucr.ecci.pi.themepark.backend.domain.tests.unit.dll" id="0d596c92-bca4-e6b2-6d5b-5f31519a15d7">
      <Execution id="7d980eed-54e0-49d6-a19f-aa5f284804b8" />
      <TestMethod codeBase="/workspace/Backend.Domain.Tests.Unit/bin/Release/net8.0/UCR.ECCI.PI.ThemePark.Backend.Domain.Tests.Unit.dll" adapterTypeName="executor://nunit3testexecutor/" className="UCR.ECCI.PI.ThemePark.Backend.Domain.Tests.Unit.WhiteboardTests" name="Constructor_InvalidOrientation_ThrowsArgumentException(&quot;Northeast&quot;)" />
    </UnitTest>
    <UnitTest name="Constructor_NegativeDimensionOrCoordinate_ThrowsArgumentException(2.5f,1.5f,0.1f,1.0f,1.0f,-1.0f,&quot;z&quot;)" storage="/workspace/backend.domain.tests.unit/bin/release/net8.0/ucr.ecci.pi.themepark.backend.domain.tests.unit.dll" id="fc828bd8-cdc2-a952-f0ad-12bb16788655">
      <Execution id="a8b49156-5df4-440d-9760-606cca367a1f" />
      <TestMethod codeBase="/workspace/Backend.Domain.Tests.Unit/bin/Release/net8.0/UCR.ECCI.PI.ThemePark.Backend.Domain.Tests.Unit.dll" adapterTypeName="executor://nunit3testexecutor/" className="UCR.ECCI.PI.ThemePark.Backend.Domain.Tests.Unit.WhiteboardTests" name="Constructor_NegativeDimensionOrCoordinate_ThrowsArgumentException(2.5f,1.5f,0.1f,1.0f,1.0f,-1.0f,&quot;z&quot;)" />
    </UnitTest>
    <UnitTest name="Constructor_NegativeDimensionOrCoordinate_ThrowsArgumentException(-1.0f,1.5f,0.1f,1.0f,1.0f,0.0f,&quot;width&quot;)" storage="/workspace/backend.domain.tests.unit/bin/release/net8.0/ucr.ecci.pi.themepark.backend.domain.tests.unit.dll" id="5c6358ca-c6dd-194c-d238-d7b69dce7292">
      <Execution id="0810e4cf-0b76-4d73-8667-f4b6e171b906" />
      <TestMethod codeBase="/workspace/Backend.Domain.Tests.Unit/bin/Release/net8.0/UCR.ECCI.PI.ThemePark.Backend.Domain.Tests.Unit.dll" adapterTypeName="executor://nunit3testexecutor/" className="UCR.ECCI.PI.ThemePark.Backend.Domain.Tests.Unit.WhiteboardTests" name="Constructor_NegativeDimensionOrCoordinate_ThrowsArgumentException(-1.0f,1.5f,0.1f,1.0f,1.0f,0.0f,&quot;width&quot;)" />
    </UnitTest>
    <UnitTest name="FitsInSpace_HeightExceedsSpaceHeight_ReturnsFalse" storage="/workspace/backend.domain.tests.unit/bin/release/net8.0/ucr.ecci.pi.themepark.backend.domain.tests.unit.dll" id="fe949ad2-8f6d-f471-19f2-2ce372e80dfd">
      <Execution id="0f00e45f-ac73-4f56-85ec-c61f3b6f6916" />
      <TestMethod codeBase="/workspace/Backend.Domain.Tests.Unit/bin/Release/net8.0/UCR.ECCI.PI.ThemePark.Backend.Domain.Tests.Unit.dll" adapterTypeName="executor://nunit3testexecutor/" className="UCR.ECCI.PI.ThemePark.Backend.Domain.Tests.Unit.WhiteboardTests" name="FitsInSpace_HeightExceedsSpaceHeight_ReturnsFalse" />
    </UnitTest>
    <UnitTest name="Constructor_ZeroOrNegativeDimension_ThrowsArgumentException(3.0f,8.0f,-10.0f,&quot;Length must be positive and non-zero&quot;)" storage="/workspace/backend.domain.tests.unit/bin/release/net8.0/ucr.ecci.pi.themepark.backend.domain.tests.unit.dll" id="773a7674-cea4-ce95-4553-307ee2975b58">
      <Execution id="b1d89d9e-6a6a-46df-9103-7ecf63e2bd2e" />
      <TestMethod codeBase="/workspace/Backend.Domain.Tests.Unit/bin/Release/net8.0/UCR.ECCI.PI.ThemePark.Backend.Domain.Tests.Unit.dll" adapterTypeName="executor://nunit3testexecutor/" className="UCR.ECCI.PI.ThemePark.Backend.Domain.Tests.Unit.LearningSpaceTests" name="Constructor_ZeroOrNegativeDimension_ThrowsArgumentException(3.0f,8.0f,-10.0f,&quot;Length must be positive and non-zero&quot;)" />
    </UnitTest>
    <UnitTest name="Constructor_ValidParameters_AllPropertiesSetCorrectly" storage="/workspace/backend.domain.tests.unit/bin/release/net8.0/ucr.ecci.pi.themepark.backend.domain.tests.unit.dll" id="49e6f4bf-eddc-46d7-9159-124249aa29fb">
      <Execution id="c68cb0dc-1fbb-40ef-b1df-4dcfb48a69e7" />
      <TestMethod codeBase="/workspace/Backend.Domain.Tests.Unit/bin/Release/net8.0/UCR.ECCI.PI.ThemePark.Backend.Domain.Tests.Unit.dll" adapterTypeName="executor://nunit3testexecutor/" className="UCR.ECCI.PI.ThemePark.Backend.Domain.Tests.Unit.LearningComponentTests" name="Constructor_ValidParameters_AllPropertiesSetCorrectly" />
    </UnitTest>
    <UnitTest name="Constructor_NegativeDimensionOrCoordinate_ThrowsArgumentException(2.5f,1.5f,0.1f,1.0f,-1.0f,0.0f,&quot;y&quot;)" storage="/workspace/backend.domain.tests.unit/bin/release/net8.0/ucr.ecci.pi.themepark.backend.domain.tests.unit.dll" id="71255277-a179-6996-5fa5-0ce822a9b649">
      <Execution id="a816ec22-1350-4943-ac96-57eefbff48d3" />
      <TestMethod codeBase="/workspace/Backend.Domain.Tests.Unit/bin/Release/net8.0/UCR.ECCI.PI.ThemePark.Backend.Domain.Tests.Unit.dll" adapterTypeName="executor://nunit3testexecutor/" className="UCR.ECCI.PI.ThemePark.Backend.Domain.Tests.Unit.WhiteboardTests" name="Constructor_NegativeDimensionOrCoordinate_ThrowsArgumentException(2.5f,1.5f,0.1f,1.0f,-1.0f,0.0f,&quot;y&quot;)" />
    </UnitTest>
    <UnitTest name="Constructor_ValidOrientation_Succeeds(&quot;East&quot;)" storage="/workspace/backend.domain.tests.unit/bin/release/net8.0/ucr.ecci.pi.themepark.backend.domain.tests.unit.dll" id="0b73bda6-e64e-af5d-bb00-2f6fee0375c6">
      <Execution id="15101aff-cf34-4bda-871b-026644f9b8df" />
      <TestMethod codeBase="/workspace/Backend.Domain.Tests.Unit/bin/Release/net8.0/UCR.ECCI.PI.ThemePark.Backend.Domain.Tests.Unit.dll" adapterTypeName="executor://nunit3testexecutor/" className="UCR.ECCI.PI.ThemePark.Backend.Domain.Tests.Unit.LearningComponentTests" name="Constructor_ValidOrientation_Succeeds(&quot;East&quot;)" />
    </UnitTest>
    <UnitTest name="Constructor_ZeroOrNegativeDimension_ThrowsArgumentException(0.0f,8.0f,10.0f,&quot;Height must be positive and non-zero&quot;)" storage="/workspace/backend.domain.tests.unit/bin/release/net8.0/ucr.ecci.pi.themepark.backend.domain.tests.unit.dll" id="89db0363-23cc-7e8d-5232-d48f13d267c9">
      <Execution id="c5967cdb-98bd-483b-8d13-c4c7c96310a0" />
      <TestMethod codeBase="/workspace/Backend.Domain.Tests.Unit/bin/Release/net8.0/UCR.ECCI.PI.ThemePark.Backend.Domain.Tests.Unit.dll" adapterTypeName="executor://nunit3testexecutor/" className="UCR.ECCI.PI.ThemePark.Backend.Domain.Tests.Unit.LearningSpaceTests" name="Constructor_ZeroOrNegativeDimension_ThrowsArgumentException(0.0f,8.0f,10.0f,&quot;Height must be positive and non-zero&quot;)" />
    </UnitTest>
    <UnitTest name="Constructor_WithoutComponentId_AutoGeneratesNonEmptyId" storage="/workspace/backend.domain.tests.unit/bin/release/net8.0/ucr.ecci.pi.themepark.backend.domain.tests.unit.dll" id="5faa153a-5c85-e022-a01f-0f81d9428cf0">
      <Execution id="d92f5263-ac3d-454c-8a63-60be5c1c31f2" />
      <TestMethod codeBase="/workspace/Backend.Domain.Tests.Unit/bin/Release/net8.0/UCR.ECCI.PI.ThemePark.Backend.Domain.Tests.Unit.dll" adapterTypeName="executor://nunit3testexecutor/" className="UCR.ECCI.PI.ThemePark.Backend.Domain.Tests.Unit.LearningComponentTests" name="Constructor_WithoutComponentId_AutoGeneratesNonEmptyId" />
    </UnitTest>
    <UnitTest name="Constructor_InvalidOrientation_ThrowsArgumentException(&quot;&quot;)" storage="/workspace/backend.domain.tests.unit/bin/release/net8.0/ucr.ecci.pi.themepark.backend.domain.tests.unit.dll" id="ef76fe1d-a64d-3b24-c1e0-9229c61ba659">
      <Execution id="d0188f3c-7fa3-4c00-b041-6a5601277893" />
      <TestMethod codeBase="/workspace/Backend.Domain.Tests.Unit/bin/Release/net8.0/UCR.ECCI.PI.ThemePark.Backend.Domain.Tests.Unit.dll" adapterTypeName="executor://nunit3testexecutor/" className="UCR.ECCI.PI.ThemePark.Backend.Domain.Tests.Unit.LearningComponentTests" name="Constructor_InvalidOrientation_ThrowsArgumentException(&quot;&quot;)" />
    </UnitTest>
    <UnitTest name="FitsInSpace_DimensionsExactlyMatchSpace_ReturnsTrue" storage="/workspace/backend.domain.tests.unit/bin/release/net8.0/ucr.ecci.pi.themepark.backend.domain.tests.unit.dll" id="df6dc8d8-0503-30fc-53ce-21e3af9e68b9">
      <Execution id="3dbf00c3-571d-4225-9de7-61c8381665b2" />
      <TestMethod codeBase="/workspace/Backend.Domain.Tests.Unit/bin/Release/net8.0/UCR.ECCI.PI.ThemePark.Backend.Domain.Tests.Unit.dll" adapterTypeName="executor://nunit3testexecutor/" className="UCR.ECCI.PI.ThemePark.Backend.Domain.Tests.Unit.WhiteboardTests" name="FitsInSpace_DimensionsExactlyMatchSpace_ReturnsTrue" />
    </UnitTest>
    <UnitTest name="Constructor_WithoutId_ValidOrientation_Succeeds(&quot;North&quot;)" storage="/workspace/backend.domain.tests.unit/bin/release/net8.0/ucr.ecci.pi.themepark.backend.domain.tests.unit.dll" id="045fd388-162e-f2da-1be3-d0a138f184d2">
      <Execution id="eb92a167-8be1-48ae-9568-43df1deec35b" />
      <TestMethod codeBase="/workspace/Backend.Domain.Tests.Unit/bin/Release/net8.0/UCR.ECCI.PI.ThemePark.Backend.Domain.Tests.Unit.dll" adapterTypeName="executor://nunit3testexecutor/" className="UCR.ECCI.PI.ThemePark.Backend.Domain.Tests.Unit.LearningComponentTests" name="Constructor_WithoutId_ValidOrientation_Succeeds(&quot;North&quot;)" />
    </UnitTest>
    <UnitTest name="Constructor_NullOrEmptyType_ThrowsArgumentException(&quot;&quot;)" storage="/workspace/backend.domain.tests.unit/bin/release/net8.0/ucr.ecci.pi.themepark.backend.domain.tests.unit.dll" id="b35df834-15d1-73ec-3951-976e8865d306">
      <Execution id="50cb36e7-590e-4f91-b708-98fb5ab44f53" />
      <TestMethod codeBase="/workspace/Backend.Domain.Tests.Unit/bin/Release/net8.0/UCR.ECCI.PI.ThemePark.Backend.Domain.Tests.Unit.dll" adapterTypeName="executor://nunit3testexecutor/" className="UCR.ECCI.PI.ThemePark.Backend.Domain.Tests.Unit.LearningSpaceTests" name="Constructor_NullOrEmptyType_ThrowsArgumentException(&quot;&quot;)" />
    </UnitTest>
    <UnitTest name="Constructor_ValidParameters_AllPropertiesSetCorrectly(&quot;Laboratory&quot;,3.5f,12.0f,15.0f)" storage="/workspace/backend.domain.tests.unit/bin/release/net8.0/ucr.ecci.pi.themepark.backend.domain.tests.unit.dll" id="c4ffcdba-79e2-6601-cf2f-6964fe04249c">
      <Execution id="84f92c2a-e5a1-45fa-bd7e-151972a383e6" />
      <TestMethod codeBase="/workspace/Backend.Domain.Tests.Unit/bin/Release/net8.0/UCR.ECCI.PI.ThemePark.Backend.Domain.Tests.Unit.dll" adapterTypeName="executor://nunit3testexecutor/" className="UCR.ECCI.PI.ThemePark.Backend.Domain.Tests.Unit.LearningSpaceTests" name="Constructor_ValidParameters_AllPropertiesSetCorrectly(&quot;Laboratory&quot;,3.5f,12.0f,15.0f)" />
    </UnitTest>
    <UnitTest name="Constructor_NegativeDimensionOrCoordinate_ThrowsArgumentException(2.5f,-1.0f,0.5f,10.0f,20.0f,0.0f,&quot;height&quot;)" storage="/workspace/backend.domain.tests.unit/bin/release/net8.0/ucr.ecci.pi.themepark.backend.domain.tests.unit.dll" id="93d82a5b-0a0d-2a04-6e26-77b1e60103da">
      <Execution id="144c6363-a63c-4e48-9011-e1bf5bebc534" />
      <TestMethod codeBase="/workspace/Backend.Domain.Tests.Unit/bin/Release/net8.0/UCR.ECCI.PI.ThemePark.Backend.Domain.Tests.Unit.dll" adapterTypeName="executor://nunit3testexecutor/" className="UCR.ECCI.PI.ThemePark.Backend.Domain.Tests.Unit.LearningComponentTests" name="Constructor_NegativeDimensionOrCoordinate_ThrowsArgumentException(2.5f,-1.0f,0.5f,10.0f,20.0f,0.0f,&quot;height&quot;)" />
    </UnitTest>
    <UnitTest name="FitsInSpace_PositionPlusDepthExceedsSpaceLength_ReturnsFalse" storage="/workspace/backend.domain.tests.unit/bin/release/net8.0/ucr.ecci.pi.themepark.backend.domain.tests.unit.dll" id="7d132995-c2f5-c5ac-aa5b-c31eaac5dd1a">
      <Execution id="6d4c195f-f96f-4c8d-b27b-1630936cb7ab" />
      <TestMethod codeBase="/workspace/Backend.Domain.Tests.Unit/bin/Release/net8.0/UCR.ECCI.PI.ThemePark.Backend.Domain.Tests.Unit.dll" adapterTypeName="executor://nunit3testexecutor/" className="UCR.ECCI.PI.ThemePark.Backend.Domain.Tests.Unit.WhiteboardTests" name="FitsInSpace_PositionPlusDepthExceedsSpaceLength_ReturnsFalse" />
    </UnitTest>
    <UnitTest name="FitsInSpace_DimensionsFitWithinSpace_ReturnsTrue" storage="/workspace/backend.domain.tests.unit/bin/release/net8.0/ucr.ecci.pi.themepark.backend.domain.tests.unit.dll" id="21889978-3419-fd82-a584-f4195baf544b">
      <Execution id="739c3f7f-36fa-4907-9b8c-1933929869f6" />
      <TestMethod codeBase="/workspace/Backend.Domain.Tests.Unit/bin/Release/net8.0/UCR.ECCI.PI.ThemePark.Backend.Domain.Tests.Unit.dll" adapterTypeName="executor://nunit3testexecutor/" className="UCR.ECCI.PI.ThemePark.Backend.Domain.Tests.Unit.WhiteboardTests" name="FitsInSpace_DimensionsFitWithinSpace_ReturnsTrue" />
    </UnitTest>
    <UnitTest name="Constructor_InvalidOrientation_ThrowsArgumentException(&quot;Up&quot;)" storage="/workspace/backend.domain.tests.unit/bin/release/net8.0/ucr.ecci.pi.themepark.backend.domain.tests.unit.dll" id="efa130e3-2015-c669-d4b4-5a4df6f86f81">
      <Execution id="a65a4d2e-6f57-4a7e-af73-7c419e912475" />
      <TestMethod codeBase="/workspace/Backend.Domain.Tests.Unit/bin/Release/net8.0/UCR.ECCI.PI.ThemePark.Backend.Domain.Tests.Unit.dll" adapterTypeName="executor://nunit3testexecutor/" className="UCR.ECCI.PI.ThemePark.Backend.Domain.Tests.Unit.WhiteboardTests" name="Constructor_InvalidOrientation_ThrowsArgumentException(&quot;Up&quot;)" />
    </UnitTest>
    <UnitTest name="Constructor_WithoutId_NegativeValue_ThrowsArgumentException(1.5f,1.0f,0.5f,-10.0f,5.0f,0.0f,&quot;x&quot;)" storage="/workspace/backend.domain.tests.unit/bin/release/net8.0/ucr.ecci.pi.themepark.backend.domain.tests.unit.dll" id="80b278b3-74f6-ad6a-e531-02fd274d6b10">
      <Execution id="2fb5233d-1ad4-4746-a66c-34cf0ed67495" />
      <TestMethod codeBase="/workspace/Backend.Domain.Tests.Unit/bin/Release/net8.0/UCR.ECCI.PI.ThemePark.Backend.Domain.Tests.Unit.dll" adapterTypeName="executor://nunit3testexecutor/" className="UCR.ECCI.PI.ThemePark.Backend.Domain.Tests.Unit.LearningComponentTests" name="Constructor_WithoutId_NegativeValue_ThrowsArgumentException(1.5f,1.0f,0.5f,-10.0f,5.0f,0.0f,&quot;x&quot;)" />
    </UnitTest>
    <UnitTest name="Constructor_WithoutId_NegativeValue_ThrowsArgumentException(1.5f,1.0f,-0.5f,10.0f,5.0f,0.0f,&quot;depth&quot;)" storage="/workspace/backend.domain.tests.unit/bin/release/net8.0/ucr.ecci.pi.themepark.backend.domain.tests.unit.dll" id="49d10133-db9b-f2a2-48a0-540fc97566ce">
      <Execution id="ff10cb90-a982-4382-bfed-70d630df6540" />
      <TestMethod codeBase="/workspace/Backend.Domain.Tests.Unit/bin/Release/net8.0/UCR.ECCI.PI.ThemePark.Backend.Domain.Tests.Unit.dll" adapterTypeName="executor://nunit3testexecutor/" className="UCR.ECCI.PI.ThemePark.Backend.Domain.Tests.Unit.LearningComponentTests" name="Constructor_WithoutId_NegativeValue_ThrowsArgumentException(1.5f,1.0f,-0.5f,10.0f,5.0f,0.0f,&quot;depth&quot;)" />
    </UnitTest>
    <UnitTest name="Constructor_InvalidType_ThrowsArgumentException" storage="/workspace/backend.domain.tests.unit/bin/release/net8.0/ucr.ecci.pi.themepark.backend.domain.tests.unit.dll" id="37a23d08-b33a-f05c-59d4-2d08ee23ebaf">
      <Execution id="9d9fe8a3-5fb4-477b-a255-a9911da5a924" />
      <TestMethod codeBase="/workspace/Backend.Domain.Tests.Unit/bin/Release/net8.0/UCR.ECCI.PI.ThemePark.Backend.Domain.Tests.Unit.dll" adapterTypeName="executor://nunit3testexecutor/" className="UCR.ECCI.PI.ThemePark.Backend.Domain.Tests.Unit.LearningSpaceTests" name="Constructor_InvalidType_ThrowsArgumentException" />
    </UnitTest>
    <UnitTest name="Constructor_ValidOrientation_Succeeds(&quot;East&quot;)" storage="/workspace/backend.domain.tests.unit/bin/release/net8.0/ucr.ecci.pi.themepark.backend.domain.tests.unit.dll" id="b1ff01ca-dd50-79c1-1fba-bdf521308631">
      <Execution id="0b8f1b65-6b0e-4e09-bf89-1dbc1e2e9b6a" />
      <TestMethod codeBase="/workspace/Backend.Domain.Tests.Unit/bin/Release/net8.0/UCR.ECCI.PI.ThemePark.Backend.Domain.Tests.Unit.dll" adapterTypeName="executor://nunit3testexecutor/" className="UCR.ECCI.PI.ThemePark.Backend.Domain.Tests.Unit.WhiteboardTests" name="Constructor_ValidOrientation_Succeeds(&quot;East&quot;)" />
    </UnitTest>
    <UnitTest name="Constructor_ValidParameters_AllPropertiesSetCorrectly(&quot;Classroom&quot;,3.0f,8.0f,10.0f)" storage="/workspace/backend.domain.tests.unit/bin/release/net8.0/ucr.ecci.pi.themepark.backend.domain.tests.unit.dll" id="4523bdb5-8513-3aad-2b22-b907b05c774d">
      <Execution id="c0c675b4-acc3-49bf-81b5-78a2c4ed057b" />
      <TestMethod codeBase="/workspace/Backend.Domain.Tests.Unit/bin/Release/net8.0/UCR.ECCI.PI.ThemePark.Backend.Domain.Tests.Unit.dll" adapterTypeName="executor://nunit3testexecutor/" className="UCR.ECCI.PI.ThemePark.Backend.Domain.Tests.Unit.LearningSpaceTests" name="Constructor_ValidParameters_AllPropertiesSetCorrectly(&quot;Classroom&quot;,3.0f,8.0f,10.0f)" />
    </UnitTest>
    <UnitTest name="Constructor_InvalidOrientation_ThrowsArgumentException(&quot;Northeast&quot;)" storage="/workspace/backend.domain.tests.unit/bin/release/net8.0/ucr.ecci.pi.themepark.backend.domain.tests.unit.dll" id="5c1f4304-575c-f17a-5da4-a2438aa453fb">
      <Execution id="1f36d8ce-4471-43b4-954a-5bd8c9f25f93" />
      <TestMethod codeBase="/workspace/Backend.Domain.Tests.Unit/bin/Release/net8.0/UCR.ECCI.PI.ThemePark.Backend.Domain.Tests.Unit.dll" adapterTypeName="executor://nunit3testexecutor/" className="UCR.ECCI.PI.ThemePark.Backend.Domain.Tests.Unit.LearningComponentTests" name="Constructor_InvalidOrientation_ThrowsArgumentException(&quot;Northeast&quot;)" />
    </UnitTest>
    <UnitTest name="Constructor_ValidOrientation_Succeeds(&quot;West&quot;)" storage="/workspace/backend.domain.tests.unit/bin/release/net8.0/ucr.ecci.pi.themepark.backend.domain.tests.unit.dll" id="79f862c8-a8ec-809a-1471-a877243ff451">
      <Execution id="061c5e34-5564-4903-9108-1e6ae87f9ae5" />
      <TestMethod codeBase="/workspace/Backend.Domain.Tests.Unit/bin/Release/net8.0/UCR.ECCI.PI.ThemePark.Backend.Domain.Tests.Unit.dll" adapterTypeName="executor://nunit3testexecutor/" className="UCR.ECCI.PI.ThemePark.Backend.Domain.Tests.Unit.WhiteboardTests" name="Constructor_ValidOrientation_Succeeds(&quot;West&quot;)" />
    </UnitTest>
    <UnitTest name="Constructor_ZeroOrNegativeDimension_ThrowsArgumentException(3.0f,-8.0f,10.0f,&quot;Width must be positive and non-zero&quot;)" storage="/workspace/backend.domain.tests.unit/bin/release/net8.0/ucr.ecci.pi.themepark.backend.domain.tests.unit.dll" id="f7ca179b-8c57-2b04-4768-509874206162">
      <Execution id="e56bf29d-b267-42fa-9267-a5ce5ca87db5" />
      <TestMethod codeBase="/workspace/Backend.Domain.Tests.Unit/bin/Release/net8.0/UCR.ECCI.PI.ThemePark.Backend.Domain.Tests.Unit.dll" adapterTypeName="executor://nunit3testexecutor/" className="UCR.ECCI.PI.ThemePark.Backend.Domain.Tests.Unit.LearningSpaceTests" name="Constructor_ZeroOrNegativeDimension_ThrowsArgumentException(3.0f,-8.0f,10.0f,&quot;Width must be positive and non-zero&quot;)" />
    </UnitTest>
    <UnitTest name="Constructor_ZeroPositionCoordinates_AllPositionPropertiesAreZero" storage="/workspace/backend.domain.tests.unit/bin/release/net8.0/ucr.ecci.pi.themepark.backend.domain.tests.unit.dll" id="10b68c74-6ee1-c8ba-af5d-089c989c6b18">
      <Execution id="74d3af47-751c-4d1e-a9d3-ddcf110c218b" />
      <TestMethod codeBase="/workspace/Backend.Domain.Tests.Unit/bin/Release/net8.0/UCR.ECCI.PI.ThemePark.Backend.Domain.Tests.Unit.dll" adapterTypeName="executor://nunit3testexecutor/" className="UCR.ECCI.PI.ThemePark.Backend.Domain.Tests.Unit.WhiteboardTests" name="Constructor_ZeroPositionCoordinates_AllPositionPropertiesAreZero" />
    </UnitTest>
    <UnitTest name="Constructor_ValidOrientation_Succeeds(&quot;South&quot;)" storage="/workspace/backend.domain.tests.unit/bin/release/net8.0/ucr.ecci.pi.themepark.backend.domain.tests.unit.dll" id="38d3adce-f08d-8ad7-ec9e-2bded96b3bec">
      <Execution id="fb666fc1-59e6-4d77-b521-8cacd5ee8137" />
      <TestMethod codeBase="/workspace/Backend.Domain.Tests.Unit/bin/Release/net8.0/UCR.ECCI.PI.ThemePark.Backend.Domain.Tests.Unit.dll" adapterTypeName="executor://nunit3testexecutor/" className="UCR.ECCI.PI.ThemePark.Backend.Domain.Tests.Unit.WhiteboardTests" name="Constructor_ValidOrientation_Succeeds(&quot;South&quot;)" />
    </UnitTest>
    <UnitTest name="Constructor_ValidOrientation_Succeeds(&quot;North&quot;)" storage="/workspace/backend.domain.tests.unit/bin/release/net8.0/ucr.ecci.pi.themepark.backend.domain.tests.unit.dll" id="712e75c1-4f44-d03d-3bd6-74588a0ec907">
      <Execution id="2c1236de-f20c-4075-97d6-b170031d7feb" />
      <TestMethod codeBase="/workspace/Backend.Domain.Tests.Unit/bin/Release/net8.0/UCR.ECCI.PI.ThemePark.Backend.Domain.Tests.Unit.dll" adapterTypeName="executor://nunit3testexecutor/" className="UCR.ECCI.PI.ThemePark.Backend.Domain.Tests.Unit.LearningComponentTests" name="Constructor_ValidOrientation_Succeeds(&quot;North&quot;)" />
    </UnitTest>
    <UnitTest name="Constructor_WithoutId_NegativeValue_ThrowsArgumentException(1.5f,1.0f,0.5f,10.0f,-5.0f,0.0f,&quot;y&quot;)" storage="/workspace/backend.domain.tests.unit/bin/release/net8.0/ucr.ecci.pi.themepark.backend.domain.tests.unit.dll" id="db67830a-82fd-edee-085e-26d9c3d55477">
      <Execution id="f5021bcc-0111-45c6-8d48-1d76cd64600c" />
      <TestMethod codeBase="/workspace/Backend.Domain.Tests.Unit/bin/Release/net8.0/UCR.ECCI.PI.ThemePark.Backend.Domain.Tests.Unit.dll" adapterTypeName="executor://nunit3testexecutor/" className="UCR.ECCI.PI.ThemePark.Backend.Domain.Tests.Unit.LearningComponentTests" name="Constructor_WithoutId_NegativeValue_ThrowsArgumentException(1.5f,1.0f,0.5f,10.0f,-5.0f,0.0f,&quot;y&quot;)" />
    </UnitTest>
    <UnitTest name="FitsInSpace_DepthExceedsSpaceLength_ReturnsFalse" storage="/workspace/backend.domain.tests.unit/bin/release/net8.0/ucr.ecci.pi.themepark.backend.domain.tests.unit.dll" id="85194ad9-a4f9-9ec1-a440-f11eeac70c2d">
      <Execution id="5684e660-ebc5-44ae-8a4f-80b640e1bb8f" />
      <TestMethod codeBase="/workspace/Backend.Domain.Tests.Unit/bin/Release/net8.0/UCR.ECCI.PI.ThemePark.Backend.Domain.Tests.Unit.dll" adapterTypeName="executor://nunit3testexecutor/" className="UCR.ECCI.PI.ThemePark.Backend.Domain.Tests.Unit.WhiteboardTests" name="FitsInSpace_DepthExceedsSpaceLength_ReturnsFalse" />
    </UnitTest>
    <UnitTest name="Constructor_NegativeDimensionOrCoordinate_ThrowsArgumentException(2.5f,1.5f,-1.0f,10.0f,20.0f,0.0f,&quot;depth&quot;)" storage="/workspace/backend.domain.tests.unit/bin/release/net8.0/ucr.ecci.pi.themepark.backend.domain.tests.unit.dll" id="8014a743-d0e0-a94b-6695-8195b596b639">
      <Execution id="ef6f63b3-a1e7-43df-b8c5-e0e85aa770a4" />
      <TestMethod codeBase="/workspace/Backend.Domain.Tests.Unit/bin/Release/net8.0/UCR.ECCI.PI.ThemePark.Backend.Domain.Tests.Unit.dll" adapterTypeName="executor://nunit3testexecutor/" className="UCR.ECCI.PI.ThemePark.Backend.Domain.Tests.Unit.LearningComponentTests" name="Constructor_NegativeDimensionOrCoordinate_ThrowsArgumentException(2.5f,1.5f,-1.0f,10.0f,20.0f,0.0f,&quot;depth&quot;)" />
    </UnitTest>
    <UnitTest name="Constructor_ZeroOrNegativeDimension_ThrowsArgumentException(3.0f,8.0f,0.0f,&quot;Length must be positive and non-zero&quot;)" storage="/workspace/backend.domain.tests.unit/bin/release/net8.0/ucr.ecci.pi.themepark.backend.domain.tests.unit.dll" id="af45f8eb-cd13-2ac7-39f1-13dc9e8836e4">
      <Execution id="540e2e2d-a168-4c83-b9d3-2b388a4a6e39" />
      <TestMethod codeBase="/workspace/Backend.Domain.Tests.Unit/bin/Release/net8.0/UCR.ECCI.PI.ThemePark.Backend.Domain.Tests.Unit.dll" adapterTypeName="executor://nunit3testexecutor/" className="UCR.ECCI.PI.ThemePark.Backend.Domain.Tests.Unit.LearningSpaceTests" name="Constructor_ZeroOrNegativeDimension_ThrowsArgumentException(3.0f,8.0f,0.0f,&quot;Length must be positive and non-zero&quot;)" />
    </UnitTest>
    <UnitTest name="Constructor_ZeroOrNegativeDimension_ThrowsArgumentException(-3.0f,8.0f,10.0f,&quot;Height must be positive and non-zero&quot;)" storage="/workspace/backend.domain.tests.unit/bin/release/net8.0/ucr.ecci.pi.themepark.backend.domain.tests.unit.dll" id="2b17bd6e-6b44-c523-71aa-1953336458f3">
      <Execution id="e8365b36-dbae-4154-8b35-08626cdc959c" />
      <TestMethod codeBase="/workspace/Backend.Domain.Tests.Unit/bin/Release/net8.0/UCR.ECCI.PI.ThemePark.Backend.Domain.Tests.Unit.dll" adapterTypeName="executor://nunit3testexecutor/" className="UCR.ECCI.PI.ThemePark.Backend.Domain.Tests.Unit.LearningSpaceTests" name="Constructor_ZeroOrNegativeDimension_ThrowsArgumentException(-3.0f,8.0f,10.0f,&quot;Height must be positive and non-zero&quot;)" />
    </UnitTest>
    <UnitTest name="Constructor_ValidOrientation_Succeeds(&quot;South&quot;)" storage="/workspace/backend.domain.tests.unit/bin/release/net8.0/ucr.ecci.pi.themepark.backend.domain.tests.unit.dll" id="66e20d4f-da87-34dc-f9b3-f9c8ab20213c">
      <Execution id="36ce7578-85c3-4b15-9c80-c7419d9a1d3d" />
      <TestMethod codeBase="/workspace/Backend.Domain.Tests.Unit/bin/Release/net8.0/UCR.ECCI.PI.ThemePark.Backend.Domain.Tests.Unit.dll" adapterTypeName="executor://nunit3testexecutor/" className="UCR.ECCI.PI.ThemePark.Backend.Domain.Tests.Unit.LearningComponentTests" name="Constructor_ValidOrientation_Succeeds(&quot;South&quot;)" />
    </UnitTest>
    <UnitTest name="Constructor_ZeroOrNegativeDimension_ThrowsArgumentException(3.0f,0.0f,10.0f,&quot;Width must be positive and non-zero&quot;)" storage="/workspace/backend.domain.tests.unit/bin/release/net8.0/ucr.ecci.pi.themepark.backend.domain.tests.unit.dll" id="87215b1f-52a0-15c6-8688-1ddc9237e386">
      <Execution id="e6ee53ce-c10c-4c0e-b527-857b83c8cfed" />
      <TestMethod codeBase="/workspace/Backend.Domain.Tests.Unit/bin/Release/net8.0/UCR.ECCI.PI.ThemePark.Backend.Domain.Tests.Unit.dll" adapterTypeName="executor://nunit3testexecutor/" className="UCR.ECCI.PI.ThemePark.Backend.Domain.Tests.Unit.LearningSpaceTests" name="Constructor_ZeroOrNegativeDimension_ThrowsArgumentException(3.0f,0.0f,10.0f,&quot;Width must be positive and non-zero&quot;)" />
    </UnitTest>
    <UnitTest name="FitsInSpace_WidthExceedsSpaceWidth_ReturnsFalse" storage="/workspace/backend.domain.tests.unit/bin/release/net8.0/ucr.ecci.pi.themepark.backend.domain.tests.unit.dll" id="782a8177-2d44-02d6-ad5b-591b251d9e55">
      <Execution id="f22c8572-76f1-4cc1-a810-1c4dacaa2822" />
      <TestMethod codeBase="/workspace/Backend.Domain.Tests.Unit/bin/Release/net8.0/UCR.ECCI.PI.ThemePark.Backend.Domain.Tests.Unit.dll" adapterTypeName="executor://nunit3testexecutor/" className="UCR.ECCI.PI.ThemePark.Backend.Domain.Tests.Unit.WhiteboardTests" name="FitsInSpace_WidthExceedsSpaceWidth_ReturnsFalse" />
    </UnitTest>
  </TestDefinitions>
  <TestEntries>
    <TestEntry testId="da5b7d07-1d09-5025-84d3-a52d897345a5" executionId="4bbc9cc3-31af-4c48-b00d-817a3f52cace" testListId="8c84fa94-04c1-424b-9868-57a2d4851a1d" />
    <TestEntry testId="df494683-a776-afac-512f-e11fafeb550e" executionId="32d6143c-5f1c-4270-bd78-47133df29e54" testListId="8c84fa94-04c1-424b-9868-57a2d4851a1d" />
    <TestEntry testId="37a23d08-b33a-f05c-59d4-2d08ee23ebaf" executionId="9d9fe8a3-5fb4-477b-a255-a9911da5a924" testListId="8c84fa94-04c1-424b-9868-57a2d4851a1d" />
    <TestEntry testId="cece3570-7ee0-be1c-36ed-7fe330bdcd18" executionId="3662a43c-3997-4863-8125-989d5ffcb68d" testListId="8c84fa94-04c1-424b-9868-57a2d4851a1d" />
    <TestEntry testId="efa130e3-2015-c669-d4b4-5a4df6f86f81" executionId="a65a4d2e-6f57-4a7e-af73-7c419e912475" testListId="8c84fa94-04c1-424b-9868-57a2d4851a1d" />
    <TestEntry testId="10b68c74-6ee1-c8ba-af5d-089c989c6b18" executionId="74d3af47-751c-4d1e-a9d3-ddcf110c218b" testListId="8c84fa94-04c1-424b-9868-57a2d4851a1d" />
    <TestEntry testId="5c6358ca-c6dd-194c-d238-d7b69dce7292" executionId="0810e4cf-0b76-4d73-8667-f4b6e171b906" testListId="8c84fa94-04c1-424b-9868-57a2d4851a1d" />
    <TestEntry testId="6905e008-8360-aa94-6076-33a0ad7c8d40" executionId="4337541e-7092-4492-a7b5-3fdb8f5ad90b" testListId="8c84fa94-04c1-424b-9868-57a2d4851a1d" />
    <TestEntry testId="cf2bf95d-77dc-6b33-02e4-a371ccd138b4" executionId="289cfb8a-887e-4e47-b7f9-9b2989e59d0a" testListId="8c84fa94-04c1-424b-9868-57a2d4851a1d" />
    <TestEntry testId="80b278b3-74f6-ad6a-e531-02fd274d6b10" executionId="2fb5233d-1ad4-4746-a66c-34cf0ed67495" testListId="8c84fa94-04c1-424b-9868-57a2d4851a1d" />
    <TestEntry testId="b37ce8be-5879-21ed-fe83-9d61cb902a19" executionId="fafa6509-44ab-471b-a951-a855066bca25" testListId="8c84fa94-04c1-424b-9868-57a2d4851a1d" />
    <TestEntry testId="4523bdb5-8513-3aad-2b22-b907b05c774d" executionId="c0c675b4-acc3-49bf-81b5-78a2c4ed057b" testListId="8c84fa94-04c1-424b-9868-57a2d4851a1d" />
    <TestEntry testId="c4ffcdba-79e2-6601-cf2f-6964fe04249c" executionId="84f92c2a-e5a1-45fa-bd7e-151972a383e6" testListId="8c84fa94-04c1-424b-9868-57a2d4851a1d" />
    <TestEntry testId="b35df834-15d1-73ec-3951-976e8865d306" executionId="50cb36e7-590e-4f91-b708-98fb5ab44f53" testListId="8c84fa94-04c1-424b-9868-57a2d4851a1d" />
    <TestEntry testId="66e20d4f-da87-34dc-f9b3-f9c8ab20213c" executionId="36ce7578-85c3-4b15-9c80-c7419d9a1d3d" testListId="8c84fa94-04c1-424b-9868-57a2d4851a1d" />
    <TestEntry testId="bf35cbad-6450-575c-8d8e-e3af31520c7b" executionId="917a4c5e-92c6-44ce-9f12-1fe8783075c3" testListId="8c84fa94-04c1-424b-9868-57a2d4851a1d" />
    <TestEntry testId="bc90e103-b1a6-584e-f9be-1dd51192d743" executionId="0220261d-2fa6-466d-a806-181b605b73ab" testListId="8c84fa94-04c1-424b-9868-57a2d4851a1d" />
    <TestEntry testId="f7ca179b-8c57-2b04-4768-509874206162" executionId="e56bf29d-b267-42fa-9267-a5ce5ca87db5" testListId="8c84fa94-04c1-424b-9868-57a2d4851a1d" />
    <TestEntry testId="ced4b161-f5e4-e06a-bc9c-dafefd396267" executionId="8af07b57-8e6e-4e6c-a588-e578ae21dc43" testListId="8c84fa94-04c1-424b-9868-57a2d4851a1d" />
    <TestEntry testId="fe949ad2-8f6d-f471-19f2-2ce372e80dfd" executionId="0f00e45f-ac73-4f56-85ec-c61f3b6f6916" testListId="8c84fa94-04c1-424b-9868-57a2d4851a1d" />
    <TestEntry testId="89db0363-23cc-7e8d-5232-d48f13d267c9" executionId="c5967cdb-98bd-483b-8d13-c4c7c96310a0" testListId="8c84fa94-04c1-424b-9868-57a2d4851a1d" />
    <TestEntry testId="ef76fe1d-a64d-3b24-c1e0-9229c61ba659" executionId="d0188f3c-7fa3-4c00-b041-6a5601277893" testListId="8c84fa94-04c1-424b-9868-57a2d4851a1d" />
    <TestEntry testId="6cc3e60d-1430-305e-6738-45df4e458412" executionId="8991d930-f85f-4c17-a523-d4a8f50c0aff" testListId="8c84fa94-04c1-424b-9868-57a2d4851a1d" />
    <TestEntry testId="dcb3609b-e444-dcef-6a93-71f2446b5d10" executionId="487ebf86-7f25-4f08-8ba5-367564a66697" testListId="8c84fa94-04c1-424b-9868-57a2d4851a1d" />
    <TestEntry testId="da948d43-585e-38f3-0288-6555d4613c30" executionId="54818e9a-919a-4618-beac-f5dc0260d0c8" testListId="8c84fa94-04c1-424b-9868-57a2d4851a1d" />
    <TestEntry testId="93393633-8f0e-aafa-a978-0f4ca5c45f3f" executionId="8246db15-8939-48f8-ac6d-74f5c58ea395" testListId="8c84fa94-04c1-424b-9868-57a2d4851a1d" />
    <TestEntry testId="2b17bd6e-6b44-c523-71aa-1953336458f3" executionId="e8365b36-dbae-4154-8b35-08626cdc959c" testListId="8c84fa94-04c1-424b-9868-57a2d4851a1d" />
    <TestEntry testId="045fd388-162e-f2da-1be3-d0a138f184d2" executionId="eb92a167-8be1-48ae-9568-43df1deec35b" testListId="8c84fa94-04c1-424b-9868-57a2d4851a1d" />
    <TestEntry testId="782a8177-2d44-02d6-ad5b-591b251d9e55" executionId="f22c8572-76f1-4cc1-a810-1c4dacaa2822" testListId="8c84fa94-04c1-424b-9868-57a2d4851a1d" />
    <TestEntry testId="193ae1b7-65f4-7a15-d450-b2778719e2c5" executionId="adf01caa-2da7-4162-8c6c-ab6d6d5b5037" testListId="8c84fa94-04c1-424b-9868-57a2d4851a1d" />
    <TestEntry testId="fc828bd8-cdc2-a952-f0ad-12bb16788655" executionId="a8b49156-5df4-440d-9760-606cca367a1f" testListId="8c84fa94-04c1-424b-9868-57a2d4851a1d" />
    <TestEntry testId="0d596c92-bca4-e6b2-6d5b-5f31519a15d7" executionId="7d980eed-54e0-49d6-a19f-aa5f284804b8" testListId="8c84fa94-04c1-424b-9868-57a2d4851a1d" />
    <TestEntry testId="93d82a5b-0a0d-2a04-6e26-77b1e60103da" executionId="144c6363-a63c-4e48-9011-e1bf5bebc534" testListId="8c84fa94-04c1-424b-9868-57a2d4851a1d" />
    <TestEntry testId="b6fcc57f-4ea0-224e-9e96-e9ca21c9558a" executionId="4c083198-110f-4346-8702-8578e36ce800" testListId="8c84fa94-04c1-424b-9868-57a2d4851a1d" />
    <TestEntry testId="f4aa2b97-bcd6-a23c-e4c9-814f09ef5553" executionId="ebded453-43c2-41d6-9af4-46c0692cce5a" testListId="8c84fa94-04c1-424b-9868-57a2d4851a1d" />
    <TestEntry testId="7d132995-c2f5-c5ac-aa5b-c31eaac5dd1a" executionId="6d4c195f-f96f-4c8d-b27b-1630936cb7ab" testListId="8c84fa94-04c1-424b-9868-57a2d4851a1d" />
    <TestEntry testId="af45f8eb-cd13-2ac7-39f1-13dc9e8836e4" executionId="540e2e2d-a168-4c83-b9d3-2b388a4a6e39" testListId="8c84fa94-04c1-424b-9868-57a2d4851a1d" />
    <TestEntry testId="79f862c8-a8ec-809a-1471-a877243ff451" executionId="061c5e34-5564-4903-9108-1e6ae87f9ae5" testListId="8c84fa94-04c1-424b-9868-57a2d4851a1d" />
    <TestEntry testId="eeaeae93-b0fc-cef0-680a-08324043fed9" executionId="e3fd59e1-edf4-462b-9aa6-92f29ce7c60d" testListId="8c84fa94-04c1-424b-9868-57a2d4851a1d" />
    <TestEntry testId="87215b1f-52a0-15c6-8688-1ddc9237e386" executionId="e6ee53ce-c10c-4c0e-b527-857b83c8cfed" testListId="8c84fa94-04c1-424b-9868-57a2d4851a1d" />
    <TestEntry testId="24f44a7f-7169-241f-3402-3db52cb2ffca" executionId="f53c9a63-20f4-4835-befa-33a9b2b8225e" testListId="8c84fa94-04c1-424b-9868-57a2d4851a1d" />
    <TestEntry testId="db67830a-82fd-edee-085e-26d9c3d55477" executionId="f5021bcc-0111-45c6-8d48-1d76cd64600c" testListId="8c84fa94-04c1-424b-9868-57a2d4851a1d" />
    <TestEntry testId="49d10133-db9b-f2a2-48a0-540fc97566ce" executionId="ff10cb90-a982-4382-bfed-70d630df6540" testListId="8c84fa94-04c1-424b-9868-57a2d4851a1d" />
    <TestEntry testId="4ad50ae9-dc0e-095b-4edf-7906424b5cd9" executionId="d66a0b4a-86cf-45ea-979b-05c03a6a5c58" testListId="8c84fa94-04c1-424b-9868-57a2d4851a1d" />
    <TestEntry testId="773a7674-cea4-ce95-4553-307ee2975b58" executionId="b1d89d9e-6a6a-46df-9103-7ecf63e2bd2e" testListId="8c84fa94-04c1-424b-9868-57a2d4851a1d" />
    <TestEntry testId="8014a743-d0e0-a94b-6695-8195b596b639" executionId="ef6f63b3-a1e7-43df-b8c5-e0e85aa770a4" testListId="8c84fa94-04c1-424b-9868-57a2d4851a1d" />
    <TestEntry testId="38d3adce-f08d-8ad7-ec9e-2bded96b3bec" executionId="fb666fc1-59e6-4d77-b521-8cacd5ee8137" testListId="8c84fa94-04c1-424b-9868-57a2d4851a1d" />
    <TestEntry testId="0b73bda6-e64e-af5d-bb00-2f6fee0375c6" executionId="15101aff-cf34-4bda-871b-026644f9b8df" testListId="8c84fa94-04c1-424b-9868-57a2d4851a1d" />
    <TestEntry testId="49e6f4bf-eddc-46d7-9159-124249aa29fb" executionId="c68cb0dc-1fbb-40ef-b1df-4dcfb48a69e7" testListId="8c84fa94-04c1-424b-9868-57a2d4851a1d" />
    <TestEntry testId="85194ad9-a4f9-9ec1-a440-f11eeac70c2d" executionId="5684e660-ebc5-44ae-8a4f-80b640e1bb8f" testListId="8c84fa94-04c1-424b-9868-57a2d4851a1d" />
    <TestEntry testId="5faa153a-5c85-e022-a01f-0f81d9428cf0" executionId="d92f5263-ac3d-454c-8a63-60be5c1c31f2" testListId="8c84fa94-04c1-424b-9868-57a2d4851a1d" />
    <TestEntry testId="712e75c1-4f44-d03d-3bd6-74588a0ec907" executionId="2c1236de-f20c-4075-97d6-b170031d7feb" testListId="8c84fa94-04c1-424b-9868-57a2d4851a1d" />
    <TestEntry testId="f4d287aa-3470-6747-e5b8-8b09d16e3d1e" executionId="c94d9e46-d4f3-4f24-aef0-cef1ca26ec52" testListId="8c84fa94-04c1-424b-9868-57a2d4851a1d" />
    <TestEntry testId="b1ff01ca-dd50-79c1-1fba-bdf521308631" executionId="0b8f1b65-6b0e-4e09-bf89-1dbc1e2e9b6a" testListId="8c84fa94-04c1-424b-9868-57a2d4851a1d" />
    <TestEntry testId="f5e5df1f-3714-b981-7805-2dacbb6a4e49" executionId="8548091d-0ae8-499c-9b12-633b1fdf8429" testListId="8c84fa94-04c1-424b-9868-57a2d4851a1d" />
    <TestEntry testId="21889978-3419-fd82-a584-f4195baf544b" executionId="739c3f7f-36fa-4907-9b8c-1933929869f6" testListId="8c84fa94-04c1-424b-9868-57a2d4851a1d" />
    <TestEntry testId="9ff1b0c0-9467-5a74-d038-39671ca6eb6d" executionId="0b6a446c-0112-41f7-8f41-ea458bd0160a" testListId="8c84fa94-04c1-424b-9868-57a2d4851a1d" />
    <TestEntry testId="fe561de2-37ce-e7c4-3f17-a606bcddcf56" executionId="dce78b1e-ff71-45a6-921c-4883963a84d1" testListId="8c84fa94-04c1-424b-9868-57a2d4851a1d" />
    <TestEntry testId="371423d9-378e-3e9e-ae84-d2f1dc4fd399" executionId="fd30420a-d357-4caf-b8bf-00d8715052ac" testListId="8c84fa94-04c1-424b-9868-57a2d4851a1d" />
    <TestEntry testId="df6dc8d8-0503-30fc-53ce-21e3af9e68b9" executionId="3dbf00c3-571d-4225-9de7-61c8381665b2" testListId="8c84fa94-04c1-424b-9868-57a2d4851a1d" />
    <TestEntry testId="189d631a-f57b-d321-a594-eaa138350283" executionId="4020a226-d3e9-4c58-a20a-a8d076b0cc9e" testListId="8c84fa94-04c1-424b-9868-57a2d4851a1d" />
    <TestEntry testId="3ebaf196-971e-5e86-e7d7-5b6a237895a3" executionId="c6c50294-5001-448f-bdc8-9cccfcab1d6c" testListId="8c84fa94-04c1-424b-9868-57a2d4851a1d" />
    <TestEntry testId="71255277-a179-6996-5fa5-0ce822a9b649" executionId="a816ec22-1350-4943-ac96-57eefbff48d3" testListId="8c84fa94-04c1-424b-9868-57a2d4851a1d" />
    <TestEntry testId="17c4050b-65da-be31-39cb-a1d573f09cae" executionId="8b39face-da04-4bc3-8fbf-b717d787f3f2" testListId="8c84fa94-04c1-424b-9868-57a2d4851a1d" />
    <TestEntry testId="5c1f4304-575c-f17a-5da4-a2438aa453fb" executionId="1f36d8ce-4471-43b4-954a-5bd8c9f25f93" testListId="8c84fa94-04c1-424b-9868-57a2d4851a1d" />
    <TestEntry testId="9b2f698b-cedb-6de3-f50d-f1382d9df2f8" executionId="4d6ba93e-3fb9-4bce-8b66-7eb3f636057f" testListId="8c84fa94-04c1-424b-9868-57a2d4851a1d" />
  </TestEntries>
  <TestLists>
    <TestList name="Results Not in a List" id="8c84fa94-04c1-424b-9868-57a2d4851a1d" />
    <TestList name="All Loaded Results" id="19431567-8539-422a-85d7-44ee4e166bda" />
  </TestLists>
  <ResultSummary outcome="Completed">
    <Counters total="66" executed="66" passed="66" failed="0" error="0" timeout="0" aborted="0" inconclusive="0" passedButRunAborted="0" notRunnable="0" notExecuted="0" disconnected="0" warning="0" completed="0" inProgress="0" pending="0" />
    <Output>
      <StdOut>NUnit Adapter 4.6.0.0: Test execution started
Running all tests in /workspace/Backend.Domain.Tests.Unit/bin/Release/net8.0/UCR.ECCI.PI.ThemePark.Backend.Domain.Tests.Unit.dll
   NUnit3TestExecutor discovered 66 of 66 NUnit test cases using Current Discovery mode, Non-Explicit run
NUnit Adapter 4.6.0.0: Test execution complete
</StdOut>
    </Output>
    <CollectorDataEntries>
      <Collector agentName="0f89ad315409" uri="datacollector://microsoft/CoverletCodeCoverage/1.0" collectorDisplayName="XPlat code coverage">
        <UriAttachments>
          <UriAttachment>
            <A href="0f89ad315409/coverage.cobertura.xml"></A>
          </UriAttachment>
        </UriAttachments>
      </Collector>
    </CollectorDataEntries>
  </ResultSummary>
</TestRun>